******************************************************************************
                  TI ARM Linker PC v20.2.7                     
******************************************************************************
>> Linked Fri Apr  4 14:25:05 2025

OUTPUT FILE NAME:   <Lab8.out>
ENTRY POINT SYMBOL: "_c_int00_noargs"  address: 000078a1


MEMORY CONFIGURATION

         name            origin    length      used     unused   attr    fill
----------------------  --------  ---------  --------  --------  ----  --------
  FLASH                 00000000   00040000  00007dd7  00038229  R  X
  SRAM                  20000000   00008000  00002cb2  0000534e  RW X


SEGMENT ALLOCATION MAP

run origin  load origin   length   init length attrs members
----------  ----------- ---------- ----------- ----- -------
00000000    00000000    00007de0   00007de0    r-x
  00000000    00000000    0000026c   0000026c    r-- .intvecs
  0000026c    0000026c    00007868   00007868    r-x .text
  00007ad8    00007ad8    000002ab   000002ab    r-- .const
  00007d88    00007d88    00000058   00000058    r-- .cinit
20000000    20000000    00002cb9   00000000    rw-
  20000000    20000000    0000026c   00000000    rw- .vtable
  20000270    20000270    00001000   00000000    rw- .stack
  20001270    20001270    00001000   00000000    rw- .sysmem
  20002270    20002270    00000a01   00000000    rw- .bss
  20002c74    20002c74    00000045   00000000    rw- .data


SECTION ALLOCATION MAP

 output                                  attributes/
section   page    origin      length       input sections
--------  ----  ----------  ----------   ----------------
.intvecs   0    00000000    0000026c     
                  00000000    0000026c     tm4c123gh6pm_startup_ccs.obj (.intvecs)

.text      0    0000026c    00007868     
                  0000026c    000011ec     lab7.obj (.text)
                  00001458    00000ca2     movement.obj (.text)
                  000020fa    00000002     rtsv7M4_T_le_v4SPD16_eabi.lib : _lock.c.obj (.text:_nop)
                  000020fc    00000c20     open_interface.obj (.text)
                  00002d1c    00000a4e     rtsv7M4_T_le_v4SPD16_eabi.lib : _printfi.c.obj (.text:__TI_printfi)
                  0000376a    00000002                                   : div0.asm.obj (.text)
                  0000376c    000009d0                                   : e_pow.c.obj (.text:pow)
                  0000413c    00000738                                   : k_rem_pio2.c.obj (.text:__kernel_rem_pio2)
                  00004874    000005e0                                   : s_sin.c.obj (.text:sin)
                  00004e54    00000328     lcd.obj (.text)
                  0000517c    00000270     rtsv7M4_T_le_v4SPD16_eabi.lib : _printfi.c.obj (.text:_pconv_a)
                  000053ec    00000260     libcybotScan.lib : cyBot_Scan.obj (.text)
                  0000564c    00000248     Timer.obj (.text)
                  00005894    000001ec     libcybotScan.lib : ping.obj (.text)
                  00005a80    000001d0     rtsv7M4_T_le_v4SPD16_eabi.lib : _printfi.c.obj (.text:_pconv_g)
                  00005c50    000001b8     uart.obj (.text)
                  00005e08    000001b6     rtsv7M4_T_le_v4SPD16_eabi.lib : fd_add_t2.asm.obj (.text)
                  00005fbe    00000002     --HOLE-- [fill = 0]
                  00005fc0    00000174                                   : k_sin.c.obj (.text:__kernel_sin)
                  00006134    00000170                                   : k_cos.c.obj (.text:__kernel_cos)
                  000062a4    00000158     libcybotScan.lib : servo.obj (.text)
                  000063fc    00000158     rtsv7M4_T_le_v4SPD16_eabi.lib : e_sqrt.c.obj (.text:sqrt)
                  00006554    0000013c                                   : _printfi.c.obj (.text:_pconv_e)
                  00006690    00000136                                   : fd_div_t2.asm.obj (.text)
                  000067c6    00000002     --HOLE-- [fill = 0]
                  000067c8    00000124                                   : _printfi.c.obj (.text:fcvt)
                  000068ec    00000118     libcybotScan.lib : ir.obj (.text)
                  00006a04    00000110     rtsv7M4_T_le_v4SPD16_eabi.lib : s_scalbn.c.obj (.text:scalbn)
                  00006b14    00000100                                   : memory.c.obj (.text:aligned_alloc)
                  00006c14    000000fc                                   : fd_mul_t2.asm.obj (.text)
                  00006d10    000000f8     adc.obj (.text)
                  00006e08    000000f8     rtsv7M4_T_le_v4SPD16_eabi.lib : s_floor.c.obj (.text:floor)
                  00006f00    000000e4                                   : memory.c.obj (.text:free)
                  00006fe4    000000b1                                   : _printfi.c.obj (.text:_ltostr)
                  00007095    00000001     --HOLE-- [fill = 0]
                  00007096    0000009c                                   : memcpy_t2.asm.obj (.text)
                  00007132    00000096                                   : ull_div_t2.asm.obj (.text)
                  000071c8    00000086                                   : fd_cmp_t2.asm.obj (.text:__aeabi_cdcmple)
                  0000724e    00000086                                   : fd_cmp_t2.asm.obj (.text:__aeabi_cdrcmple)
                  000072d4    0000007a                                   : memset_t2.asm.obj (.text)
                  0000734e    00000002     --HOLE-- [fill = 0]
                  00007350    00000070                                   : memory.c.obj (.text:split)
                  000073c0    0000006e                                   : _printfi.c.obj (.text:_mcpy)
                  0000742e    0000006e                                   : fd_tos_t2.asm.obj (.text)
                  0000749c    00000068                                   : copy_decompress_lzss.c.obj (.text:decompress:lzss:__TI_decompress_lzss)
                  00007504    00000064                                   : s_frexp.c.obj (.text:frexp)
                  00007568    00000056                                   : _printfi.c.obj (.text:_pconv_f)
                  000075be    00000054                                   : _ltoa.c.obj (.text:__TI_ltoa)
                  00007612    00000052                                   : _printfi.c.obj (.text:_ecpy)
                  00007664    0000004c                                   : atoi.c.obj (.text:atoi)
                  000076b0    00000048                                   : fd_toi_t2.asm.obj (.text)
                  000076f8    00000044                                   : autoinit.c.obj (.text:__TI_auto_init_nobinit_nopinit:__TI_auto_init_nobinit_nopinit)
                  0000773c    00000040                                   : sprintf.c.obj (.text:sprintf)
                  0000777c    00000040                                   : vsnprintf.c.obj (.text:vsnprintf)
                  000077bc    0000003e                                   : _printfi.c.obj (.text:_fcpy)
                  000077fa    00000002     --HOLE-- [fill = 0]
                  000077fc    00000038                                   : memory.c.obj (.text:calloc)
                  00007834    00000038                                   : fs_tod_t2.asm.obj (.text)
                  0000786c    00000034     driverlib.lib : interrupt.obj (.text:IntRegister)
                  000078a0    00000034     rtsv7M4_T_le_v4SPD16_eabi.lib : boot_cortex_m.c.obj (.text:_c_int00_noargs:_c_int00_noargs)
                  000078d4    00000030                                   : vsnprintf.c.obj (.text:_outs)
                  00007904    0000002e                                   : i_tofd_t2.asm.obj (.text)
                  00007932    00000002     --HOLE-- [fill = 0]
                  00007934    00000028                                   : memory.c.obj (.text:free_list_insert)
                  0000795c    0000001c                                   : memory.c.obj (.text:free_list_remove)
                  00007978    0000001c                                   : memccpy.c.obj (.text:memccpy)
                  00007994    0000001a                                   : s_copysign.c.obj (.text:copysign)
                  000079ae    00000018                                   : vsnprintf.c.obj (.text:_outc)
                  000079c6    00000018                                   : sprintf.c.obj (.text:_outs)
                  000079de    00000018     open_interface.obj (.text:oi_parseInt)
                  000079f6    00000018     rtsv7M4_T_le_v4SPD16_eabi.lib : strcmp.c.obj (.text:strcmp)
                  00007a0e    00000016                                   : strchr.c.obj (.text:strchr)
                  00007a24    00000014                                   : strcpy.c.obj (.text:strcpy)
                  00007a38    00000014                                   : strlen.c.obj (.text:strlen)
                  00007a4c    00000012                                   : wcslen.c.obj (.text:wcslen)
                  00007a5e    00000010     driverlib.lib : interrupt.obj (.text:IntMasterEnable)
                  00007a6e    00000010     lcd.obj (.text:lcd_clear)
                  00007a7e    0000000e     rtsv7M4_T_le_v4SPD16_eabi.lib : copy_decompress_none.c.obj (.text:decompress:none:__TI_decompress_none)
                  00007a8c    0000000c     driverlib.lib : cpu.obj (.text:CPUcpsie)
                  00007a98    0000000c     rtsv7M4_T_le_v4SPD16_eabi.lib : copy_zero_init.c.obj (.text:decompress:ZI:__TI_zero_init)
                  00007aa4    0000000c     tm4c123gh6pm_startup_ccs.obj (.text)
                  00007ab0    0000000a     rtsv7M4_T_le_v4SPD16_eabi.lib : sprintf.c.obj (.text:_outc)
                  00007aba    00000002     --HOLE-- [fill = 0]
                  00007abc    00000008                                   : errno.c.obj (.text:__aeabi_errno_addr)
                  00007ac4    00000008                                   : memory.c.obj (.text:malloc)
                  00007acc    00000004                                   : pre_init.c.obj (.text:_system_pre_init)
                  00007ad0    00000004                                   : exit.c.obj (.text:abort:abort)

.const     0    00007ad8    000002ab     
                  00007ad8    00000158     rtsv7M4_T_le_v4SPD16_eabi.lib : k_rem_pio2.c.obj (.const:$O1$$)
                  00007c30    00000101                                   : ctype.c.obj (.const:.string:_ctypes_)
                  00007d31    00000004     lcd.obj (.const:.string:lineAddress$1)
                  00007d35    00000003     --HOLE-- [fill = 0]
                  00007d38    00000030     rtsv7M4_T_le_v4SPD16_eabi.lib : e_pow.c.obj (.const:$O1$$)
                  00007d68    0000000f     open_interface.obj (.const:.string:$P$T0$3)
                  00007d77    00000008     lab7.obj (.const:.string:$P$T0$1)
                  00007d7f    00000004     lcd.obj (.const:.string:lineAddresses$2)

.cinit     0    00007d88    00000058     
                  00007d88    0000001f     (.cinit..data.load) [load image, compression = lzss]
                  00007da7    00000001     --HOLE-- [fill = 0]
                  00007da8    0000000c     (__TI_handler_table)
                  00007db4    00000004     --HOLE-- [fill = 0]
                  00007db8    00000008     (.cinit..bss.load) [load image, compression = zero_init]
                  00007dc0    00000008     (.cinit..vtable.load) [load image, compression = zero_init]
                  00007dc8    00000018     (__TI_cinit_table)

.init_array 
*          0    00000000    00000000     UNINITIALIZED

.vtable    0    20000000    0000026c     UNINITIALIZED
                  20000000    0000026c     driverlib.lib : interrupt.obj (.vtable)

.stack     0    20000270    00001000     UNINITIALIZED
                  20000270    00000004     rtsv7M4_T_le_v4SPD16_eabi.lib : boot_cortex_m.c.obj (.stack)
                  20000274    00000ffc     --HOLE--

.sysmem    0    20001270    00001000     UNINITIALIZED
                  20001270    00000010     rtsv7M4_T_le_v4SPD16_eabi.lib : memory.c.obj (.sysmem)
                  20001280    00000ff0     --HOLE--

.bss       0    20002270    00000a01     UNINITIALIZED
                  20002270    0000016c     (.common:angles)
                  200023dc    0000016c     (.common:ir_diff)
                  20002548    0000016c     (.common:ir_filtered)
                  200026b4    0000016c     (.common:ir_values)
                  20002820    0000016c     (.common:ping_filtered)
                  2000298c    0000016c     (.common:ping_values)
                  20002af8    000000f0     (.common:objects)
                  20002be8    00000054     lcd.obj (.bss:lastbuffer$3)
                  20002c3c    00000018     open_interface.obj (.bss:firmware$2)
                  20002c54    00000004     (.common:_timeout_ticks)
                  20002c58    00000004     (.common:fallingEdge)
                  20002c5c    00000004     (.common:isr_int_value)
                  20002c60    00000004     (.common:left_calibration_value)
                  20002c64    00000004     (.common:pulseLength)
                  20002c68    00000004     (.common:right_calibration_value)
                  20002c6c    00000004     (.common:risingEdge)
                  20002c70    00000001     (.common:isRisingEdge)

.data      0    20002c74    00000045     UNINITIALIZED
                  20002c74    00000020     open_interface.obj (.data)
                  20002c94    00000008     rtsv7M4_T_le_v4SPD16_eabi.lib : _lock.c.obj (.data:$O1$$)
                  20002c9c    00000008                                   : memory.c.obj (.data:$O1$$)
                  20002ca4    00000008     uart.obj (.data)
                  20002cac    00000004     lab7.obj (.data)
                  20002cb0    00000004     libcybotScan.lib : cyBot_Scan.obj (.data)
                  20002cb4    00000004     rtsv7M4_T_le_v4SPD16_eabi.lib : errno.c.obj (.data)
                  20002cb8    00000001     Timer.obj (.data)

__llvm_prf_cnts 
*          0    20000000    00000000     UNINITIALIZED

MODULE SUMMARY

       Module                         code    ro data   rw data
       ------                         ----    -------   -------
    .\
       lab7.obj                       4588    8         2436   
       movement.obj                   3234    0         0      
       open_interface.obj             3128    15        56     
       lcd.obj                        824     8         84     
       tm4c123gh6pm_startup_ccs.obj   12      620       0      
       Timer.obj                      584     0         5      
       uart.obj                       440     0         8      
       adc.obj                        248     0         0      
    +--+------------------------------+-------+---------+---------+
       Total:                         13058   651       2589   
                                                               
    ../libcybotScan.lib
       cyBot_Scan.obj                 608     0         4      
       ping.obj                       492     0         13     
       servo.obj                      344     0         0      
       ir.obj                         280     0         4      
    +--+------------------------------+-------+---------+---------+
       Total:                         1724    0         21     
                                                               
    C:/ti/TivaWare_C_Series-2.2.0.295/driverlib/ccs/Debug/driverlib.lib
       interrupt.obj                  68      0         620    
       cpu.obj                        12      0         0      
    +--+------------------------------+-------+---------+---------+
       Total:                         80      0         620    
                                                               
    C:\ti\ccs1271\ccs\tools\compiler\ti-cgt-arm_20.2.7.LTS\lib\rtsv7M4_T_le_v4SPD16_eabi.lib
       _printfi.c.obj                 4851    0         0      
       e_pow.c.obj                    2512    48        0      
       k_rem_pio2.c.obj               1848    344       0      
       s_sin.c.obj                    1504    0         0      
       memory.c.obj                   728     0         8      
       fd_add_t2.asm.obj              438     0         0      
       k_sin.c.obj                    372     0         0      
       k_cos.c.obj                    368     0         0      
       e_sqrt.c.obj                   344     0         0      
       fd_div_t2.asm.obj              310     0         0      
       s_scalbn.c.obj                 272     0         0      
       fd_cmp_t2.asm.obj              268     0         0      
       ctype.c.obj                    0       257       0      
       fd_mul_t2.asm.obj              252     0         0      
       s_floor.c.obj                  248     0         0      
       memcpy_t2.asm.obj              156     0         0      
       ull_div_t2.asm.obj             150     0         0      
       vsnprintf.c.obj                136     0         0      
       memset_t2.asm.obj              122     0         0      
       fd_tos_t2.asm.obj              110     0         0      
       copy_decompress_lzss.c.obj     104     0         0      
       s_frexp.c.obj                  100     0         0      
       sprintf.c.obj                  98      0         0      
       _ltoa.c.obj                    84      0         0      
       atoi.c.obj                     76      0         0      
       fd_toi_t2.asm.obj              72      0         0      
       autoinit.c.obj                 68      0         0      
       fs_tod_t2.asm.obj              56      0         0      
       boot_cortex_m.c.obj            52      0         0      
       i_tofd_t2.asm.obj              46      0         0      
       memccpy.c.obj                  28      0         0      
       s_copysign.c.obj               26      0         0      
       strcmp.c.obj                   24      0         0      
       strchr.c.obj                   22      0         0      
       strcpy.c.obj                   20      0         0      
       strlen.c.obj                   20      0         0      
       wcslen.c.obj                   18      0         0      
       copy_decompress_none.c.obj     14      0         0      
       copy_zero_init.c.obj           12      0         0      
       errno.c.obj                    8       0         4      
       _lock.c.obj                    2       0         8      
       exit.c.obj                     4       0         0      
       pre_init.c.obj                 4       0         0      
       div0.asm.obj                   2       0         0      
    +--+------------------------------+-------+---------+---------+
       Total:                         15949   649       20     
                                                               
       Heap:                          0       0         4096   
       Stack:                         0       0         4096   
       Linker Generated:              0       83        0      
    +--+------------------------------+-------+---------+---------+
       Grand Total:                   30811   1383      11442  


LINKER GENERATED COPY TABLES

__TI_cinit_table @ 00007dc8 records: 3, size/record: 8, table size: 24
	.data: load addr=00007d88, load size=0000001f bytes, run addr=20002c74, run size=00000045 bytes, compression=lzss
	.bss: load addr=00007db8, load size=00000008 bytes, run addr=20002270, run size=00000a01 bytes, compression=zero_init
	.vtable: load addr=00007dc0, load size=00000008 bytes, run addr=20000000, run size=0000026c bytes, compression=zero_init


LINKER GENERATED HANDLER TABLE

__TI_handler_table @ 00007da8 records: 3, size/record: 4, table size: 12
	index: 0, handler: __TI_zero_init
	index: 1, handler: __TI_decompress_lzss
	index: 2, handler: __TI_decompress_none


GLOBAL SYMBOLS: SORTED ALPHABETICALLY BY Name 

address   name                          
-------   ----                          
00006985  ADC0SS0_Handler               
00007ad1  C$$EXIT                       
00007a8d  CPUcpsie                      
00002a53  GPIOF_Handler                 
00007a5f  IntMasterEnable               
0000786d  IntRegister                   
00007aa5  ResetISR                      
00005985  TIMER3B_Handler               
00005d65  UART1_Handler                 
20001270  __STACK_END                   
00001000  __STACK_SIZE                  
20000470  __STACK_TOP                   
00001000  __SYSMEM_SIZE                 
00007dc8  __TI_CINIT_Base               
00007de0  __TI_CINIT_Limit              
00007da8  __TI_Handler_Table_Base       
00007db4  __TI_Handler_Table_Limit      
000076f9  __TI_auto_init_nobinit_nopinit
0000749d  __TI_decompress_lzss          
00007a7f  __TI_decompress_none          
000075bf  __TI_ltoa                     
ffffffff  __TI_pprof_out_hndl           
00002d1d  __TI_printfi                  
ffffffff  __TI_prof_data_size           
ffffffff  __TI_prof_data_start          
00000000  __TI_static_base__            
00007a99  __TI_zero_init                
000071c9  __aeabi_cdcmpeq               
000071c9  __aeabi_cdcmple               
0000724f  __aeabi_cdrcmple              
0000742f  __aeabi_d2f                   
000076b1  __aeabi_d2iz                  
00005e13  __aeabi_dadd                  
00006691  __aeabi_ddiv                  
00006c15  __aeabi_dmul                  
00005e09  __aeabi_dsub                  
00007abd  __aeabi_errno_addr            
00007835  __aeabi_f2d                   
00007905  __aeabi_i2d                   
0000376b  __aeabi_idiv0                 
0000376b  __aeabi_ldiv0                 
000072d5  __aeabi_memclr                
000072d5  __aeabi_memclr4               
000072d5  __aeabi_memclr8               
00007097  __aeabi_memcpy                
00007097  __aeabi_memcpy4               
00007097  __aeabi_memcpy8               
000072d7  __aeabi_memset                
000072d7  __aeabi_memset4               
000072d7  __aeabi_memset8               
00007133  __aeabi_uldivmod              
ffffffff  __binit__                     
ffffffff  __c_args__                    
00006135  __kernel_cos                  
0000413d  __kernel_rem_pio2             
00005fc1  __kernel_sin                  
UNDEFED   __mpu_init                    
20000270  __stack                       
20000000  __start___llvm_prf_cnts       
20000000  __stop___llvm_prf_cnts        
000078a1  _c_int00_noargs               
00007c30  _ctypes_                      
20002c94  _lock                         
000020fb  _nop                          
20002cb8  _running                      
20001270  _sys_memory                   
UNDEFED   _system_post_cinit            
00007acd  _system_pre_init              
20002c54  _timeout_ticks                
20002c98  _unlock                       
00007ad1  abort                         
00006d11  adc_init                      
00006da1  adc_read                      
00006b15  aligned_alloc                 
20002270  angles                        
00007665  atoi                          
ffffffff  binit                         
00001345  calculate_distance            
0000126f  calculate_linear_width        
000077fd  calloc                        
000012e9  clear_terminal                
20002ca4  command_byte                  
20002ca8  command_flag                  
00000ac9  compute_ir_diff               
00007995  copysign                      
00007995  copysignl                     
000054c5  cyBOT_SERVO_cal               
00005453  cyBOT_Scan                    
000053fb  cyBOT_init_Scan               
20002cb0  cyBOT_scan_features           
000053ed  cyBOT_scan_version            
00000be5  detect_objects                
20002cb4  errno                         
20002c58  fallingEdge                   
0000186d  faster_move_forward           
00001981  faster_turn_left              
000018f1  faster_turn_right             
00000911  filter_sensor_data            
00006e09  floor                         
00006e09  floorl                        
00006f01  free                          
00007505  frexp                         
00007505  frexpl                        
20000000  g_pfnRAMVectors               
00000000  g_pfnVectors                  
000006c1  get_angle_array               
000012ff  get_ir_distance               
0000280f  go_charge                     
00001a21  go_to_position                
200023dc  ir_diff                       
0000699b  ir_enableInterrupt            
20002548  ir_filtered                   
0000697d  ir_getDistance                
00006955  ir_getValue                   
000068ed  ir_init                       
200026b4  ir_values                     
20002c70  isRisingEdge                  
20002c5c  isr_int_value                 
00007a6f  lcd_clear                     
00005029  lcd_gotoLine                  
00004e91  lcd_init                      
0000508f  lcd_printf                    
00004f51  lcd_putc                      
00004f89  lcd_puts                      
00004e55  lcd_reverseNibble             
00004fa7  lcd_sendCommand               
00004fe5  lcd_sendNibble                
00005051  lcd_setCursorPos              
00006a05  ldexp                         
00006a05  ldexpl                        
20002c60  left_calibration_value        
0000026d  main                          
00007ac5  malloc                        
000009d5  median_of_3_float             
00000a75  median_of_3_int               
00006b15  memalign                      
00007979  memccpy                       
00007097  memcpy                        
000072dd  memset                        
20002c74  motor_cal_factor_L            
20002c78  motor_cal_factor_R            
000014d5  move_backward                 
00001459  move_forward                  
000016d9  move_forward_smart            
00001659  move_square                   
0000040d  navigate_to_smallest_object   
20002cac  objectCount                   
20002af8  objects                       
000020fd  oi_alloc                      
00002939  oi_checkFirmware              
00002157  oi_close                      
00002109  oi_free                       
00002c7d  oi_getMotorCalibrationLeft    
00002c91  oi_getMotorCalibrationRight   
00002141  oi_init                       
00002119  oi_init_noupdate              
000027a5  oi_loadSong                   
000079df  oi_parseInt                   
000021bb  oi_parsePacket                
000027fb  oi_play_song                  
000026db  oi_setLeds                    
00002c41  oi_setMotorCalibration        
0000271f  oi_setWheels                  
000029e1  oi_shutoff_init               
0000281d  oi_uartInit                   
000028c1  oi_uartReceive                
00002907  oi_uartSendBuff               
000028a5  oi_uartSendChar               
000028e9  oi_uartSendStr                
00002169  oi_update                     
20002820  ping_filtered                 
000059d7  ping_getDistance              
00005895  ping_init                     
0000591b  ping_trigger                  
2000298c  ping_values                   
0000376d  pow                           
0000376d  powl                          
20002c64  pulseLength                   
20002c68  right_calibration_value       
20002c6c  risingEdge                    
00006a05  scalbn                        
00006a05  scalbnl                       
0000082f  scan_all_angles               
000012dd  send_uart_string              
000062a5  servo_init                    
00006335  servo_move                    
00006395  servo_setPWM                  
00006329  servo_stop                    
00004875  sin                           
00004875  sinl                          
0000773d  sprintf                       
000063fd  sqrt                          
000063fd  sqrtl                         
00007a0f  strchr                        
000079f7  strcmp                        
00007a25  strcpy                        
00007a39  strlen                        
0000576b  timer_getMicros               
00005713  timer_getMillis               
0000564d  timer_init                    
000056ef  timer_pause                   
00005701  timer_resume                  
000056c5  timer_stop                    
000057c5  timer_waitMicros              
000057f7  timer_waitMillis              
000015db  turn_left                     
00001555  turn_right                    
00005c51  uart_interrupt_init           
00005d0f  uart_receive                  
00005d23  uart_sendChar                 
00005d3f  uart_sendStr                  
0000777d  vsnprintf                     
00007a4d  wcslen                        


GLOBAL SYMBOLS: SORTED BY Symbol Address 

address   name                          
-------   ----                          
00000000  __TI_static_base__            
00000000  g_pfnVectors                  
0000026d  main                          
0000040d  navigate_to_smallest_object   
000006c1  get_angle_array               
0000082f  scan_all_angles               
00000911  filter_sensor_data            
000009d5  median_of_3_float             
00000a75  median_of_3_int               
00000ac9  compute_ir_diff               
00000be5  detect_objects                
00001000  __STACK_SIZE                  
00001000  __SYSMEM_SIZE                 
0000126f  calculate_linear_width        
000012dd  send_uart_string              
000012e9  clear_terminal                
000012ff  get_ir_distance               
00001345  calculate_distance            
00001459  move_forward                  
000014d5  move_backward                 
00001555  turn_right                    
000015db  turn_left                     
00001659  move_square                   
000016d9  move_forward_smart            
0000186d  faster_move_forward           
000018f1  faster_turn_right             
00001981  faster_turn_left              
00001a21  go_to_position                
000020fb  _nop                          
000020fd  oi_alloc                      
00002109  oi_free                       
00002119  oi_init_noupdate              
00002141  oi_init                       
00002157  oi_close                      
00002169  oi_update                     
000021bb  oi_parsePacket                
000026db  oi_setLeds                    
0000271f  oi_setWheels                  
000027a5  oi_loadSong                   
000027fb  oi_play_song                  
0000280f  go_charge                     
0000281d  oi_uartInit                   
000028a5  oi_uartSendChar               
000028c1  oi_uartReceive                
000028e9  oi_uartSendStr                
00002907  oi_uartSendBuff               
00002939  oi_checkFirmware              
000029e1  oi_shutoff_init               
00002a53  GPIOF_Handler                 
00002c41  oi_setMotorCalibration        
00002c7d  oi_getMotorCalibrationLeft    
00002c91  oi_getMotorCalibrationRight   
00002d1d  __TI_printfi                  
0000376b  __aeabi_idiv0                 
0000376b  __aeabi_ldiv0                 
0000376d  pow                           
0000376d  powl                          
0000413d  __kernel_rem_pio2             
00004875  sin                           
00004875  sinl                          
00004e55  lcd_reverseNibble             
00004e91  lcd_init                      
00004f51  lcd_putc                      
00004f89  lcd_puts                      
00004fa7  lcd_sendCommand               
00004fe5  lcd_sendNibble                
00005029  lcd_gotoLine                  
00005051  lcd_setCursorPos              
0000508f  lcd_printf                    
000053ed  cyBOT_scan_version            
000053fb  cyBOT_init_Scan               
00005453  cyBOT_Scan                    
000054c5  cyBOT_SERVO_cal               
0000564d  timer_init                    
000056c5  timer_stop                    
000056ef  timer_pause                   
00005701  timer_resume                  
00005713  timer_getMillis               
0000576b  timer_getMicros               
000057c5  timer_waitMicros              
000057f7  timer_waitMillis              
00005895  ping_init                     
0000591b  ping_trigger                  
00005985  TIMER3B_Handler               
000059d7  ping_getDistance              
00005c51  uart_interrupt_init           
00005d0f  uart_receive                  
00005d23  uart_sendChar                 
00005d3f  uart_sendStr                  
00005d65  UART1_Handler                 
00005e09  __aeabi_dsub                  
00005e13  __aeabi_dadd                  
00005fc1  __kernel_sin                  
00006135  __kernel_cos                  
000062a5  servo_init                    
00006329  servo_stop                    
00006335  servo_move                    
00006395  servo_setPWM                  
000063fd  sqrt                          
000063fd  sqrtl                         
00006691  __aeabi_ddiv                  
000068ed  ir_init                       
00006955  ir_getValue                   
0000697d  ir_getDistance                
00006985  ADC0SS0_Handler               
0000699b  ir_enableInterrupt            
00006a05  ldexp                         
00006a05  ldexpl                        
00006a05  scalbn                        
00006a05  scalbnl                       
00006b15  aligned_alloc                 
00006b15  memalign                      
00006c15  __aeabi_dmul                  
00006d11  adc_init                      
00006da1  adc_read                      
00006e09  floor                         
00006e09  floorl                        
00006f01  free                          
00007097  __aeabi_memcpy                
00007097  __aeabi_memcpy4               
00007097  __aeabi_memcpy8               
00007097  memcpy                        
00007133  __aeabi_uldivmod              
000071c9  __aeabi_cdcmpeq               
000071c9  __aeabi_cdcmple               
0000724f  __aeabi_cdrcmple              
000072d5  __aeabi_memclr                
000072d5  __aeabi_memclr4               
000072d5  __aeabi_memclr8               
000072d7  __aeabi_memset                
000072d7  __aeabi_memset4               
000072d7  __aeabi_memset8               
000072dd  memset                        
0000742f  __aeabi_d2f                   
0000749d  __TI_decompress_lzss          
00007505  frexp                         
00007505  frexpl                        
000075bf  __TI_ltoa                     
00007665  atoi                          
000076b1  __aeabi_d2iz                  
000076f9  __TI_auto_init_nobinit_nopinit
0000773d  sprintf                       
0000777d  vsnprintf                     
000077fd  calloc                        
00007835  __aeabi_f2d                   
0000786d  IntRegister                   
000078a1  _c_int00_noargs               
00007905  __aeabi_i2d                   
00007979  memccpy                       
00007995  copysign                      
00007995  copysignl                     
000079df  oi_parseInt                   
000079f7  strcmp                        
00007a0f  strchr                        
00007a25  strcpy                        
00007a39  strlen                        
00007a4d  wcslen                        
00007a5f  IntMasterEnable               
00007a6f  lcd_clear                     
00007a7f  __TI_decompress_none          
00007a8d  CPUcpsie                      
00007a99  __TI_zero_init                
00007aa5  ResetISR                      
00007abd  __aeabi_errno_addr            
00007ac5  malloc                        
00007acd  _system_pre_init              
00007ad1  C$$EXIT                       
00007ad1  abort                         
00007c30  _ctypes_                      
00007da8  __TI_Handler_Table_Base       
00007db4  __TI_Handler_Table_Limit      
00007dc8  __TI_CINIT_Base               
00007de0  __TI_CINIT_Limit              
20000000  __start___llvm_prf_cnts       
20000000  __stop___llvm_prf_cnts        
20000000  g_pfnRAMVectors               
20000270  __stack                       
20000470  __STACK_TOP                   
20001270  __STACK_END                   
20001270  _sys_memory                   
20002270  angles                        
200023dc  ir_diff                       
20002548  ir_filtered                   
200026b4  ir_values                     
20002820  ping_filtered                 
2000298c  ping_values                   
20002af8  objects                       
20002c54  _timeout_ticks                
20002c58  fallingEdge                   
20002c5c  isr_int_value                 
20002c60  left_calibration_value        
20002c64  pulseLength                   
20002c68  right_calibration_value       
20002c6c  risingEdge                    
20002c70  isRisingEdge                  
20002c74  motor_cal_factor_L            
20002c78  motor_cal_factor_R            
20002c94  _lock                         
20002c98  _unlock                       
20002ca4  command_byte                  
20002ca8  command_flag                  
20002cac  objectCount                   
20002cb0  cyBOT_scan_features           
20002cb4  errno                         
20002cb8  _running                      
ffffffff  __TI_pprof_out_hndl           
ffffffff  __TI_prof_data_size           
ffffffff  __TI_prof_data_start          
ffffffff  __binit__                     
ffffffff  __c_args__                    
ffffffff  binit                         
UNDEFED   __mpu_init                    
UNDEFED   _system_post_cinit            

[213 symbols]
