******************************************************************************
                  TI ARM Linker PC v20.2.7                     
******************************************************************************
>> Linked Fri Apr 11 13:03:30 2025

OUTPUT FILE NAME:   <Lab9.out>
ENTRY POINT SYMBOL: "_c_int00_noargs"  address: 00003c69


MEMORY CONFIGURATION

         name            origin    length      used     unused   attr    fill
----------------------  --------  ---------  --------  --------  ----  --------
  FLASH                 00000000   00040000  00004018  0003bfe8  R  X
  SRAM                  20000000   00008000  00002331  00005ccf  RW X


SEGMENT ALLOCATION MAP

run origin  load origin   length   init length attrs members
----------  ----------- ---------- ----------- ----- -------
00000000    00000000    00004018   00004018    r-x
  00000000    00000000    0000026c   0000026c    r-- .intvecs
  0000026c    0000026c    00003c3c   00003c3c    r-x .text
  00003ea8    00003ea8    00000118   00000118    r-- .const
  00003fc0    00003fc0    00000058   00000058    r-- .cinit
20000000    20000000    00002335   00000000    rw-
  20000000    20000000    0000026c   00000000    rw- .vtable
  20000270    20000270    00001000   00000000    rw- .stack
  20001270    20001270    00001000   00000000    rw- .sysmem
  20002270    20002270    0000007c   00000000    rw- .bss
  200022ec    200022ec    00000049   00000000    rw- .data


SECTION ALLOCATION MAP

 output                                  attributes/
section   page    origin      length       input sections
--------  ----  ----------  ----------   ----------------
.intvecs   0    00000000    0000026c     
                  00000000    0000026c     tm4c123gh6pm_startup_ccs.obj (.intvecs)

.text      0    0000026c    00003c3c     
                  0000026c    00000c20     open_interface.obj (.text)
                  00000e8c    00000a4e     rtsv7M4_T_le_v4SPD16_eabi.lib : _printfi.c.obj (.text:__TI_printfi)
                  000018da    00000002                                   : _lock.c.obj (.text:_nop)
                  000018dc    00000328     lcd.obj (.text)
                  00001c04    0000029c     ping.obj (.text)
                  00001ea0    00000270     rtsv7M4_T_le_v4SPD16_eabi.lib : _printfi.c.obj (.text:_pconv_a)
                  00002110    00000260     libcybotScan.lib : cyBot_Scan.obj (.text)
                  00002370    00000248     Timer.obj (.text)
                  000025b8    000001d0     rtsv7M4_T_le_v4SPD16_eabi.lib : _printfi.c.obj (.text:_pconv_g)
                  00002788    000001b6                                   : fd_add_t2.asm.obj (.text)
                  0000293e    00000002                                   : div0.asm.obj (.text)
                  00002940    00000158     libcybotScan.lib : servo.obj (.text)
                  00002a98    0000013c     rtsv7M4_T_le_v4SPD16_eabi.lib : _printfi.c.obj (.text:_pconv_e)
                  00002bd4    00000136                                   : fd_div_t2.asm.obj (.text)
                  00002d0a    00000002     --HOLE-- [fill = 0]
                  00002d0c    00000124                                   : _printfi.c.obj (.text:fcvt)
                  00002e30    00000118     libcybotScan.lib : ir.obj (.text)
                  00002f48    00000110     rtsv7M4_T_le_v4SPD16_eabi.lib : s_scalbn.c.obj (.text:scalbn)
                  00003058    00000100                                   : memory.c.obj (.text:aligned_alloc)
                  00003158    000000fc                                   : fd_mul_t2.asm.obj (.text)
                  00003254    000000e4                                   : memory.c.obj (.text:free)
                  00003338    000000b4     lab9.obj (.text)
                  000033ec    000000b1     rtsv7M4_T_le_v4SPD16_eabi.lib : _printfi.c.obj (.text:_ltostr)
                  0000349d    00000001     --HOLE-- [fill = 0]
                  0000349e    0000009c                                   : memcpy_t2.asm.obj (.text)
                  0000353a    00000096                                   : ull_div_t2.asm.obj (.text)
                  000035d0    00000086                                   : fd_cmp_t2.asm.obj (.text:__aeabi_cdcmple)
                  00003656    00000086                                   : fd_cmp_t2.asm.obj (.text:__aeabi_cdrcmple)
                  000036dc    0000007a                                   : memset_t2.asm.obj (.text)
                  00003756    00000002     --HOLE-- [fill = 0]
                  00003758    00000070                                   : memory.c.obj (.text:split)
                  000037c8    0000006e                                   : _printfi.c.obj (.text:_mcpy)
                  00003836    0000006e                                   : fd_tos_t2.asm.obj (.text)
                  000038a4    00000068                                   : copy_decompress_lzss.c.obj (.text:decompress:lzss:__TI_decompress_lzss)
                  0000390c    00000064                                   : s_frexp.c.obj (.text:frexp)
                  00003970    00000056                                   : _printfi.c.obj (.text:_pconv_f)
                  000039c6    00000054                                   : _ltoa.c.obj (.text:__TI_ltoa)
                  00003a1a    00000052                                   : _printfi.c.obj (.text:_ecpy)
                  00003a6c    0000004c                                   : atoi.c.obj (.text:atoi)
                  00003ab8    00000048                                   : fd_toi_t2.asm.obj (.text)
                  00003b00    00000044                                   : autoinit.c.obj (.text:__TI_auto_init_nobinit_nopinit:__TI_auto_init_nobinit_nopinit)
                  00003b44    00000040                                   : vsnprintf.c.obj (.text:vsnprintf)
                  00003b84    0000003e                                   : _printfi.c.obj (.text:_fcpy)
                  00003bc2    00000002     --HOLE-- [fill = 0]
                  00003bc4    00000038                                   : memory.c.obj (.text:calloc)
                  00003bfc    00000038                                   : fs_tod_t2.asm.obj (.text)
                  00003c34    00000034     driverlib.lib : interrupt.obj (.text:IntRegister)
                  00003c68    00000034     rtsv7M4_T_le_v4SPD16_eabi.lib : boot_cortex_m.c.obj (.text:_c_int00_noargs:_c_int00_noargs)
                  00003c9c    00000030                                   : vsnprintf.c.obj (.text:_outs)
                  00003ccc    0000002e                                   : i_tofd_t2.asm.obj (.text)
                  00003cfa    00000002     --HOLE-- [fill = 0]
                  00003cfc    00000028                                   : memory.c.obj (.text:free_list_insert)
                  00003d24    00000020                                   : u_tofd_t2.asm.obj (.text)
                  00003d44    0000001c                                   : copy_zero_init.c.obj (.text:decompress:ZI:__TI_zero_init_nomemset:__TI_zero_init_nomemset)
                  00003d60    0000001c                                   : memory.c.obj (.text:free_list_remove)
                  00003d7c    0000001c                                   : memccpy.c.obj (.text:memccpy)
                  00003d98    0000001a                                   : s_copysign.c.obj (.text:copysign)
                  00003db2    00000018                                   : vsnprintf.c.obj (.text:_outc)
                  00003dca    00000018     open_interface.obj (.text:oi_parseInt)
                  00003de2    00000018     rtsv7M4_T_le_v4SPD16_eabi.lib : strcmp.c.obj (.text:strcmp)
                  00003dfa    00000016                                   : strchr.c.obj (.text:strchr)
                  00003e10    00000014                                   : strcpy.c.obj (.text:strcpy)
                  00003e24    00000014                                   : strlen.c.obj (.text:strlen)
                  00003e38    00000012                                   : wcslen.c.obj (.text:wcslen)
                  00003e4a    00000010     driverlib.lib : interrupt.obj (.text:IntMasterEnable)
                  00003e5a    00000010     lcd.obj (.text:lcd_clear)
                  00003e6a    0000000e     rtsv7M4_T_le_v4SPD16_eabi.lib : copy_decompress_none.c.obj (.text:decompress:none:__TI_decompress_none)
                  00003e78    0000000c     driverlib.lib : cpu.obj (.text:CPUcpsie)
                  00003e84    0000000c     tm4c123gh6pm_startup_ccs.obj (.text)
                  00003e90    00000008     rtsv7M4_T_le_v4SPD16_eabi.lib : errno.c.obj (.text:__aeabi_errno_addr)
                  00003e98    00000008                                   : memory.c.obj (.text:malloc)
                  00003ea0    00000004                                   : pre_init.c.obj (.text:_system_pre_init)
                  00003ea4    00000004                                   : exit.c.obj (.text:abort:abort)

.const     0    00003ea8    00000118     
                  00003ea8    00000101     rtsv7M4_T_le_v4SPD16_eabi.lib : ctype.c.obj (.const:.string:_ctypes_)
                  00003fa9    0000000f     open_interface.obj (.const:.string:$P$T0$3)
                  00003fb8    00000004     lcd.obj (.const:.string:lineAddress$1)
                  00003fbc    00000004     lcd.obj (.const:.string:lineAddresses$2)

.cinit     0    00003fc0    00000058     
                  00003fc0    0000001e     (.cinit..data.load) [load image, compression = lzss]
                  00003fde    00000002     --HOLE-- [fill = 0]
                  00003fe0    0000000c     (__TI_handler_table)
                  00003fec    00000004     --HOLE-- [fill = 0]
                  00003ff0    00000008     (.cinit..bss.load) [load image, compression = zero_init]
                  00003ff8    00000008     (.cinit..vtable.load) [load image, compression = zero_init]
                  00004000    00000018     (__TI_cinit_table)

.init_array 
*          0    00000000    00000000     UNINITIALIZED

.vtable    0    20000000    0000026c     UNINITIALIZED
                  20000000    0000026c     driverlib.lib : interrupt.obj (.vtable)

.stack     0    20000270    00001000     UNINITIALIZED
                  20000270    00000004     rtsv7M4_T_le_v4SPD16_eabi.lib : boot_cortex_m.c.obj (.stack)
                  20000274    00000ffc     --HOLE--

.sysmem    0    20001270    00001000     UNINITIALIZED
                  20001270    00000010     rtsv7M4_T_le_v4SPD16_eabi.lib : memory.c.obj (.sysmem)
                  20001280    00000ff0     --HOLE--

.bss       0    20002270    0000007c     UNINITIALIZED
                  20002270    00000054     lcd.obj (.bss:lastbuffer$3)
                  200022c4    00000018     open_interface.obj (.bss:firmware$2)
                  200022dc    00000004     (.common:_timeout_ticks)
                  200022e0    00000004     (.common:isr_int_value)
                  200022e4    00000004     (.common:left_calibration_value)
                  200022e8    00000004     (.common:right_calibration_value)

.data      0    200022ec    00000049     UNINITIALIZED
                  200022ec    00000020     open_interface.obj (.data)
                  2000230c    00000010     ping.obj (.data)
                  2000231c    00000008     rtsv7M4_T_le_v4SPD16_eabi.lib : _lock.c.obj (.data:$O1$$)
                  20002324    00000008                                   : memory.c.obj (.data:$O1$$)
                  2000232c    00000004     libcybotScan.lib : cyBot_Scan.obj (.data)
                  20002330    00000004     rtsv7M4_T_le_v4SPD16_eabi.lib : errno.c.obj (.data)
                  20002334    00000001     Timer.obj (.data)

__llvm_prf_cnts 
*          0    20000000    00000000     UNINITIALIZED

MODULE SUMMARY

       Module                         code    ro data   rw data
       ------                         ----    -------   -------
    .\
       open_interface.obj             3128    15        56     
       lcd.obj                        824     8         84     
       ping.obj                       668     0         16     
       tm4c123gh6pm_startup_ccs.obj   12      620       0      
       Timer.obj                      584     0         5      
       lab9.obj                       180     0         8      
    +--+------------------------------+-------+---------+---------+
       Total:                         5396    643       169    
                                                               
    ../libcybotScan.lib
       cyBot_Scan.obj                 608     0         4      
       servo.obj                      344     0         0      
       ir.obj                         280     0         4      
    +--+------------------------------+-------+---------+---------+
       Total:                         1232    0         8      
                                                               
    C:/ti/TivaWare_C_Series-2.2.0.295/driverlib/ccs/Debug/driverlib.lib
       interrupt.obj                  68      0         620    
       cpu.obj                        12      0         0      
    +--+------------------------------+-------+---------+---------+
       Total:                         80      0         620    
                                                               
    C:\ti\ccs1271\ccs\tools\compiler\ti-cgt-arm_20.2.7.LTS\lib\rtsv7M4_T_le_v4SPD16_eabi.lib
       _printfi.c.obj                 4851    0         0      
       memory.c.obj                   728     0         8      
       fd_add_t2.asm.obj              438     0         0      
       fd_div_t2.asm.obj              310     0         0      
       s_scalbn.c.obj                 272     0         0      
       fd_cmp_t2.asm.obj              268     0         0      
       ctype.c.obj                    0       257       0      
       fd_mul_t2.asm.obj              252     0         0      
       memcpy_t2.asm.obj              156     0         0      
       ull_div_t2.asm.obj             150     0         0      
       vsnprintf.c.obj                136     0         0      
       memset_t2.asm.obj              122     0         0      
       fd_tos_t2.asm.obj              110     0         0      
       copy_decompress_lzss.c.obj     104     0         0      
       s_frexp.c.obj                  100     0         0      
       _ltoa.c.obj                    84      0         0      
       atoi.c.obj                     76      0         0      
       fd_toi_t2.asm.obj              72      0         0      
       autoinit.c.obj                 68      0         0      
       fs_tod_t2.asm.obj              56      0         0      
       boot_cortex_m.c.obj            52      0         0      
       i_tofd_t2.asm.obj              46      0         0      
       u_tofd_t2.asm.obj              32      0         0      
       copy_zero_init.c.obj           28      0         0      
       memccpy.c.obj                  28      0         0      
       s_copysign.c.obj               26      0         0      
       strcmp.c.obj                   24      0         0      
       strchr.c.obj                   22      0         0      
       strcpy.c.obj                   20      0         0      
       strlen.c.obj                   20      0         0      
       wcslen.c.obj                   18      0         0      
       copy_decompress_none.c.obj     14      0         0      
       errno.c.obj                    8       0         4      
       _lock.c.obj                    2       0         8      
       exit.c.obj                     4       0         0      
       pre_init.c.obj                 4       0         0      
       div0.asm.obj                   2       0         0      
    +--+------------------------------+-------+---------+---------+
       Total:                         8703    257       20     
                                                               
       Heap:                          0       0         4096   
       Stack:                         0       0         4096   
       Linker Generated:              0       82        0      
    +--+------------------------------+-------+---------+---------+
       Grand Total:                   15411   982       9009   


LINKER GENERATED COPY TABLES

__TI_cinit_table @ 00004000 records: 3, size/record: 8, table size: 24
	.data: load addr=00003fc0, load size=0000001e bytes, run addr=200022ec, run size=00000049 bytes, compression=lzss
	.bss: load addr=00003ff0, load size=00000008 bytes, run addr=20002270, run size=0000007c bytes, compression=zero_init
	.vtable: load addr=00003ff8, load size=00000008 bytes, run addr=20000000, run size=0000026c bytes, compression=zero_init


LINKER GENERATED HANDLER TABLE

__TI_handler_table @ 00003fe0 records: 3, size/record: 4, table size: 12
	index: 0, handler: __TI_zero_init
	index: 1, handler: __TI_decompress_lzss
	index: 2, handler: __TI_decompress_none


GLOBAL SYMBOLS: SORTED ALPHABETICALLY BY Name 

address   name                          
-------   ----                          
00002ec9  ADC0SS0_Handler               
00003ea5  C$$EXIT                       
00003e79  CPUcpsie                      
00000bc3  GPIOF_Handler                 
00003e4b  IntMasterEnable               
00003c35  IntRegister                   
00003e85  ResetISR                      
00001d1f  TIMER3B_Handler               
20001270  __STACK_END                   
00001000  __STACK_SIZE                  
20000470  __STACK_TOP                   
00001000  __SYSMEM_SIZE                 
00004000  __TI_CINIT_Base               
00004018  __TI_CINIT_Limit              
00003fe0  __TI_Handler_Table_Base       
00003fec  __TI_Handler_Table_Limit      
00003b01  __TI_auto_init_nobinit_nopinit
000038a5  __TI_decompress_lzss          
00003e6b  __TI_decompress_none          
000039c7  __TI_ltoa                     
ffffffff  __TI_pprof_out_hndl           
00000e8d  __TI_printfi                  
ffffffff  __TI_prof_data_size           
ffffffff  __TI_prof_data_start          
00000000  __TI_static_base__            
00003d45  __TI_zero_init_nomemset       
000035d1  __aeabi_cdcmpeq               
000035d1  __aeabi_cdcmple               
00003657  __aeabi_cdrcmple              
00003837  __aeabi_d2f                   
00003ab9  __aeabi_d2iz                  
00002793  __aeabi_dadd                  
00002bd5  __aeabi_ddiv                  
00003159  __aeabi_dmul                  
00002789  __aeabi_dsub                  
00003e91  __aeabi_errno_addr            
00003bfd  __aeabi_f2d                   
00003ccd  __aeabi_i2d                   
0000293f  __aeabi_idiv0                 
0000293f  __aeabi_ldiv0                 
000036dd  __aeabi_memclr                
000036dd  __aeabi_memclr4               
000036dd  __aeabi_memclr8               
0000349f  __aeabi_memcpy                
0000349f  __aeabi_memcpy4               
0000349f  __aeabi_memcpy8               
000036df  __aeabi_memset                
000036df  __aeabi_memset4               
000036df  __aeabi_memset8               
00003d25  __aeabi_ui2d                  
0000353b  __aeabi_uldivmod              
ffffffff  __binit__                     
ffffffff  __c_args__                    
UNDEFED   __mpu_init                    
20000270  __stack                       
20000000  __start___llvm_prf_cnts       
20000000  __stop___llvm_prf_cnts        
00003c69  _c_int00_noargs               
00003ea8  _ctypes_                      
2000231c  _lock                         
000018db  _nop                          
20002334  _running                      
20001270  _sys_memory                   
UNDEFED   _system_post_cinit            
00003ea1  _system_pre_init              
200022dc  _timeout_ticks                
20002320  _unlock                       
00003ea5  abort                         
00003059  aligned_alloc                 
00003a6d  atoi                          
ffffffff  binit                         
00003bc5  calloc                        
00003d99  copysign                      
00003d99  copysignl                     
000021e9  cyBOT_SERVO_cal               
00002177  cyBOT_Scan                    
0000211f  cyBOT_init_Scan               
2000232c  cyBOT_scan_features           
00002111  cyBOT_scan_version            
20002330  errno                         
20002314  falling_time                  
00003255  free                          
0000390d  frexp                         
0000390d  frexpl                        
20000000  g_pfnRAMVectors               
00000000  g_pfnVectors                  
0000097f  go_charge                     
00002edf  ir_enableInterrupt            
00002ec1  ir_getDistance                
00002e99  ir_getValue                   
00002e31  ir_init                       
200022e0  isr_int_value                 
00003e5b  lcd_clear                     
00001ab1  lcd_gotoLine                  
00001919  lcd_init                      
00001b17  lcd_printf                    
000019d9  lcd_putc                      
00001a11  lcd_puts                      
000018dd  lcd_reverseNibble             
00001a2f  lcd_sendCommand               
00001a6d  lcd_sendNibble                
00001ad9  lcd_setCursorPos              
00002f49  ldexp                         
00002f49  ldexpl                        
200022e4  left_calibration_value        
00003339  main                          
00003e99  malloc                        
00003059  memalign                      
00003d7d  memccpy                       
0000349f  memcpy                        
000036e5  memset                        
200022ec  motor_cal_factor_L            
200022f0  motor_cal_factor_R            
0000026d  oi_alloc                      
00000aa9  oi_checkFirmware              
000002c7  oi_close                      
00000279  oi_free                       
00000ded  oi_getMotorCalibrationLeft    
00000e01  oi_getMotorCalibrationRight   
000002b1  oi_init                       
00000289  oi_init_noupdate              
00000915  oi_loadSong                   
00003dcb  oi_parseInt                   
0000032b  oi_parsePacket                
0000096b  oi_play_song                  
0000084b  oi_setLeds                    
00000db1  oi_setMotorCalibration        
0000088f  oi_setWheels                  
00000b51  oi_shutoff_init               
0000098d  oi_uartInit                   
00000a31  oi_uartReceive                
00000a77  oi_uartSendBuff               
00000a15  oi_uartSendChar               
00000a59  oi_uartSendStr                
000002d9  oi_update                     
20002318  overflow_count                
00001d75  ping_getDistance              
00001e29  ping_getOverflowCount         
00001e0d  ping_getPulseMillis           
00001dd3  ping_getPulseTime             
00001c05  ping_init                     
00001cad  ping_trigger                  
200022e8  right_calibration_value       
20002310  rising_time                   
00002f49  scalbn                        
00002f49  scalbnl                       
00002941  servo_init                    
000029d1  servo_move                    
00002a31  servo_setPWM                  
000029c5  servo_stop                    
2000230c  state                         
00003dfb  strchr                        
00003de3  strcmp                        
00003e11  strcpy                        
00003e25  strlen                        
0000248f  timer_getMicros               
00002437  timer_getMillis               
00002371  timer_init                    
00002413  timer_pause                   
00002425  timer_resume                  
000023e9  timer_stop                    
000024e9  timer_waitMicros              
0000251b  timer_waitMillis              
00003b45  vsnprintf                     
00003e39  wcslen                        


GLOBAL SYMBOLS: SORTED BY Symbol Address 

address   name                          
-------   ----                          
00000000  __TI_static_base__            
00000000  g_pfnVectors                  
0000026d  oi_alloc                      
00000279  oi_free                       
00000289  oi_init_noupdate              
000002b1  oi_init                       
000002c7  oi_close                      
000002d9  oi_update                     
0000032b  oi_parsePacket                
0000084b  oi_setLeds                    
0000088f  oi_setWheels                  
00000915  oi_loadSong                   
0000096b  oi_play_song                  
0000097f  go_charge                     
0000098d  oi_uartInit                   
00000a15  oi_uartSendChar               
00000a31  oi_uartReceive                
00000a59  oi_uartSendStr                
00000a77  oi_uartSendBuff               
00000aa9  oi_checkFirmware              
00000b51  oi_shutoff_init               
00000bc3  GPIOF_Handler                 
00000db1  oi_setMotorCalibration        
00000ded  oi_getMotorCalibrationLeft    
00000e01  oi_getMotorCalibrationRight   
00000e8d  __TI_printfi                  
00001000  __STACK_SIZE                  
00001000  __SYSMEM_SIZE                 
000018db  _nop                          
000018dd  lcd_reverseNibble             
00001919  lcd_init                      
000019d9  lcd_putc                      
00001a11  lcd_puts                      
00001a2f  lcd_sendCommand               
00001a6d  lcd_sendNibble                
00001ab1  lcd_gotoLine                  
00001ad9  lcd_setCursorPos              
00001b17  lcd_printf                    
00001c05  ping_init                     
00001cad  ping_trigger                  
00001d1f  TIMER3B_Handler               
00001d75  ping_getDistance              
00001dd3  ping_getPulseTime             
00001e0d  ping_getPulseMillis           
00001e29  ping_getOverflowCount         
00002111  cyBOT_scan_version            
0000211f  cyBOT_init_Scan               
00002177  cyBOT_Scan                    
000021e9  cyBOT_SERVO_cal               
00002371  timer_init                    
000023e9  timer_stop                    
00002413  timer_pause                   
00002425  timer_resume                  
00002437  timer_getMillis               
0000248f  timer_getMicros               
000024e9  timer_waitMicros              
0000251b  timer_waitMillis              
00002789  __aeabi_dsub                  
00002793  __aeabi_dadd                  
0000293f  __aeabi_idiv0                 
0000293f  __aeabi_ldiv0                 
00002941  servo_init                    
000029c5  servo_stop                    
000029d1  servo_move                    
00002a31  servo_setPWM                  
00002bd5  __aeabi_ddiv                  
00002e31  ir_init                       
00002e99  ir_getValue                   
00002ec1  ir_getDistance                
00002ec9  ADC0SS0_Handler               
00002edf  ir_enableInterrupt            
00002f49  ldexp                         
00002f49  ldexpl                        
00002f49  scalbn                        
00002f49  scalbnl                       
00003059  aligned_alloc                 
00003059  memalign                      
00003159  __aeabi_dmul                  
00003255  free                          
00003339  main                          
0000349f  __aeabi_memcpy                
0000349f  __aeabi_memcpy4               
0000349f  __aeabi_memcpy8               
0000349f  memcpy                        
0000353b  __aeabi_uldivmod              
000035d1  __aeabi_cdcmpeq               
000035d1  __aeabi_cdcmple               
00003657  __aeabi_cdrcmple              
000036dd  __aeabi_memclr                
000036dd  __aeabi_memclr4               
000036dd  __aeabi_memclr8               
000036df  __aeabi_memset                
000036df  __aeabi_memset4               
000036df  __aeabi_memset8               
000036e5  memset                        
00003837  __aeabi_d2f                   
000038a5  __TI_decompress_lzss          
0000390d  frexp                         
0000390d  frexpl                        
000039c7  __TI_ltoa                     
00003a6d  atoi                          
00003ab9  __aeabi_d2iz                  
00003b01  __TI_auto_init_nobinit_nopinit
00003b45  vsnprintf                     
00003bc5  calloc                        
00003bfd  __aeabi_f2d                   
00003c35  IntRegister                   
00003c69  _c_int00_noargs               
00003ccd  __aeabi_i2d                   
00003d25  __aeabi_ui2d                  
00003d45  __TI_zero_init_nomemset       
00003d7d  memccpy                       
00003d99  copysign                      
00003d99  copysignl                     
00003dcb  oi_parseInt                   
00003de3  strcmp                        
00003dfb  strchr                        
00003e11  strcpy                        
00003e25  strlen                        
00003e39  wcslen                        
00003e4b  IntMasterEnable               
00003e5b  lcd_clear                     
00003e6b  __TI_decompress_none          
00003e79  CPUcpsie                      
00003e85  ResetISR                      
00003e91  __aeabi_errno_addr            
00003e99  malloc                        
00003ea1  _system_pre_init              
00003ea5  C$$EXIT                       
00003ea5  abort                         
00003ea8  _ctypes_                      
00003fe0  __TI_Handler_Table_Base       
00003fec  __TI_Handler_Table_Limit      
00004000  __TI_CINIT_Base               
00004018  __TI_CINIT_Limit              
20000000  __start___llvm_prf_cnts       
20000000  __stop___llvm_prf_cnts        
20000000  g_pfnRAMVectors               
20000270  __stack                       
20000470  __STACK_TOP                   
20001270  __STACK_END                   
20001270  _sys_memory                   
200022dc  _timeout_ticks                
200022e0  isr_int_value                 
200022e4  left_calibration_value        
200022e8  right_calibration_value       
200022ec  motor_cal_factor_L            
200022f0  motor_cal_factor_R            
2000230c  state                         
20002310  rising_time                   
20002314  falling_time                  
20002318  overflow_count                
2000231c  _lock                         
20002320  _unlock                       
2000232c  cyBOT_scan_features           
20002330  errno                         
20002334  _running                      
ffffffff  __TI_pprof_out_hndl           
ffffffff  __TI_prof_data_size           
ffffffff  __TI_prof_data_start          
ffffffff  __binit__                     
ffffffff  __c_args__                    
ffffffff  binit                         
UNDEFED   __mpu_init                    
UNDEFED   _system_post_cinit            

[165 symbols]
