******************************************************************************
                  TI ARM Linker PC v20.2.7                     
******************************************************************************
>> Linked Tue Apr  8 19:09:36 2025

OUTPUT FILE NAME:   <Lab9.out>
ENTRY POINT SYMBOL: "_c_int00_noargs"  address: 00002589


MEMORY CONFIGURATION

         name            origin    length      used     unused   attr    fill
----------------------  --------  ---------  --------  --------  ----  --------
  FLASH                 00000000   00040000  000028a9  0003d757  R  X
  SRAM                  20000000   00008000  000022c9  00005d37  RW X


SEGMENT ALLOCATION MAP

run origin  load origin   length   init length attrs members
----------  ----------- ---------- ----------- ----- -------
00000000    00000000    000028b0   000028b0    r-x
  00000000    00000000    0000026c   0000026c    r-- .intvecs
  0000026c    0000026c    000024f4   000024f4    r-x .text
  00002760    00002760    00000109   00000109    r-- .const
  00002870    00002870    00000040   00000040    r-- .cinit
20000000    20000000    000022cd   00000000    rw-
  20000000    20000000    0000026c   00000000    rw- .vtable
  20000270    20000270    00001000   00000000    rw- .stack
  20001270    20001270    00001000   00000000    rw- .sysmem
  20002270    20002270    00000058   00000000    rw- .bss
  200022c8    200022c8    00000005   00000000    rw- .data


SECTION ALLOCATION MAP

 output                                  attributes/
section   page    origin      length       input sections
--------  ----  ----------  ----------   ----------------
.intvecs   0    00000000    0000026c     
                  00000000    0000026c     tm4c123gh6pm_startup_ccs.obj (.intvecs)

.text      0    0000026c    000024f4     
                  0000026c    00000a4e     rtsv7M4_T_le_v4SPD16_eabi.lib : _printfi.c.obj (.text:__TI_printfi)
                  00000cba    00000002                                   : div0.asm.obj (.text)
                  00000cbc    00000328     lcd.obj (.text)
                  00000fe4    00000270     rtsv7M4_T_le_v4SPD16_eabi.lib : _printfi.c.obj (.text:_pconv_a)
                  00001254    00000248     Timer.obj (.text)
                  0000149c    000001d0     rtsv7M4_T_le_v4SPD16_eabi.lib : _printfi.c.obj (.text:_pconv_g)
                  0000166c    000001b6                                   : fd_add_t2.asm.obj (.text)
                  00001822    00000002     --HOLE-- [fill = 0]
                  00001824    0000013c                                   : _printfi.c.obj (.text:_pconv_e)
                  00001960    00000136                                   : fd_div_t2.asm.obj (.text)
                  00001a96    00000002     --HOLE-- [fill = 0]
                  00001a98    00000124                                   : _printfi.c.obj (.text:fcvt)
                  00001bbc    00000110                                   : s_scalbn.c.obj (.text:scalbn)
                  00001ccc    000000fc                                   : fd_mul_t2.asm.obj (.text)
                  00001dc8    000000b1                                   : _printfi.c.obj (.text:_ltostr)
                  00001e79    00000001     --HOLE-- [fill = 0]
                  00001e7a    0000009c                                   : memcpy_t2.asm.obj (.text)
                  00001f16    00000096                                   : ull_div_t2.asm.obj (.text)
                  00001fac    00000094     ping.obj (.text)
                  00002040    00000086     rtsv7M4_T_le_v4SPD16_eabi.lib : fd_cmp_t2.asm.obj (.text:__aeabi_cdcmple)
                  000020c6    00000086                                   : fd_cmp_t2.asm.obj (.text:__aeabi_cdrcmple)
                  0000214c    0000007a                                   : memset_t2.asm.obj (.text)
                  000021c6    0000006e                                   : _printfi.c.obj (.text:_mcpy)
                  00002234    00000068                                   : copy_decompress_lzss.c.obj (.text:decompress:lzss:__TI_decompress_lzss)
                  0000229c    00000064                                   : s_frexp.c.obj (.text:frexp)
                  00002300    00000056                                   : _printfi.c.obj (.text:_pconv_f)
                  00002356    00000054                                   : _ltoa.c.obj (.text:__TI_ltoa)
                  000023aa    00000052                                   : _printfi.c.obj (.text:_ecpy)
                  000023fc    0000004c                                   : atoi.c.obj (.text:atoi)
                  00002448    00000048                                   : fd_toi_t2.asm.obj (.text)
                  00002490    00000044                                   : autoinit.c.obj (.text:__TI_auto_init_nobinit_nopinit:__TI_auto_init_nobinit_nopinit)
                  000024d4    00000040                                   : vsnprintf.c.obj (.text:vsnprintf)
                  00002514    0000003e                                   : _printfi.c.obj (.text:_fcpy)
                  00002552    00000002     --HOLE-- [fill = 0]
                  00002554    00000034     driverlib.lib : interrupt.obj (.text:IntRegister)
                  00002588    00000034     rtsv7M4_T_le_v4SPD16_eabi.lib : boot_cortex_m.c.obj (.text:_c_int00_noargs:_c_int00_noargs)
                  000025bc    00000030                                   : vsnprintf.c.obj (.text:_outs)
                  000025ec    0000002e                                   : i_tofd_t2.asm.obj (.text)
                  0000261a    0000001c                                   : copy_zero_init.c.obj (.text:decompress:ZI:__TI_zero_init_nomemset:__TI_zero_init_nomemset)
                  00002636    0000001c     lab9.obj (.text)
                  00002652    0000001c     rtsv7M4_T_le_v4SPD16_eabi.lib : memccpy.c.obj (.text:memccpy)
                  0000266e    0000001a                                   : s_copysign.c.obj (.text:copysign)
                  00002688    00000018                                   : vsnprintf.c.obj (.text:_outc)
                  000026a0    00000018                                   : strcmp.c.obj (.text:strcmp)
                  000026b8    00000016                                   : strchr.c.obj (.text:strchr)
                  000026ce    00000014                                   : strcpy.c.obj (.text:strcpy)
                  000026e2    00000014                                   : strlen.c.obj (.text:strlen)
                  000026f6    00000012                                   : wcslen.c.obj (.text:wcslen)
                  00002708    00000010     driverlib.lib : interrupt.obj (.text:IntMasterEnable)
                  00002718    00000010     lcd.obj (.text:lcd_clear)
                  00002728    0000000e     rtsv7M4_T_le_v4SPD16_eabi.lib : copy_decompress_none.c.obj (.text:decompress:none:__TI_decompress_none)
                  00002736    0000000c     driverlib.lib : cpu.obj (.text:CPUcpsie)
                  00002742    0000000c     tm4c123gh6pm_startup_ccs.obj (.text)
                  0000274e    00000002     --HOLE-- [fill = 0]
                  00002750    00000008     rtsv7M4_T_le_v4SPD16_eabi.lib : errno.c.obj (.text:__aeabi_errno_addr)
                  00002758    00000004                                   : pre_init.c.obj (.text:_system_pre_init)
                  0000275c    00000004                                   : exit.c.obj (.text:abort:abort)

.const     0    00002760    00000109     
                  00002760    00000101     rtsv7M4_T_le_v4SPD16_eabi.lib : ctype.c.obj (.const:.string:_ctypes_)
                  00002861    00000004     lcd.obj (.const:.string:lineAddress$1)
                  00002865    00000004     lcd.obj (.const:.string:lineAddresses$2)

.cinit     0    00002870    00000040     
                  00002870    0000000c     (__TI_handler_table)
                  0000287c    00000004     --HOLE-- [fill = 0]
                  00002880    00000008     (.cinit..bss.load) [load image, compression = zero_init]
                  00002888    00000008     (.cinit..vtable.load) [load image, compression = zero_init]
                  00002890    00000007     (.cinit..data.load) [load image, compression = lzss]
                  00002897    00000001     --HOLE-- [fill = 0]
                  00002898    00000018     (__TI_cinit_table)

.init_array 
*          0    00000000    00000000     UNINITIALIZED

.vtable    0    20000000    0000026c     UNINITIALIZED
                  20000000    0000026c     driverlib.lib : interrupt.obj (.vtable)

.stack     0    20000270    00001000     UNINITIALIZED
                  20000270    00000004     rtsv7M4_T_le_v4SPD16_eabi.lib : boot_cortex_m.c.obj (.stack)
                  20000274    00000ffc     --HOLE--

.sysmem    0    20001270    00001000     UNINITIALIZED
                  20001270    00000010     rtsv7M4_T_le_v4SPD16_eabi.lib : memory.c.obj (.sysmem)
                  20001280    00000ff0     --HOLE--

.bss       0    20002270    00000058     UNINITIALIZED
                  20002270    00000054     lcd.obj (.bss:lastbuffer$3)
                  200022c4    00000004     (.common:_timeout_ticks)

.data      0    200022c8    00000005     UNINITIALIZED
                  200022c8    00000004     rtsv7M4_T_le_v4SPD16_eabi.lib : errno.c.obj (.data)
                  200022cc    00000001     Timer.obj (.data)

__llvm_prf_cnts 
*          0    20000000    00000000     UNINITIALIZED

MODULE SUMMARY

       Module                         code   ro data   rw data
       ------                         ----   -------   -------
    .\
       lcd.obj                        824    8         84     
       tm4c123gh6pm_startup_ccs.obj   12     620       0      
       Timer.obj                      584    0         5      
       ping.obj                       148    0         0      
       lab9.obj                       28     0         0      
    +--+------------------------------+------+---------+---------+
       Total:                         1596   628       89     
                                                              
    C:/ti/TivaWare_C_Series-2.2.0.295/driverlib/ccs/Debug/driverlib.lib
       interrupt.obj                  68     0         620    
       cpu.obj                        12     0         0      
    +--+------------------------------+------+---------+---------+
       Total:                         80     0         620    
                                                              
    C:\ti\ccs1271\ccs\tools\compiler\ti-cgt-arm_20.2.7.LTS\lib\rtsv7M4_T_le_v4SPD16_eabi.lib
       _printfi.c.obj                 4851   0         0      
       fd_add_t2.asm.obj              438    0         0      
       fd_div_t2.asm.obj              310    0         0      
       s_scalbn.c.obj                 272    0         0      
       fd_cmp_t2.asm.obj              268    0         0      
       ctype.c.obj                    0      257       0      
       fd_mul_t2.asm.obj              252    0         0      
       memcpy_t2.asm.obj              156    0         0      
       ull_div_t2.asm.obj             150    0         0      
       vsnprintf.c.obj                136    0         0      
       memset_t2.asm.obj              122    0         0      
       copy_decompress_lzss.c.obj     104    0         0      
       s_frexp.c.obj                  100    0         0      
       _ltoa.c.obj                    84     0         0      
       atoi.c.obj                     76     0         0      
       fd_toi_t2.asm.obj              72     0         0      
       autoinit.c.obj                 68     0         0      
       boot_cortex_m.c.obj            52     0         0      
       i_tofd_t2.asm.obj              46     0         0      
       copy_zero_init.c.obj           28     0         0      
       memccpy.c.obj                  28     0         0      
       s_copysign.c.obj               26     0         0      
       strcmp.c.obj                   24     0         0      
       strchr.c.obj                   22     0         0      
       strcpy.c.obj                   20     0         0      
       strlen.c.obj                   20     0         0      
       wcslen.c.obj                   18     0         0      
       copy_decompress_none.c.obj     14     0         0      
       errno.c.obj                    8      0         4      
       exit.c.obj                     4      0         0      
       pre_init.c.obj                 4      0         0      
       div0.asm.obj                   2      0         0      
    +--+------------------------------+------+---------+---------+
       Total:                         7775   257       4      
                                                              
       Heap:                          0      0         4096   
       Stack:                         0      0         4096   
       Linker Generated:              0      59        0      
    +--+------------------------------+------+---------+---------+
       Grand Total:                   9451   944       8905   


LINKER GENERATED COPY TABLES

__TI_cinit_table @ 00002898 records: 3, size/record: 8, table size: 24
	.bss: load addr=00002880, load size=00000008 bytes, run addr=20002270, run size=00000058 bytes, compression=zero_init
	.vtable: load addr=00002888, load size=00000008 bytes, run addr=20000000, run size=0000026c bytes, compression=zero_init
	.data: load addr=00002890, load size=00000007 bytes, run addr=200022c8, run size=00000005 bytes, compression=lzss


LINKER GENERATED HANDLER TABLE

__TI_handler_table @ 00002870 records: 3, size/record: 4, table size: 12
	index: 0, handler: __TI_zero_init
	index: 1, handler: __TI_decompress_lzss
	index: 2, handler: __TI_decompress_none


GLOBAL SYMBOLS: SORTED ALPHABETICALLY BY Name 

address   name                          
-------   ----                          
0000275d  C$$EXIT                       
00002737  CPUcpsie                      
00002709  IntMasterEnable               
00002555  IntRegister                   
00002743  ResetISR                      
0000201f  TIMER3B_Handler               
20001270  __STACK_END                   
00001000  __STACK_SIZE                  
20000470  __STACK_TOP                   
00001000  __SYSMEM_SIZE                 
00002898  __TI_CINIT_Base               
000028b0  __TI_CINIT_Limit              
00002870  __TI_Handler_Table_Base       
0000287c  __TI_Handler_Table_Limit      
00002491  __TI_auto_init_nobinit_nopinit
00002235  __TI_decompress_lzss          
00002729  __TI_decompress_none          
00002357  __TI_ltoa                     
ffffffff  __TI_pprof_out_hndl           
0000026d  __TI_printfi                  
ffffffff  __TI_prof_data_size           
ffffffff  __TI_prof_data_start          
00000000  __TI_static_base__            
0000261b  __TI_zero_init_nomemset       
00002041  __aeabi_cdcmpeq               
00002041  __aeabi_cdcmple               
000020c7  __aeabi_cdrcmple              
00002449  __aeabi_d2iz                  
00001677  __aeabi_dadd                  
00001961  __aeabi_ddiv                  
00001ccd  __aeabi_dmul                  
0000166d  __aeabi_dsub                  
00002751  __aeabi_errno_addr            
000025ed  __aeabi_i2d                   
00000cbb  __aeabi_idiv0                 
00000cbb  __aeabi_ldiv0                 
0000214d  __aeabi_memclr                
0000214d  __aeabi_memclr4               
0000214d  __aeabi_memclr8               
00001e7b  __aeabi_memcpy                
00001e7b  __aeabi_memcpy4               
00001e7b  __aeabi_memcpy8               
0000214f  __aeabi_memset                
0000214f  __aeabi_memset4               
0000214f  __aeabi_memset8               
00001f17  __aeabi_uldivmod              
ffffffff  __binit__                     
ffffffff  __c_args__                    
UNDEFED   __mpu_init                    
20000270  __stack                       
20000000  __start___llvm_prf_cnts       
20000000  __stop___llvm_prf_cnts        
00002589  _c_int00_noargs               
00002760  _ctypes_                      
200022cc  _running                      
20001270  _sys_memory                   
UNDEFED   _system_post_cinit            
00002759  _system_pre_init              
200022c4  _timeout_ticks                
0000275d  abort                         
000023fd  atoi                          
ffffffff  binit                         
0000266f  copysign                      
0000266f  copysignl                     
200022c8  errno                         
0000229d  frexp                         
0000229d  frexpl                        
20000000  g_pfnRAMVectors               
00000000  g_pfnVectors                  
00002719  lcd_clear                     
00000e91  lcd_gotoLine                  
00000cf9  lcd_init                      
00000ef7  lcd_printf                    
00000db9  lcd_putc                      
00000df1  lcd_puts                      
00000cbd  lcd_reverseNibble             
00000e0f  lcd_sendCommand               
00000e4d  lcd_sendNibble                
00000eb9  lcd_setCursorPos              
00001bbd  ldexp                         
00001bbd  ldexpl                        
00002637  main                          
00002653  memccpy                       
00001e7b  memcpy                        
00002155  memset                        
00002021  ping_getDistance              
00001fad  ping_init                     
00001fd9  ping_trigger                  
00001bbd  scalbn                        
00001bbd  scalbnl                       
000026b9  strchr                        
000026a1  strcmp                        
000026cf  strcpy                        
000026e3  strlen                        
00001373  timer_getMicros               
0000131b  timer_getMillis               
00001255  timer_init                    
000012f7  timer_pause                   
00001309  timer_resume                  
000012cd  timer_stop                    
000013cd  timer_waitMicros              
000013ff  timer_waitMillis              
000024d5  vsnprintf                     
000026f7  wcslen                        


GLOBAL SYMBOLS: SORTED BY Symbol Address 

address   name                          
-------   ----                          
00000000  __TI_static_base__            
00000000  g_pfnVectors                  
0000026d  __TI_printfi                  
00000cbb  __aeabi_idiv0                 
00000cbb  __aeabi_ldiv0                 
00000cbd  lcd_reverseNibble             
00000cf9  lcd_init                      
00000db9  lcd_putc                      
00000df1  lcd_puts                      
00000e0f  lcd_sendCommand               
00000e4d  lcd_sendNibble                
00000e91  lcd_gotoLine                  
00000eb9  lcd_setCursorPos              
00000ef7  lcd_printf                    
00001000  __STACK_SIZE                  
00001000  __SYSMEM_SIZE                 
00001255  timer_init                    
000012cd  timer_stop                    
000012f7  timer_pause                   
00001309  timer_resume                  
0000131b  timer_getMillis               
00001373  timer_getMicros               
000013cd  timer_waitMicros              
000013ff  timer_waitMillis              
0000166d  __aeabi_dsub                  
00001677  __aeabi_dadd                  
00001961  __aeabi_ddiv                  
00001bbd  ldexp                         
00001bbd  ldexpl                        
00001bbd  scalbn                        
00001bbd  scalbnl                       
00001ccd  __aeabi_dmul                  
00001e7b  __aeabi_memcpy                
00001e7b  __aeabi_memcpy4               
00001e7b  __aeabi_memcpy8               
00001e7b  memcpy                        
00001f17  __aeabi_uldivmod              
00001fad  ping_init                     
00001fd9  ping_trigger                  
0000201f  TIMER3B_Handler               
00002021  ping_getDistance              
00002041  __aeabi_cdcmpeq               
00002041  __aeabi_cdcmple               
000020c7  __aeabi_cdrcmple              
0000214d  __aeabi_memclr                
0000214d  __aeabi_memclr4               
0000214d  __aeabi_memclr8               
0000214f  __aeabi_memset                
0000214f  __aeabi_memset4               
0000214f  __aeabi_memset8               
00002155  memset                        
00002235  __TI_decompress_lzss          
0000229d  frexp                         
0000229d  frexpl                        
00002357  __TI_ltoa                     
000023fd  atoi                          
00002449  __aeabi_d2iz                  
00002491  __TI_auto_init_nobinit_nopinit
000024d5  vsnprintf                     
00002555  IntRegister                   
00002589  _c_int00_noargs               
000025ed  __aeabi_i2d                   
0000261b  __TI_zero_init_nomemset       
00002637  main                          
00002653  memccpy                       
0000266f  copysign                      
0000266f  copysignl                     
000026a1  strcmp                        
000026b9  strchr                        
000026cf  strcpy                        
000026e3  strlen                        
000026f7  wcslen                        
00002709  IntMasterEnable               
00002719  lcd_clear                     
00002729  __TI_decompress_none          
00002737  CPUcpsie                      
00002743  ResetISR                      
00002751  __aeabi_errno_addr            
00002759  _system_pre_init              
0000275d  C$$EXIT                       
0000275d  abort                         
00002760  _ctypes_                      
00002870  __TI_Handler_Table_Base       
0000287c  __TI_Handler_Table_Limit      
00002898  __TI_CINIT_Base               
000028b0  __TI_CINIT_Limit              
20000000  __start___llvm_prf_cnts       
20000000  __stop___llvm_prf_cnts        
20000000  g_pfnRAMVectors               
20000270  __stack                       
20000470  __STACK_TOP                   
20001270  __STACK_END                   
20001270  _sys_memory                   
200022c4  _timeout_ticks                
200022c8  errno                         
200022cc  _running                      
ffffffff  __TI_pprof_out_hndl           
ffffffff  __TI_prof_data_size           
ffffffff  __TI_prof_data_start          
ffffffff  __binit__                     
ffffffff  __c_args__                    
ffffffff  binit                         
UNDEFED   __mpu_init                    
UNDEFED   _system_post_cinit            

[104 symbols]
