******************************************************************************
                  TI ARM Linker PC v20.2.7                     
******************************************************************************
>> Linked Sun Mar 23 17:49:00 2025

OUTPUT FILE NAME:   <Lab3.out>
ENTRY POINT SYMBOL: "_c_int00_noargs"  address: 00004b71


MEMORY CONFIGURATION

         name            origin    length      used     unused   attr    fill
----------------------  --------  ---------  --------  --------  ----  --------
  FLASH                 00000000   00040000  00004f14  0003b0ec  R  X
  SRAM                  20000000   00008000  00002916  000056ea  RW X


SEGMENT ALLOCATION MAP

run origin  load origin   length   init length attrs members
----------  ----------- ---------- ----------- ----- -------
00000000    00000000    00004f18   00004f18    r-x
  00000000    00000000    0000026c   0000026c    r-- .intvecs
  0000026c    0000026c    00004b38   00004b38    r-x .text
  00004da4    00004da4    00000120   00000120    r-- .const
  00004ec8    00004ec8    00000050   00000050    r-- .cinit
20000000    20000000    0000291d   00000000    rw-
  20000000    20000000    0000026c   00000000    rw- .vtable
  20000270    20000270    00001000   00000000    rw- .stack
  20001270    20001270    00001000   00000000    rw- .sysmem
  20002270    20002270    0000066d   00000000    rw- .bss
  200028e0    200028e0    0000003d   00000000    rw- .data


SECTION ALLOCATION MAP

 output                                  attributes/
section   page    origin      length       input sections
--------  ----  ----------  ----------   ----------------
.intvecs   0    00000000    0000026c     
                  00000000    0000026c     tm4c123gh6pm_startup_ccs.obj (.intvecs)

.text      0    0000026c    00004b38     
                  0000026c    00000c20     open_interface.obj (.text)
                  00000e8c    00000aac     lab3_main.obj (.text)
                  00001938    00000a4e     rtsv7M4_T_le_v4SPD16_eabi.lib : _printfi.c.obj (.text:__TI_printfi)
                  00002386    00000002                                   : _lock.c.obj (.text:_nop)
                  00002388    00000424     movement.obj (.text)
                  000027ac    00000328     lcd.obj (.text)
                  00002ad4    00000270     rtsv7M4_T_le_v4SPD16_eabi.lib : _printfi.c.obj (.text:_pconv_a)
                  00002d44    00000260     libcybotScan.lib : cyBot_Scan.obj (.text)
                  00002fa4    00000248     Timer.obj (.text)
                  000031ec    000001ec     libcybotScan.lib : ping.obj (.text)
                  000033d8    000001d0     rtsv7M4_T_le_v4SPD16_eabi.lib : _printfi.c.obj (.text:_pconv_g)
                  000035a8    000001b6                                   : fd_add_t2.asm.obj (.text)
                  0000375e    00000002                                   : div0.asm.obj (.text)
                  00003760    0000015c     libcybotUART.lib : uart.obj (.text)
                  000038bc    00000158     libcybotScan.lib : servo.obj (.text)
                  00003a14    0000013c     rtsv7M4_T_le_v4SPD16_eabi.lib : _printfi.c.obj (.text:_pconv_e)
                  00003b50    00000136                                   : fd_div_t2.asm.obj (.text)
                  00003c86    00000002     --HOLE-- [fill = 0]
                  00003c88    00000124                                   : _printfi.c.obj (.text:fcvt)
                  00003dac    00000118     libcybotScan.lib : ir.obj (.text)
                  00003ec4    00000110     rtsv7M4_T_le_v4SPD16_eabi.lib : s_scalbn.c.obj (.text:scalbn)
                  00003fd4    00000100                                   : memory.c.obj (.text:aligned_alloc)
                  000040d4    000000fc                                   : fd_mul_t2.asm.obj (.text)
                  000041d0    000000e4                                   : memory.c.obj (.text:free)
                  000042b4    000000b1                                   : _printfi.c.obj (.text:_ltostr)
                  00004365    00000001     --HOLE-- [fill = 0]
                  00004366    0000009c                                   : memcpy_t2.asm.obj (.text)
                  00004402    00000096                                   : ull_div_t2.asm.obj (.text)
                  00004498    00000086                                   : fd_cmp_t2.asm.obj (.text:__aeabi_cdcmple)
                  0000451e    00000086                                   : fd_cmp_t2.asm.obj (.text:__aeabi_cdrcmple)
                  000045a4    0000007a                                   : memset_t2.asm.obj (.text)
                  0000461e    00000002     --HOLE-- [fill = 0]
                  00004620    00000070                                   : memory.c.obj (.text:split)
                  00004690    0000006e                                   : _printfi.c.obj (.text:_mcpy)
                  000046fe    0000006e                                   : fd_tos_t2.asm.obj (.text)
                  0000476c    00000068                                   : copy_decompress_lzss.c.obj (.text:decompress:lzss:__TI_decompress_lzss)
                  000047d4    00000064                                   : s_frexp.c.obj (.text:frexp)
                  00004838    00000056                                   : _printfi.c.obj (.text:_pconv_f)
                  0000488e    00000054                                   : _ltoa.c.obj (.text:__TI_ltoa)
                  000048e2    00000052                                   : _printfi.c.obj (.text:_ecpy)
                  00004934    0000004c                                   : atoi.c.obj (.text:atoi)
                  00004980    00000048                                   : fd_toi_t2.asm.obj (.text)
                  000049c8    00000044                                   : autoinit.c.obj (.text:__TI_auto_init_nobinit_nopinit:__TI_auto_init_nobinit_nopinit)
                  00004a0c    00000040                                   : sprintf.c.obj (.text:sprintf)
                  00004a4c    00000040                                   : vsnprintf.c.obj (.text:vsnprintf)
                  00004a8c    0000003e                                   : _printfi.c.obj (.text:_fcpy)
                  00004aca    00000002     --HOLE-- [fill = 0]
                  00004acc    00000038                                   : memory.c.obj (.text:calloc)
                  00004b04    00000038                                   : fs_tod_t2.asm.obj (.text)
                  00004b3c    00000034     driverlib.lib : interrupt.obj (.text:IntRegister)
                  00004b70    00000034     rtsv7M4_T_le_v4SPD16_eabi.lib : boot_cortex_m.c.obj (.text:_c_int00_noargs:_c_int00_noargs)
                  00004ba4    00000030                                   : vsnprintf.c.obj (.text:_outs)
                  00004bd4    0000002e                                   : i_tofd_t2.asm.obj (.text)
                  00004c02    00000002     --HOLE-- [fill = 0]
                  00004c04    00000028                                   : memory.c.obj (.text:free_list_insert)
                  00004c2c    0000001c                                   : memory.c.obj (.text:free_list_remove)
                  00004c48    0000001c                                   : memccpy.c.obj (.text:memccpy)
                  00004c64    0000001a                                   : s_copysign.c.obj (.text:copysign)
                  00004c7e    00000018                                   : vsnprintf.c.obj (.text:_outc)
                  00004c96    00000018                                   : sprintf.c.obj (.text:_outs)
                  00004cae    00000018     open_interface.obj (.text:oi_parseInt)
                  00004cc6    00000018     rtsv7M4_T_le_v4SPD16_eabi.lib : strcmp.c.obj (.text:strcmp)
                  00004cde    00000016                                   : strchr.c.obj (.text:strchr)
                  00004cf4    00000014                                   : strcpy.c.obj (.text:strcpy)
                  00004d08    00000014                                   : strlen.c.obj (.text:strlen)
                  00004d1c    00000012                                   : wcslen.c.obj (.text:wcslen)
                  00004d2e    00000010     driverlib.lib : interrupt.obj (.text:IntMasterEnable)
                  00004d3e    00000010     lcd.obj (.text:lcd_clear)
                  00004d4e    0000000e     rtsv7M4_T_le_v4SPD16_eabi.lib : copy_decompress_none.c.obj (.text:decompress:none:__TI_decompress_none)
                  00004d5c    0000000c     driverlib.lib : cpu.obj (.text:CPUcpsie)
                  00004d68    0000000c     rtsv7M4_T_le_v4SPD16_eabi.lib : copy_zero_init.c.obj (.text:decompress:ZI:__TI_zero_init)
                  00004d74    0000000c     tm4c123gh6pm_startup_ccs.obj (.text)
                  00004d80    0000000a     rtsv7M4_T_le_v4SPD16_eabi.lib : sprintf.c.obj (.text:_outc)
                  00004d8a    00000002     --HOLE-- [fill = 0]
                  00004d8c    00000008                                   : errno.c.obj (.text:__aeabi_errno_addr)
                  00004d94    00000008                                   : memory.c.obj (.text:malloc)
                  00004d9c    00000004                                   : pre_init.c.obj (.text:_system_pre_init)
                  00004da0    00000004                                   : exit.c.obj (.text:abort:abort)

.const     0    00004da4    00000120     
                  00004da4    00000101     rtsv7M4_T_le_v4SPD16_eabi.lib : ctype.c.obj (.const:.string:_ctypes_)
                  00004ea5    0000000f     open_interface.obj (.const:.string:$P$T0$3)
                  00004eb4    00000008     lab3_main.obj (.const:.string:$P$T0$1)
                  00004ebc    00000004     lcd.obj (.const:.string:lineAddress$1)
                  00004ec0    00000004     lcd.obj (.const:.string:lineAddresses$2)

.cinit     0    00004ec8    00000050     
                  00004ec8    00000019     (.cinit..data.load) [load image, compression = lzss]
                  00004ee1    00000003     --HOLE-- [fill = 0]
                  00004ee4    0000000c     (__TI_handler_table)
                  00004ef0    00000008     (.cinit..bss.load) [load image, compression = zero_init]
                  00004ef8    00000008     (.cinit..vtable.load) [load image, compression = zero_init]
                  00004f00    00000018     (__TI_cinit_table)

.init_array 
*          0    00000000    00000000     UNINITIALIZED

.vtable    0    20000000    0000026c     UNINITIALIZED
                  20000000    0000026c     driverlib.lib : interrupt.obj (.vtable)

.stack     0    20000270    00001000     UNINITIALIZED
                  20000270    00000004     rtsv7M4_T_le_v4SPD16_eabi.lib : boot_cortex_m.c.obj (.stack)
                  20000274    00000ffc     --HOLE--

.sysmem    0    20001270    00001000     UNINITIALIZED
                  20001270    00000010     rtsv7M4_T_le_v4SPD16_eabi.lib : memory.c.obj (.sysmem)
                  20001280    00000ff0     --HOLE--

.bss       0    20002270    0000066d     UNINITIALIZED
                  20002270    0000016c     (.common:angles)
                  200023dc    0000016c     (.common:diff_array)
                  20002548    0000016c     (.common:distance)
                  200026b4    0000016c     (.common:distance_filtered)
                  20002820    00000054     lcd.obj (.bss:lastbuffer$3)
                  20002874    00000034     (.common:isr_char_buffer)
                  200028a8    00000018     open_interface.obj (.bss:firmware$2)
                  200028c0    00000004     (.common:_timeout_ticks)
                  200028c4    00000004     (.common:fallingEdge)
                  200028c8    00000004     (.common:isr_int_value)
                  200028cc    00000004     (.common:left_calibration_value)
                  200028d0    00000004     (.common:pulseLength)
                  200028d4    00000004     (.common:right_calibration_value)
                  200028d8    00000004     (.common:risingEdge)
                  200028dc    00000001     (.common:isRisingEdge)

.data      0    200028e0    0000003d     UNINITIALIZED
                  200028e0    00000020     open_interface.obj (.data)
                  20002900    00000008     rtsv7M4_T_le_v4SPD16_eabi.lib : _lock.c.obj (.data:$O1$$)
                  20002908    00000008                                   : memory.c.obj (.data:$O1$$)
                  20002910    00000004     libcybotScan.lib : cyBot_Scan.obj (.data)
                  20002914    00000004     libcybotUART.lib : uart.obj (.data)
                  20002918    00000004     rtsv7M4_T_le_v4SPD16_eabi.lib : errno.c.obj (.data)
                  2000291c    00000001     Timer.obj (.data)

__llvm_prf_cnts 
*          0    20000000    00000000     UNINITIALIZED

MODULE SUMMARY

       Module                         code    ro data   rw data
       ------                         ----    -------   -------
    .\
       lab3_main.obj                  2732    8         1464   
       open_interface.obj             3128    15        56     
       movement.obj                   1060    0         0      
       lcd.obj                        824     8         84     
       tm4c123gh6pm_startup_ccs.obj   12      620       0      
       Timer.obj                      584     0         5      
    +--+------------------------------+-------+---------+---------+
       Total:                         8340    651       1609   
                                                               
    ../libcybotScan.lib
       cyBot_Scan.obj                 608     0         4      
       ping.obj                       492     0         13     
       servo.obj                      344     0         0      
       ir.obj                         280     0         4      
    +--+------------------------------+-------+---------+---------+
       Total:                         1724    0         21     
                                                               
    ../libcybotUART.lib
       uart.obj                       348     0         56     
    +--+------------------------------+-------+---------+---------+
       Total:                         348     0         56     
                                                               
    C:/ti/TivaWare_C_Series-2.2.0.295/driverlib/ccs/Debug/driverlib.lib
       interrupt.obj                  68      0         620    
       cpu.obj                        12      0         0      
    +--+------------------------------+-------+---------+---------+
       Total:                         80      0         620    
                                                               
    C:\ti\ccs1271\ccs\tools\compiler\ti-cgt-arm_20.2.7.LTS\lib\rtsv7M4_T_le_v4SPD16_eabi.lib
       _printfi.c.obj                 4851    0         0      
       memory.c.obj                   728     0         8      
       fd_add_t2.asm.obj              438     0         0      
       fd_div_t2.asm.obj              310     0         0      
       s_scalbn.c.obj                 272     0         0      
       fd_cmp_t2.asm.obj              268     0         0      
       ctype.c.obj                    0       257       0      
       fd_mul_t2.asm.obj              252     0         0      
       memcpy_t2.asm.obj              156     0         0      
       ull_div_t2.asm.obj             150     0         0      
       vsnprintf.c.obj                136     0         0      
       memset_t2.asm.obj              122     0         0      
       fd_tos_t2.asm.obj              110     0         0      
       copy_decompress_lzss.c.obj     104     0         0      
       s_frexp.c.obj                  100     0         0      
       sprintf.c.obj                  98      0         0      
       _ltoa.c.obj                    84      0         0      
       atoi.c.obj                     76      0         0      
       fd_toi_t2.asm.obj              72      0         0      
       autoinit.c.obj                 68      0         0      
       fs_tod_t2.asm.obj              56      0         0      
       boot_cortex_m.c.obj            52      0         0      
       i_tofd_t2.asm.obj              46      0         0      
       memccpy.c.obj                  28      0         0      
       s_copysign.c.obj               26      0         0      
       strcmp.c.obj                   24      0         0      
       strchr.c.obj                   22      0         0      
       strcpy.c.obj                   20      0         0      
       strlen.c.obj                   20      0         0      
       wcslen.c.obj                   18      0         0      
       copy_decompress_none.c.obj     14      0         0      
       copy_zero_init.c.obj           12      0         0      
       errno.c.obj                    8       0         4      
       _lock.c.obj                    2       0         8      
       exit.c.obj                     4       0         0      
       pre_init.c.obj                 4       0         0      
       div0.asm.obj                   2       0         0      
    +--+------------------------------+-------+---------+---------+
       Total:                         8753    257       20     
                                                               
       Heap:                          0       0         4096   
       Stack:                         0       0         4096   
       Linker Generated:              0       77        0      
    +--+------------------------------+-------+---------+---------+
       Grand Total:                   19245   985       10518  


LINKER GENERATED COPY TABLES

__TI_cinit_table @ 00004f00 records: 3, size/record: 8, table size: 24
	.data: load addr=00004ec8, load size=00000019 bytes, run addr=200028e0, run size=0000003d bytes, compression=lzss
	.bss: load addr=00004ef0, load size=00000008 bytes, run addr=20002270, run size=0000066d bytes, compression=zero_init
	.vtable: load addr=00004ef8, load size=00000008 bytes, run addr=20000000, run size=0000026c bytes, compression=zero_init


LINKER GENERATED HANDLER TABLE

__TI_handler_table @ 00004ee4 records: 3, size/record: 4, table size: 12
	index: 0, handler: __TI_zero_init
	index: 1, handler: __TI_decompress_lzss
	index: 2, handler: __TI_decompress_none


GLOBAL SYMBOLS: SORTED ALPHABETICALLY BY Name 

address   name                          
-------   ----                          
00003e45  ADC0SS0_Handler               
00004da1  C$$EXIT                       
00004d5d  CPUcpsie                      
00000bc3  GPIOF_Handler                 
00004d2f  IntMasterEnable               
00004b3d  IntRegister                   
00004d75  ResetISR                      
000032dd  TIMER3B_Handler               
20001270  __STACK_END                   
00001000  __STACK_SIZE                  
20000470  __STACK_TOP                   
00001000  __SYSMEM_SIZE                 
00004f00  __TI_CINIT_Base               
00004f18  __TI_CINIT_Limit              
00004ee4  __TI_Handler_Table_Base       
00004ef0  __TI_Handler_Table_Limit      
000049c9  __TI_auto_init_nobinit_nopinit
0000476d  __TI_decompress_lzss          
00004d4f  __TI_decompress_none          
0000488f  __TI_ltoa                     
ffffffff  __TI_pprof_out_hndl           
00001939  __TI_printfi                  
ffffffff  __TI_prof_data_size           
ffffffff  __TI_prof_data_start          
00000000  __TI_static_base__            
00004d69  __TI_zero_init                
00004499  __aeabi_cdcmpeq               
00004499  __aeabi_cdcmple               
0000451f  __aeabi_cdrcmple              
000046ff  __aeabi_d2f                   
00004981  __aeabi_d2iz                  
000035b3  __aeabi_dadd                  
00003b51  __aeabi_ddiv                  
000040d5  __aeabi_dmul                  
000035a9  __aeabi_dsub                  
00004d8d  __aeabi_errno_addr            
00004b05  __aeabi_f2d                   
00004bd5  __aeabi_i2d                   
0000375f  __aeabi_idiv0                 
0000375f  __aeabi_ldiv0                 
000045a5  __aeabi_memclr                
000045a5  __aeabi_memclr4               
000045a5  __aeabi_memclr8               
00004367  __aeabi_memcpy                
00004367  __aeabi_memcpy4               
00004367  __aeabi_memcpy8               
000045a7  __aeabi_memset                
000045a7  __aeabi_memset4               
000045a7  __aeabi_memset8               
00004403  __aeabi_uldivmod              
ffffffff  __binit__                     
ffffffff  __c_args__                    
UNDEFED   __mpu_init                    
20000270  __stack                       
20000000  __start___llvm_prf_cnts       
20000000  __stop___llvm_prf_cnts        
00004b71  _c_int00_noargs               
00004da4  _ctypes_                      
20002900  _lock                         
00002387  _nop                          
2000291c  _running                      
20001270  _sys_memory                   
UNDEFED   _system_post_cinit            
00004d9d  _system_pre_init              
200028c0  _timeout_ticks                
20002904  _unlock                       
00004da1  abort                         
00003fd5  aligned_alloc                 
20002270  angles                        
00004935  atoi                          
ffffffff  binit                         
00004acd  calloc                        
00001655  clear_putty_terminal          
000017ef  compute_diff                  
00004c65  copysign                      
00004c65  copysignl                     
00002e1d  cyBOT_SERVO_cal               
00002dab  cyBOT_Scan                    
00002d53  cyBOT_init_Scan               
20002910  cyBOT_scan_features           
00002d45  cyBOT_scan_version            
00003869  cyBot_UART1_Handler           
0000384f  cyBot_getByte                 
00003761  cyBot_sendByte                
00003831  cyBot_uart_flush              
0000379f  cyBot_uart_init               
00003787  cyBot_uart_sendBuffer         
0000376d  cyBot_uart_sendStr            
00001149  detect_objects                
200023dc  diff_array                    
20002548  distance                      
200026b4  distance_filtered             
20002918  errno                         
00001847  face_object                   
200028c4  fallingEdge                   
000041d1  free                          
000047d5  frexp                         
000047d5  frexpl                        
20000000  g_pfnRAMVectors               
00000000  g_pfnVectors                  
00000f21  get_angle_array               
0000146d  get_ping_data                 
0000097f  go_charge                     
00003e5b  ir_enableInterrupt            
00003e3d  ir_getDistance                
00003e15  ir_getValue                   
00003dad  ir_init                       
200028dc  isRisingEdge                  
20002874  isr_char_buffer               
20002914  isr_counter                   
200028c8  isr_int_value                 
00004d3f  lcd_clear                     
00002981  lcd_gotoLine                  
000027e9  lcd_init                      
000029e7  lcd_printf                    
000028a9  lcd_putc                      
000028e1  lcd_puts                      
000027ad  lcd_reverseNibble             
000028ff  lcd_sendCommand               
0000293d  lcd_sendNibble                
000029a9  lcd_setCursorPos              
00003ec5  ldexp                         
00003ec5  ldexpl                        
200028cc  left_calibration_value        
00000e8d  main                          
00004d95  malloc                        
0000174d  median_of_3                   
00003fd5  memalign                      
00004c49  memccpy                       
00004367  memcpy                        
000045ad  memset                        
200028e0  motor_cal_factor_L            
200028e4  motor_cal_factor_R            
00002405  move_backward                 
00002389  move_forward                  
00002609  move_forward_smart            
00002589  move_square                   
00000ff1  moving_median_filter_3        
0000026d  oi_alloc                      
00000aa9  oi_checkFirmware              
000002c7  oi_close                      
00000279  oi_free                       
00000ded  oi_getMotorCalibrationLeft    
00000e01  oi_getMotorCalibrationRight   
000002b1  oi_init                       
00000289  oi_init_noupdate              
00000915  oi_loadSong                   
00004caf  oi_parseInt                   
0000032b  oi_parsePacket                
0000096b  oi_play_song                  
0000084b  oi_setLeds                    
00000db1  oi_setMotorCalibration        
0000088f  oi_setWheels                  
00000b51  oi_shutoff_init               
0000098d  oi_uartInit                   
00000a31  oi_uartReceive                
00000a77  oi_uartSendBuff               
00000a15  oi_uartSendChar               
00000a59  oi_uartSendStr                
000002d9  oi_update                     
0000332f  ping_getDistance              
000031ed  ping_init                     
00003273  ping_trigger                  
200028d0  pulseLength                   
200028d4  right_calibration_value       
200028d8  risingEdge                    
00003ec5  scalbn                        
00003ec5  scalbnl                       
00000f5d  scan_all_angles               
0000151f  send_string_putty             
000015df  send_string_to_putty          
000038bd  servo_init                    
0000394d  servo_move                    
000039ad  servo_setPWM                  
00003941  servo_stop                    
00004a0d  sprintf                       
00004cdf  strchr                        
00004cc7  strcmp                        
00004cf5  strcpy                        
00004d09  strlen                        
000030c3  timer_getMicros               
0000306b  timer_getMillis               
00002fa5  timer_init                    
00003047  timer_pause                   
00003059  timer_resume                  
0000301d  timer_stop                    
0000311d  timer_waitMicros              
0000314f  timer_waitMillis              
0000250b  turn_left                     
00002485  turn_right                    
00004a4d  vsnprintf                     
00004d1d  wcslen                        


GLOBAL SYMBOLS: SORTED BY Symbol Address 

address   name                          
-------   ----                          
00000000  __TI_static_base__            
00000000  g_pfnVectors                  
0000026d  oi_alloc                      
00000279  oi_free                       
00000289  oi_init_noupdate              
000002b1  oi_init                       
000002c7  oi_close                      
000002d9  oi_update                     
0000032b  oi_parsePacket                
0000084b  oi_setLeds                    
0000088f  oi_setWheels                  
00000915  oi_loadSong                   
0000096b  oi_play_song                  
0000097f  go_charge                     
0000098d  oi_uartInit                   
00000a15  oi_uartSendChar               
00000a31  oi_uartReceive                
00000a59  oi_uartSendStr                
00000a77  oi_uartSendBuff               
00000aa9  oi_checkFirmware              
00000b51  oi_shutoff_init               
00000bc3  GPIOF_Handler                 
00000db1  oi_setMotorCalibration        
00000ded  oi_getMotorCalibrationLeft    
00000e01  oi_getMotorCalibrationRight   
00000e8d  main                          
00000f21  get_angle_array               
00000f5d  scan_all_angles               
00000ff1  moving_median_filter_3        
00001000  __STACK_SIZE                  
00001000  __SYSMEM_SIZE                 
00001149  detect_objects                
0000146d  get_ping_data                 
0000151f  send_string_putty             
000015df  send_string_to_putty          
00001655  clear_putty_terminal          
0000174d  median_of_3                   
000017ef  compute_diff                  
00001847  face_object                   
00001939  __TI_printfi                  
00002387  _nop                          
00002389  move_forward                  
00002405  move_backward                 
00002485  turn_right                    
0000250b  turn_left                     
00002589  move_square                   
00002609  move_forward_smart            
000027ad  lcd_reverseNibble             
000027e9  lcd_init                      
000028a9  lcd_putc                      
000028e1  lcd_puts                      
000028ff  lcd_sendCommand               
0000293d  lcd_sendNibble                
00002981  lcd_gotoLine                  
000029a9  lcd_setCursorPos              
000029e7  lcd_printf                    
00002d45  cyBOT_scan_version            
00002d53  cyBOT_init_Scan               
00002dab  cyBOT_Scan                    
00002e1d  cyBOT_SERVO_cal               
00002fa5  timer_init                    
0000301d  timer_stop                    
00003047  timer_pause                   
00003059  timer_resume                  
0000306b  timer_getMillis               
000030c3  timer_getMicros               
0000311d  timer_waitMicros              
0000314f  timer_waitMillis              
000031ed  ping_init                     
00003273  ping_trigger                  
000032dd  TIMER3B_Handler               
0000332f  ping_getDistance              
000035a9  __aeabi_dsub                  
000035b3  __aeabi_dadd                  
0000375f  __aeabi_idiv0                 
0000375f  __aeabi_ldiv0                 
00003761  cyBot_sendByte                
0000376d  cyBot_uart_sendStr            
00003787  cyBot_uart_sendBuffer         
0000379f  cyBot_uart_init               
00003831  cyBot_uart_flush              
0000384f  cyBot_getByte                 
00003869  cyBot_UART1_Handler           
000038bd  servo_init                    
00003941  servo_stop                    
0000394d  servo_move                    
000039ad  servo_setPWM                  
00003b51  __aeabi_ddiv                  
00003dad  ir_init                       
00003e15  ir_getValue                   
00003e3d  ir_getDistance                
00003e45  ADC0SS0_Handler               
00003e5b  ir_enableInterrupt            
00003ec5  ldexp                         
00003ec5  ldexpl                        
00003ec5  scalbn                        
00003ec5  scalbnl                       
00003fd5  aligned_alloc                 
00003fd5  memalign                      
000040d5  __aeabi_dmul                  
000041d1  free                          
00004367  __aeabi_memcpy                
00004367  __aeabi_memcpy4               
00004367  __aeabi_memcpy8               
00004367  memcpy                        
00004403  __aeabi_uldivmod              
00004499  __aeabi_cdcmpeq               
00004499  __aeabi_cdcmple               
0000451f  __aeabi_cdrcmple              
000045a5  __aeabi_memclr                
000045a5  __aeabi_memclr4               
000045a5  __aeabi_memclr8               
000045a7  __aeabi_memset                
000045a7  __aeabi_memset4               
000045a7  __aeabi_memset8               
000045ad  memset                        
000046ff  __aeabi_d2f                   
0000476d  __TI_decompress_lzss          
000047d5  frexp                         
000047d5  frexpl                        
0000488f  __TI_ltoa                     
00004935  atoi                          
00004981  __aeabi_d2iz                  
000049c9  __TI_auto_init_nobinit_nopinit
00004a0d  sprintf                       
00004a4d  vsnprintf                     
00004acd  calloc                        
00004b05  __aeabi_f2d                   
00004b3d  IntRegister                   
00004b71  _c_int00_noargs               
00004bd5  __aeabi_i2d                   
00004c49  memccpy                       
00004c65  copysign                      
00004c65  copysignl                     
00004caf  oi_parseInt                   
00004cc7  strcmp                        
00004cdf  strchr                        
00004cf5  strcpy                        
00004d09  strlen                        
00004d1d  wcslen                        
00004d2f  IntMasterEnable               
00004d3f  lcd_clear                     
00004d4f  __TI_decompress_none          
00004d5d  CPUcpsie                      
00004d69  __TI_zero_init                
00004d75  ResetISR                      
00004d8d  __aeabi_errno_addr            
00004d95  malloc                        
00004d9d  _system_pre_init              
00004da1  C$$EXIT                       
00004da1  abort                         
00004da4  _ctypes_                      
00004ee4  __TI_Handler_Table_Base       
00004ef0  __TI_Handler_Table_Limit      
00004f00  __TI_CINIT_Base               
00004f18  __TI_CINIT_Limit              
20000000  __start___llvm_prf_cnts       
20000000  __stop___llvm_prf_cnts        
20000000  g_pfnRAMVectors               
20000270  __stack                       
20000470  __STACK_TOP                   
20001270  __STACK_END                   
20001270  _sys_memory                   
20002270  angles                        
200023dc  diff_array                    
20002548  distance                      
200026b4  distance_filtered             
20002874  isr_char_buffer               
200028c0  _timeout_ticks                
200028c4  fallingEdge                   
200028c8  isr_int_value                 
200028cc  left_calibration_value        
200028d0  pulseLength                   
200028d4  right_calibration_value       
200028d8  risingEdge                    
200028dc  isRisingEdge                  
200028e0  motor_cal_factor_L            
200028e4  motor_cal_factor_R            
20002900  _lock                         
20002904  _unlock                       
20002910  cyBOT_scan_features           
20002914  isr_counter                   
20002918  errno                         
2000291c  _running                      
ffffffff  __TI_pprof_out_hndl           
ffffffff  __TI_prof_data_size           
ffffffff  __TI_prof_data_start          
ffffffff  __binit__                     
ffffffff  __c_args__                    
ffffffff  binit                         
UNDEFED   __mpu_init                    
UNDEFED   _system_post_cinit            

[192 symbols]
