******************************************************************************
                  TI ARM Linker PC v20.2.7                     
******************************************************************************
>> Linked Mon Mar 31 13:55:51 2025

OUTPUT FILE NAME:   <Lab2.out>
ENTRY POINT SYMBOL: "_c_int00_noargs"  address: 00001f45


MEMORY CONFIGURATION

         name            origin    length      used     unused   attr    fill
----------------------  --------  ---------  --------  --------  ----  --------
  FLASH                 00000000   00040000  000020dd  0003df23  R  X
  SRAM                  20000000   00008000  000022b9  00005d47  RW X


SEGMENT ALLOCATION MAP

run origin  load origin   length   init length attrs members
----------  ----------- ---------- ----------- ----- -------
00000000    00000000    000020e0   000020e0    r-x
  00000000    00000000    0000026c   0000026c    r-- .intvecs
  0000026c    0000026c    00001e12   00001e12    r-x .text
  0000207e    0000207e    0000000f   0000000f    r-- .const
  00002090    00002090    00000050   00000050    r-- .cinit
20000000    20000000    000022c0   00000000    rw-
  20000000    20000000    0000026c   00000000    rw- .vtable
  20000270    20000270    00001000   00000000    rw- .stack
  20001270    20001270    00001000   00000000    rw- .sysmem
  20002270    20002270    00000031   00000000    rw- .data
  200022a4    200022a4    0000001c   00000000    rw- .bss


SECTION ALLOCATION MAP

 output                                  attributes/
section   page    origin      length       input sections
--------  ----  ----------  ----------   ----------------
.intvecs   0    00000000    0000026c     
                  00000000    0000026c     tm4c123gh6pm_startup_ccs.obj (.intvecs)

.text      0    0000026c    00001e12     
                  0000026c    00000c20     open_interface.obj (.text)
                  00000e8c    00000450     movement.obj (.text)
                  000012dc    00000248     Timer.obj (.text)
                  00001524    000001b6     rtsv7M4_T_le_v4SPD16_eabi.lib : fd_add_t2.asm.obj (.text)
                  000016da    00000136                                   : fd_div_t2.asm.obj (.text)
                  00001810    00000100                                   : memory.c.obj (.text:aligned_alloc)
                  00001910    000000fc                                   : fd_mul_t2.asm.obj (.text)
                  00001a0c    000000e4                                   : memory.c.obj (.text:free)
                  00001af0    0000009c                                   : memcpy_t2.asm.obj (.text)
                  00001b8c    00000086                                   : fd_cmp_t2.asm.obj (.text:__aeabi_cdcmple)
                  00001c12    00000086                                   : fd_cmp_t2.asm.obj (.text:__aeabi_cdrcmple)
                  00001c98    0000007a                                   : memset_t2.asm.obj (.text)
                  00001d12    00000002                                   : _lock.c.obj (.text:_nop)
                  00001d14    00000070                                   : memory.c.obj (.text:split)
                  00001d84    0000006e                                   : fd_tos_t2.asm.obj (.text)
                  00001df2    00000068                                   : copy_decompress_lzss.c.obj (.text:decompress:lzss:__TI_decompress_lzss)
                  00001e5a    00000002     --HOLE-- [fill = 0]
                  00001e5c    00000044                                   : autoinit.c.obj (.text:__TI_auto_init_nobinit_nopinit:__TI_auto_init_nobinit_nopinit)
                  00001ea0    00000038                                   : memory.c.obj (.text:calloc)
                  00001ed8    00000038                                   : fs_tod_t2.asm.obj (.text)
                  00001f10    00000034     driverlib.lib : interrupt.obj (.text:IntRegister)
                  00001f44    00000034     rtsv7M4_T_le_v4SPD16_eabi.lib : boot_cortex_m.c.obj (.text:_c_int00_noargs:_c_int00_noargs)
                  00001f78    0000002e                                   : i_tofd_t2.asm.obj (.text)
                  00001fa6    00000002     --HOLE-- [fill = 0]
                  00001fa8    00000028                                   : memory.c.obj (.text:free_list_insert)
                  00001fd0    0000001c                                   : copy_zero_init.c.obj (.text:decompress:ZI:__TI_zero_init_nomemset:__TI_zero_init_nomemset)
                  00001fec    0000001c                                   : memory.c.obj (.text:free_list_remove)
                  00002008    00000018     open_interface.obj (.text:oi_parseInt)
                  00002020    00000018     rtsv7M4_T_le_v4SPD16_eabi.lib : strcmp.c.obj (.text:strcmp)
                  00002038    00000010     driverlib.lib : interrupt.obj (.text:IntMasterEnable)
                  00002048    0000000e     rtsv7M4_T_le_v4SPD16_eabi.lib : copy_decompress_none.c.obj (.text:decompress:none:__TI_decompress_none)
                  00002056    0000000c     driverlib.lib : cpu.obj (.text:CPUcpsie)
                  00002062    0000000c     tm4c123gh6pm_startup_ccs.obj (.text)
                  0000206e    00000008     rtsv7M4_T_le_v4SPD16_eabi.lib : memory.c.obj (.text:malloc)
                  00002076    00000004                                   : pre_init.c.obj (.text:_system_pre_init)
                  0000207a    00000004                                   : exit.c.obj (.text:abort:abort)

.const     0    0000207e    0000000f     
                  0000207e    0000000f     open_interface.obj (.const:.string:$P$T0$3)

.cinit     0    00002090    00000050     
                  00002090    00000018     (.cinit..data.load) [load image, compression = lzss]
                  000020a8    0000000c     (__TI_handler_table)
                  000020b4    00000004     --HOLE-- [fill = 0]
                  000020b8    00000008     (.cinit..bss.load) [load image, compression = zero_init]
                  000020c0    00000008     (.cinit..vtable.load) [load image, compression = zero_init]
                  000020c8    00000018     (__TI_cinit_table)

.init_array 
*          0    00000000    00000000     UNINITIALIZED

.vtable    0    20000000    0000026c     UNINITIALIZED
                  20000000    0000026c     driverlib.lib : interrupt.obj (.vtable)

.stack     0    20000270    00001000     UNINITIALIZED
                  20000270    00000004     rtsv7M4_T_le_v4SPD16_eabi.lib : boot_cortex_m.c.obj (.stack)
                  20000274    00000ffc     --HOLE--

.sysmem    0    20001270    00001000     UNINITIALIZED
                  20001270    00000010     rtsv7M4_T_le_v4SPD16_eabi.lib : memory.c.obj (.sysmem)
                  20001280    00000ff0     --HOLE--

.data      0    20002270    00000031     UNINITIALIZED
                  20002270    00000020     open_interface.obj (.data)
                  20002290    00000008     rtsv7M4_T_le_v4SPD16_eabi.lib : _lock.c.obj (.data:$O1$$)
                  20002298    00000008                                   : memory.c.obj (.data:$O1$$)
                  200022a0    00000001     Timer.obj (.data)

.bss       0    200022a4    0000001c     UNINITIALIZED
                  200022a4    00000018     open_interface.obj (.bss:firmware$2)
                  200022bc    00000004     (.common:_timeout_ticks)

__llvm_prf_cnts 
*          0    20000000    00000000     UNINITIALIZED

MODULE SUMMARY

       Module                         code   ro data   rw data
       ------                         ----   -------   -------
    .\
       open_interface.obj             3128   15        56     
       movement.obj                   1104   0         0      
       tm4c123gh6pm_startup_ccs.obj   12     620       0      
       Timer.obj                      584    0         5      
    +--+------------------------------+------+---------+---------+
       Total:                         4828   635       61     
                                                              
    C:/ti/TivaWare_C_Series-2.2.0.295/driverlib/ccs/Debug/driverlib.lib
       interrupt.obj                  68     0         620    
       cpu.obj                        12     0         0      
    +--+------------------------------+------+---------+---------+
       Total:                         80     0         620    
                                                              
    C:\ti\ccs1271\ccs\tools\compiler\ti-cgt-arm_20.2.7.LTS\lib\rtsv7M4_T_le_v4SPD16_eabi.lib
       memory.c.obj                   728    0         8      
       fd_add_t2.asm.obj              438    0         0      
       fd_div_t2.asm.obj              310    0         0      
       fd_cmp_t2.asm.obj              268    0         0      
       fd_mul_t2.asm.obj              252    0         0      
       memcpy_t2.asm.obj              156    0         0      
       memset_t2.asm.obj              122    0         0      
       fd_tos_t2.asm.obj              110    0         0      
       copy_decompress_lzss.c.obj     104    0         0      
       autoinit.c.obj                 68     0         0      
       fs_tod_t2.asm.obj              56     0         0      
       boot_cortex_m.c.obj            52     0         0      
       i_tofd_t2.asm.obj              46     0         0      
       copy_zero_init.c.obj           28     0         0      
       strcmp.c.obj                   24     0         0      
       copy_decompress_none.c.obj     14     0         0      
       _lock.c.obj                    2      0         8      
       exit.c.obj                     4      0         0      
       pre_init.c.obj                 4      0         0      
    +--+------------------------------+------+---------+---------+
       Total:                         2786   0         16     
                                                              
       Heap:                          0      0         4096   
       Stack:                         0      0         4096   
       Linker Generated:              0      76        0      
    +--+------------------------------+------+---------+---------+
       Grand Total:                   7694   711       8889   


LINKER GENERATED COPY TABLES

__TI_cinit_table @ 000020c8 records: 3, size/record: 8, table size: 24
	.data: load addr=00002090, load size=00000018 bytes, run addr=20002270, run size=00000031 bytes, compression=lzss
	.bss: load addr=000020b8, load size=00000008 bytes, run addr=200022a4, run size=0000001c bytes, compression=zero_init
	.vtable: load addr=000020c0, load size=00000008 bytes, run addr=20000000, run size=0000026c bytes, compression=zero_init


LINKER GENERATED HANDLER TABLE

__TI_handler_table @ 000020a8 records: 3, size/record: 4, table size: 12
	index: 0, handler: __TI_zero_init
	index: 1, handler: __TI_decompress_lzss
	index: 2, handler: __TI_decompress_none


GLOBAL SYMBOLS: SORTED ALPHABETICALLY BY Name 

address   name                          
-------   ----                          
0000207b  C$$EXIT                       
00002057  CPUcpsie                      
00000bc3  GPIOF_Handler                 
00002039  IntMasterEnable               
00001f11  IntRegister                   
00002063  ResetISR                      
20001270  __STACK_END                   
00001000  __STACK_SIZE                  
20000470  __STACK_TOP                   
00001000  __SYSMEM_SIZE                 
000020c8  __TI_CINIT_Base               
000020e0  __TI_CINIT_Limit              
000020a8  __TI_Handler_Table_Base       
000020b4  __TI_Handler_Table_Limit      
00001e5d  __TI_auto_init_nobinit_nopinit
00001df3  __TI_decompress_lzss          
00002049  __TI_decompress_none          
ffffffff  __TI_pprof_out_hndl           
ffffffff  __TI_prof_data_size           
ffffffff  __TI_prof_data_start          
00000000  __TI_static_base__            
00001fd1  __TI_zero_init_nomemset       
00001b8d  __aeabi_cdcmpeq               
00001b8d  __aeabi_cdcmple               
00001c13  __aeabi_cdrcmple              
00001d85  __aeabi_d2f                   
0000152f  __aeabi_dadd                  
000016db  __aeabi_ddiv                  
00001911  __aeabi_dmul                  
00001525  __aeabi_dsub                  
00001ed9  __aeabi_f2d                   
00001f79  __aeabi_i2d                   
00001c99  __aeabi_memclr                
00001c99  __aeabi_memclr4               
00001c99  __aeabi_memclr8               
00001af1  __aeabi_memcpy                
00001af1  __aeabi_memcpy4               
00001af1  __aeabi_memcpy8               
00001c9b  __aeabi_memset                
00001c9b  __aeabi_memset4               
00001c9b  __aeabi_memset8               
ffffffff  __binit__                     
ffffffff  __c_args__                    
UNDEFED   __mpu_init                    
20000270  __stack                       
20000000  __start___llvm_prf_cnts       
20000000  __stop___llvm_prf_cnts        
00001f45  _c_int00_noargs               
20002290  _lock                         
00001d13  _nop                          
200022a0  _running                      
20001270  _sys_memory                   
UNDEFED   _system_post_cinit            
00002077  _system_pre_init              
200022bc  _timeout_ticks                
20002294  _unlock                       
0000207b  abort                         
00001811  aligned_alloc                 
ffffffff  binit                         
00001ea1  calloc                        
00001a0d  free                          
20000000  g_pfnRAMVectors               
00000000  g_pfnVectors                  
0000097f  go_charge                     
00000e8d  main                          
0000206f  malloc                        
00001811  memalign                      
00001af1  memcpy                        
00001ca1  memset                        
20002270  motor_cal_factor_L            
20002274  motor_cal_factor_R            
00000f2d  move_backward                 
00000eb1  move_forward                  
00001139  move_forward_smart            
000010b1  move_square                   
0000026d  oi_alloc                      
00000aa9  oi_checkFirmware              
000002c7  oi_close                      
00000279  oi_free                       
00000ded  oi_getMotorCalibrationLeft    
00000e01  oi_getMotorCalibrationRight   
000002b1  oi_init                       
00000289  oi_init_noupdate              
00000915  oi_loadSong                   
00002009  oi_parseInt                   
0000032b  oi_parsePacket                
0000096b  oi_play_song                  
0000084b  oi_setLeds                    
00000db1  oi_setMotorCalibration        
0000088f  oi_setWheels                  
00000b51  oi_shutoff_init               
0000098d  oi_uartInit                   
00000a31  oi_uartReceive                
00000a77  oi_uartSendBuff               
00000a15  oi_uartSendChar               
00000a59  oi_uartSendStr                
000002d9  oi_update                     
00002021  strcmp                        
000013fb  timer_getMicros               
000013a3  timer_getMillis               
000012dd  timer_init                    
0000137f  timer_pause                   
00001391  timer_resume                  
00001355  timer_stop                    
00001455  timer_waitMicros              
00001487  timer_waitMillis              
00001033  turn_left                     
00000fad  turn_right                    


GLOBAL SYMBOLS: SORTED BY Symbol Address 

address   name                          
-------   ----                          
00000000  __TI_static_base__            
00000000  g_pfnVectors                  
0000026d  oi_alloc                      
00000279  oi_free                       
00000289  oi_init_noupdate              
000002b1  oi_init                       
000002c7  oi_close                      
000002d9  oi_update                     
0000032b  oi_parsePacket                
0000084b  oi_setLeds                    
0000088f  oi_setWheels                  
00000915  oi_loadSong                   
0000096b  oi_play_song                  
0000097f  go_charge                     
0000098d  oi_uartInit                   
00000a15  oi_uartSendChar               
00000a31  oi_uartReceive                
00000a59  oi_uartSendStr                
00000a77  oi_uartSendBuff               
00000aa9  oi_checkFirmware              
00000b51  oi_shutoff_init               
00000bc3  GPIOF_Handler                 
00000db1  oi_setMotorCalibration        
00000ded  oi_getMotorCalibrationLeft    
00000e01  oi_getMotorCalibrationRight   
00000e8d  main                          
00000eb1  move_forward                  
00000f2d  move_backward                 
00000fad  turn_right                    
00001000  __STACK_SIZE                  
00001000  __SYSMEM_SIZE                 
00001033  turn_left                     
000010b1  move_square                   
00001139  move_forward_smart            
000012dd  timer_init                    
00001355  timer_stop                    
0000137f  timer_pause                   
00001391  timer_resume                  
000013a3  timer_getMillis               
000013fb  timer_getMicros               
00001455  timer_waitMicros              
00001487  timer_waitMillis              
00001525  __aeabi_dsub                  
0000152f  __aeabi_dadd                  
000016db  __aeabi_ddiv                  
00001811  aligned_alloc                 
00001811  memalign                      
00001911  __aeabi_dmul                  
00001a0d  free                          
00001af1  __aeabi_memcpy                
00001af1  __aeabi_memcpy4               
00001af1  __aeabi_memcpy8               
00001af1  memcpy                        
00001b8d  __aeabi_cdcmpeq               
00001b8d  __aeabi_cdcmple               
00001c13  __aeabi_cdrcmple              
00001c99  __aeabi_memclr                
00001c99  __aeabi_memclr4               
00001c99  __aeabi_memclr8               
00001c9b  __aeabi_memset                
00001c9b  __aeabi_memset4               
00001c9b  __aeabi_memset8               
00001ca1  memset                        
00001d13  _nop                          
00001d85  __aeabi_d2f                   
00001df3  __TI_decompress_lzss          
00001e5d  __TI_auto_init_nobinit_nopinit
00001ea1  calloc                        
00001ed9  __aeabi_f2d                   
00001f11  IntRegister                   
00001f45  _c_int00_noargs               
00001f79  __aeabi_i2d                   
00001fd1  __TI_zero_init_nomemset       
00002009  oi_parseInt                   
00002021  strcmp                        
00002039  IntMasterEnable               
00002049  __TI_decompress_none          
00002057  CPUcpsie                      
00002063  ResetISR                      
0000206f  malloc                        
00002077  _system_pre_init              
0000207b  C$$EXIT                       
0000207b  abort                         
000020a8  __TI_Handler_Table_Base       
000020b4  __TI_Handler_Table_Limit      
000020c8  __TI_CINIT_Base               
000020e0  __TI_CINIT_Limit              
20000000  __start___llvm_prf_cnts       
20000000  __stop___llvm_prf_cnts        
20000000  g_pfnRAMVectors               
20000270  __stack                       
20000470  __STACK_TOP                   
20001270  __STACK_END                   
20001270  _sys_memory                   
20002270  motor_cal_factor_L            
20002274  motor_cal_factor_R            
20002290  _lock                         
20002294  _unlock                       
200022a0  _running                      
200022bc  _timeout_ticks                
ffffffff  __TI_pprof_out_hndl           
ffffffff  __TI_prof_data_size           
ffffffff  __TI_prof_data_start          
ffffffff  __binit__                     
ffffffff  __c_args__                    
ffffffff  binit                         
UNDEFED   __mpu_init                    
UNDEFED   _system_post_cinit            

[108 symbols]
