******************************************************************************
                  TI ARM Linker PC v20.2.7                     
******************************************************************************
>> Linked Fri Feb  7 11:22:22 2025

OUTPUT FILE NAME:   <Lab01.out>
ENTRY POINT SYMBOL: "_c_int00_noargs"  address: 00002ab1


MEMORY CONFIGURATION

         name            origin    length      used     unused   attr    fill
----------------------  --------  ---------  --------  --------  ----  --------
  FLASH                 00000000   00040000  00002dfb  0003d205  R  X
  SRAM                  20000000   00008000  000022dd  00005d23  RW X


SEGMENT ALLOCATION MAP

run origin  load origin   length   init length attrs members
----------  ----------- ---------- ----------- ----- -------
00000000    00000000    00002e00   00002e00    r-x
  00000000    00000000    0000026c   0000026c    r-- .intvecs
  0000026c    0000026c    00002a34   00002a34    r-x .text
  00002ca0    00002ca0    0000011b   0000011b    r-- .const
  00002dc0    00002dc0    00000040   00000040    r-- .cinit
20000000    20000000    000022e1   00000000    rw-
  20000000    20000000    0000026c   00000000    rw- .vtable
  20000270    20000270    00001000   00000000    rw- .stack
  20001270    20001270    00001000   00000000    rw- .sysmem
  20002270    20002270    00000058   00000000    rw- .bss
  200022c8    200022c8    00000019   00000000    rw- .data


SECTION ALLOCATION MAP

 output                                  attributes/
section   page    origin      length       input sections
--------  ----  ----------  ----------   ----------------
.intvecs   0    00000000    0000026c     
                  00000000    0000026c     tm4c123gh6pm_startup_ccs.obj (.intvecs)

.text      0    0000026c    00002a34     
                  0000026c    00000a4e     rtsv7M4_T_le_v4SPD16_eabi.lib : _printfi.c.obj (.text:__TI_printfi)
                  00000cba    00000002                                   : _lock.c.obj (.text:_nop)
                  00000cbc    00000328     lcd.obj (.text)
                  00000fe4    00000270     rtsv7M4_T_le_v4SPD16_eabi.lib : _printfi.c.obj (.text:_pconv_a)
                  00001254    00000248     Timer.obj (.text)
                  0000149c    000001d0     rtsv7M4_T_le_v4SPD16_eabi.lib : _printfi.c.obj (.text:_pconv_g)
                  0000166c    000001b6                                   : fd_add_t2.asm.obj (.text)
                  00001822    00000002                                   : div0.asm.obj (.text)
                  00001824    0000014c                                   : vla_alloc.c.obj (.text:__vla_alloc)
                  00001970    0000013c                                   : _printfi.c.obj (.text:_pconv_e)
                  00001aac    00000136                                   : fd_div_t2.asm.obj (.text)
                  00001be2    00000002     --HOLE-- [fill = 0]
                  00001be4    00000124                                   : _printfi.c.obj (.text:fcvt)
                  00001d08    00000110                                   : s_scalbn.c.obj (.text:scalbn)
                  00001e18    00000100                                   : memory.c.obj (.text:aligned_alloc)
                  00001f18    000000fc                                   : fd_mul_t2.asm.obj (.text)
                  00002014    000000e4                                   : memory.c.obj (.text:free)
                  000020f8    000000e4                                   : memory.c.obj (.text:realloc)
                  000021dc    000000bc     main.obj (.text)
                  00002298    000000b1     rtsv7M4_T_le_v4SPD16_eabi.lib : _printfi.c.obj (.text:_ltostr)
                  00002349    00000001     --HOLE-- [fill = 0]
                  0000234a    0000009c                                   : memcpy_t2.asm.obj (.text)
                  000023e6    00000096                                   : ull_div_t2.asm.obj (.text)
                  0000247c    00000086                                   : fd_cmp_t2.asm.obj (.text:__aeabi_cdcmple)
                  00002502    00000086                                   : fd_cmp_t2.asm.obj (.text:__aeabi_cdrcmple)
                  00002588    0000007a                                   : memset_t2.asm.obj (.text)
                  00002602    00000002     --HOLE-- [fill = 0]
                  00002604    00000078                                   : vla_alloc.c.obj (.text:_ZN33_INTERNAL_11_vla_alloc_c_be8bd49b21free_dead_allocationsEPv)
                  0000267c    00000070                                   : memory.c.obj (.text:split)
                  000026ec    0000006e                                   : _printfi.c.obj (.text:_mcpy)
                  0000275a    00000068                                   : copy_decompress_lzss.c.obj (.text:decompress:lzss:__TI_decompress_lzss)
                  000027c2    00000002     --HOLE-- [fill = 0]
                  000027c4    00000064                                   : s_frexp.c.obj (.text:frexp)
                  00002828    00000056                                   : _printfi.c.obj (.text:_pconv_f)
                  0000287e    00000054                                   : _ltoa.c.obj (.text:__TI_ltoa)
                  000028d2    00000052                                   : _printfi.c.obj (.text:_ecpy)
                  00002924    0000004c                                   : atoi.c.obj (.text:atoi)
                  00002970    00000048                                   : fd_toi_t2.asm.obj (.text)
                  000029b8    00000044                                   : autoinit.c.obj (.text:__TI_auto_init_nobinit_nopinit:__TI_auto_init_nobinit_nopinit)
                  000029fc    00000040                                   : vsnprintf.c.obj (.text:vsnprintf)
                  00002a3c    0000003e                                   : _printfi.c.obj (.text:_fcpy)
                  00002a7a    00000002     --HOLE-- [fill = 0]
                  00002a7c    00000034     driverlib.lib : interrupt.obj (.text:IntRegister)
                  00002ab0    00000034     rtsv7M4_T_le_v4SPD16_eabi.lib : boot_cortex_m.c.obj (.text:_c_int00_noargs:_c_int00_noargs)
                  00002ae4    00000030                                   : vsnprintf.c.obj (.text:_outs)
                  00002b14    0000002e                                   : i_tofd_t2.asm.obj (.text)
                  00002b42    00000002     --HOLE-- [fill = 0]
                  00002b44    00000028                                   : memory.c.obj (.text:free_list_insert)
                  00002b6c    0000001c                                   : copy_zero_init.c.obj (.text:decompress:ZI:__TI_zero_init_nomemset:__TI_zero_init_nomemset)
                  00002b88    0000001c                                   : memory.c.obj (.text:free_list_remove)
                  00002ba4    0000001c                                   : memccpy.c.obj (.text:memccpy)
                  00002bc0    0000001a                                   : s_copysign.c.obj (.text:copysign)
                  00002bda    00000018                                   : vsnprintf.c.obj (.text:_outc)
                  00002bf2    00000018                                   : strcmp.c.obj (.text:strcmp)
                  00002c0a    00000016                                   : strchr.c.obj (.text:strchr)
                  00002c20    00000014                                   : strcpy.c.obj (.text:strcpy)
                  00002c34    00000014                                   : strlen.c.obj (.text:strlen)
                  00002c48    00000012                                   : wcslen.c.obj (.text:wcslen)
                  00002c5a    00000010     lcd.obj (.text:lcd_clear)
                  00002c6a    0000000e     rtsv7M4_T_le_v4SPD16_eabi.lib : copy_decompress_none.c.obj (.text:decompress:none:__TI_decompress_none)
                  00002c78    0000000c     tm4c123gh6pm_startup_ccs.obj (.text)
                  00002c84    00000008     rtsv7M4_T_le_v4SPD16_eabi.lib : errno.c.obj (.text:__aeabi_errno_addr)
                  00002c8c    00000008                                   : memory.c.obj (.text:malloc)
                  00002c94    00000004                                   : error.c.obj (.text:__abort_execution)
                  00002c98    00000004                                   : pre_init.c.obj (.text:_system_pre_init)
                  00002c9c    00000004                                   : exit.c.obj (.text:abort:abort)

.const     0    00002ca0    0000011b     
                  00002ca0    00000101     rtsv7M4_T_le_v4SPD16_eabi.lib : ctype.c.obj (.const:.string:_ctypes_)
                  00002da1    00000012     main.obj (.const:.string:$P$T1$1)
                  00002db3    00000004     lcd.obj (.const:.string:lineAddress$1)
                  00002db7    00000004     lcd.obj (.const:.string:lineAddresses$2)

.cinit     0    00002dc0    00000040     
                  00002dc0    0000000c     (.cinit..data.load) [load image, compression = lzss]
                  00002dcc    0000000c     (__TI_handler_table)
                  00002dd8    00000008     (.cinit..bss.load) [load image, compression = zero_init]
                  00002de0    00000008     (.cinit..vtable.load) [load image, compression = zero_init]
                  00002de8    00000018     (__TI_cinit_table)

.init_array 
*          0    00000000    00000000     UNINITIALIZED

.vtable    0    20000000    0000026c     UNINITIALIZED
                  20000000    0000026c     driverlib.lib : interrupt.obj (.vtable)

.stack     0    20000270    00001000     UNINITIALIZED
                  20000270    00000004     rtsv7M4_T_le_v4SPD16_eabi.lib : boot_cortex_m.c.obj (.stack)
                  20000274    00000ffc     --HOLE--

.sysmem    0    20001270    00001000     UNINITIALIZED
                  20001270    00000010     rtsv7M4_T_le_v4SPD16_eabi.lib : memory.c.obj (.sysmem)
                  20001280    00000ff0     --HOLE--

.bss       0    20002270    00000058     UNINITIALIZED
                  20002270    00000054     lcd.obj (.bss:lastbuffer$3)
                  200022c4    00000004     (.common:_timeout_ticks)

.data      0    200022c8    00000019     UNINITIALIZED
                  200022c8    00000008     rtsv7M4_T_le_v4SPD16_eabi.lib : _lock.c.obj (.data:$O1$$)
                  200022d0    00000008                                   : memory.c.obj (.data:$O1$$)
                  200022d8    00000004                                   : errno.c.obj (.data)
                  200022dc    00000004                                   : vla_alloc.c.obj (.data)
                  200022e0    00000001     Timer.obj (.data)

__llvm_prf_cnts 
*          0    20000000    00000000     UNINITIALIZED

MODULE SUMMARY

       Module                         code    ro data   rw data
       ------                         ----    -------   -------
    .\
       lcd.obj                        824     8         84     
       tm4c123gh6pm_startup_ccs.obj   12      620       0      
       Timer.obj                      584     0         5      
       main.obj                       188     18        0      
    +--+------------------------------+-------+---------+---------+
       Total:                         1608    646       89     
                                                               
    C:/ti/TivaWare_C_Series-2.2.0.295/driverlib/ccs/Debug/driverlib.lib
       interrupt.obj                  52      0         620    
    +--+------------------------------+-------+---------+---------+
       Total:                         52      0         620    
                                                               
    C:\ti\ccs1271\ccs\tools\compiler\ti-cgt-arm_20.2.7.LTS\lib\rtsv7M4_T_le_v4SPD16_eabi.lib
       _printfi.c.obj                 4851    0         0      
       memory.c.obj                   900     0         8      
       vla_alloc.c.obj                452     0         4      
       fd_add_t2.asm.obj              438     0         0      
       fd_div_t2.asm.obj              310     0         0      
       s_scalbn.c.obj                 272     0         0      
       fd_cmp_t2.asm.obj              268     0         0      
       ctype.c.obj                    0       257       0      
       fd_mul_t2.asm.obj              252     0         0      
       memcpy_t2.asm.obj              156     0         0      
       ull_div_t2.asm.obj             150     0         0      
       vsnprintf.c.obj                136     0         0      
       memset_t2.asm.obj              122     0         0      
       copy_decompress_lzss.c.obj     104     0         0      
       s_frexp.c.obj                  100     0         0      
       _ltoa.c.obj                    84      0         0      
       atoi.c.obj                     76      0         0      
       fd_toi_t2.asm.obj              72      0         0      
       autoinit.c.obj                 68      0         0      
       boot_cortex_m.c.obj            52      0         0      
       i_tofd_t2.asm.obj              46      0         0      
       copy_zero_init.c.obj           28      0         0      
       memccpy.c.obj                  28      0         0      
       s_copysign.c.obj               26      0         0      
       strcmp.c.obj                   24      0         0      
       strchr.c.obj                   22      0         0      
       strcpy.c.obj                   20      0         0      
       strlen.c.obj                   20      0         0      
       wcslen.c.obj                   18      0         0      
       copy_decompress_none.c.obj     14      0         0      
       errno.c.obj                    8       0         4      
       _lock.c.obj                    2       0         8      
       error.c.obj                    4       0         0      
       exit.c.obj                     4       0         0      
       pre_init.c.obj                 4       0         0      
       div0.asm.obj                   2       0         0      
    +--+------------------------------+-------+---------+---------+
       Total:                         9133    257       24     
                                                               
       Heap:                          0       0         4096   
       Stack:                         0       0         4096   
       Linker Generated:              0       64        0      
    +--+------------------------------+-------+---------+---------+
       Grand Total:                   10793   967       8925   


LINKER GENERATED COPY TABLES

__TI_cinit_table @ 00002de8 records: 3, size/record: 8, table size: 24
	.data: load addr=00002dc0, load size=0000000c bytes, run addr=200022c8, run size=00000019 bytes, compression=lzss
	.bss: load addr=00002dd8, load size=00000008 bytes, run addr=20002270, run size=00000058 bytes, compression=zero_init
	.vtable: load addr=00002de0, load size=00000008 bytes, run addr=20000000, run size=0000026c bytes, compression=zero_init


LINKER GENERATED HANDLER TABLE

__TI_handler_table @ 00002dcc records: 3, size/record: 4, table size: 12
	index: 0, handler: __TI_zero_init
	index: 1, handler: __TI_decompress_lzss
	index: 2, handler: __TI_decompress_none


GLOBAL SYMBOLS: SORTED ALPHABETICALLY BY Name 

address   name                          
-------   ----                          
00002c9d  C$$EXIT                       
00002a7d  IntRegister                   
00002c79  ResetISR                      
20001270  __STACK_END                   
00001000  __STACK_SIZE                  
20000470  __STACK_TOP                   
00001000  __SYSMEM_SIZE                 
00002de8  __TI_CINIT_Base               
00002e00  __TI_CINIT_Limit              
00002dcc  __TI_Handler_Table_Base       
00002dd8  __TI_Handler_Table_Limit      
000029b9  __TI_auto_init_nobinit_nopinit
0000275b  __TI_decompress_lzss          
00002c6b  __TI_decompress_none          
0000287f  __TI_ltoa                     
ffffffff  __TI_pprof_out_hndl           
0000026d  __TI_printfi                  
ffffffff  __TI_prof_data_size           
ffffffff  __TI_prof_data_start          
00000000  __TI_static_base__            
00002b6d  __TI_zero_init_nomemset       
00002c95  __abort_execution             
0000247d  __aeabi_cdcmpeq               
0000247d  __aeabi_cdcmple               
00002503  __aeabi_cdrcmple              
00002971  __aeabi_d2iz                  
00001677  __aeabi_dadd                  
00001aad  __aeabi_ddiv                  
00001f19  __aeabi_dmul                  
0000166d  __aeabi_dsub                  
00002c85  __aeabi_errno_addr            
00002b15  __aeabi_i2d                   
00001823  __aeabi_idiv0                 
00001823  __aeabi_ldiv0                 
00002589  __aeabi_memclr                
00002589  __aeabi_memclr4               
00002589  __aeabi_memclr8               
0000234b  __aeabi_memcpy                
0000234b  __aeabi_memcpy4               
0000234b  __aeabi_memcpy8               
0000258b  __aeabi_memset                
0000258b  __aeabi_memset4               
0000258b  __aeabi_memset8               
000023e7  __aeabi_uldivmod              
ffffffff  __binit__                     
ffffffff  __c_args__                    
UNDEFED   __mpu_init                    
20000270  __stack                       
20000000  __start___llvm_prf_cnts       
20000000  __stop___llvm_prf_cnts        
00001825  __vla_alloc                   
00002ab1  _c_int00_noargs               
00002ca0  _ctypes_                      
200022c8  _lock                         
00000cbb  _nop                          
200022e0  _running                      
20001270  _sys_memory                   
UNDEFED   _system_post_cinit            
00002c99  _system_pre_init              
200022c4  _timeout_ticks                
200022cc  _unlock                       
00002c9d  abort                         
00001e19  aligned_alloc                 
00002925  atoi                          
ffffffff  binit                         
00002bc1  copysign                      
00002bc1  copysignl                     
200022d8  errno                         
00002015  free                          
000027c5  frexp                         
000027c5  frexpl                        
20000000  g_pfnRAMVectors               
00000000  g_pfnVectors                  
00002c5b  lcd_clear                     
00000e91  lcd_gotoLine                  
00000cf9  lcd_init                      
00000ef7  lcd_printf                    
00000db9  lcd_putc                      
00000df1  lcd_puts                      
00000cbd  lcd_reverseNibble             
000021ef  lcd_rotatingBanner            
00000e0f  lcd_sendCommand               
00000e4d  lcd_sendNibble                
00000eb9  lcd_setCursorPos              
00001d09  ldexp                         
00001d09  ldexpl                        
000021dd  main                          
00002c8d  malloc                        
00001e19  memalign                      
00002ba5  memccpy                       
0000234b  memcpy                        
00002591  memset                        
000020f9  realloc                       
00001d09  scalbn                        
00001d09  scalbnl                       
00002c0b  strchr                        
00002bf3  strcmp                        
00002c21  strcpy                        
00002c35  strlen                        
00001373  timer_getMicros               
0000131b  timer_getMillis               
00001255  timer_init                    
000012f7  timer_pause                   
00001309  timer_resume                  
000012cd  timer_stop                    
000013cd  timer_waitMicros              
000013ff  timer_waitMillis              
000029fd  vsnprintf                     
00002c49  wcslen                        


GLOBAL SYMBOLS: SORTED BY Symbol Address 

address   name                          
-------   ----                          
00000000  __TI_static_base__            
00000000  g_pfnVectors                  
0000026d  __TI_printfi                  
00000cbb  _nop                          
00000cbd  lcd_reverseNibble             
00000cf9  lcd_init                      
00000db9  lcd_putc                      
00000df1  lcd_puts                      
00000e0f  lcd_sendCommand               
00000e4d  lcd_sendNibble                
00000e91  lcd_gotoLine                  
00000eb9  lcd_setCursorPos              
00000ef7  lcd_printf                    
00001000  __STACK_SIZE                  
00001000  __SYSMEM_SIZE                 
00001255  timer_init                    
000012cd  timer_stop                    
000012f7  timer_pause                   
00001309  timer_resume                  
0000131b  timer_getMillis               
00001373  timer_getMicros               
000013cd  timer_waitMicros              
000013ff  timer_waitMillis              
0000166d  __aeabi_dsub                  
00001677  __aeabi_dadd                  
00001823  __aeabi_idiv0                 
00001823  __aeabi_ldiv0                 
00001825  __vla_alloc                   
00001aad  __aeabi_ddiv                  
00001d09  ldexp                         
00001d09  ldexpl                        
00001d09  scalbn                        
00001d09  scalbnl                       
00001e19  aligned_alloc                 
00001e19  memalign                      
00001f19  __aeabi_dmul                  
00002015  free                          
000020f9  realloc                       
000021dd  main                          
000021ef  lcd_rotatingBanner            
0000234b  __aeabi_memcpy                
0000234b  __aeabi_memcpy4               
0000234b  __aeabi_memcpy8               
0000234b  memcpy                        
000023e7  __aeabi_uldivmod              
0000247d  __aeabi_cdcmpeq               
0000247d  __aeabi_cdcmple               
00002503  __aeabi_cdrcmple              
00002589  __aeabi_memclr                
00002589  __aeabi_memclr4               
00002589  __aeabi_memclr8               
0000258b  __aeabi_memset                
0000258b  __aeabi_memset4               
0000258b  __aeabi_memset8               
00002591  memset                        
0000275b  __TI_decompress_lzss          
000027c5  frexp                         
000027c5  frexpl                        
0000287f  __TI_ltoa                     
00002925  atoi                          
00002971  __aeabi_d2iz                  
000029b9  __TI_auto_init_nobinit_nopinit
000029fd  vsnprintf                     
00002a7d  IntRegister                   
00002ab1  _c_int00_noargs               
00002b15  __aeabi_i2d                   
00002b6d  __TI_zero_init_nomemset       
00002ba5  memccpy                       
00002bc1  copysign                      
00002bc1  copysignl                     
00002bf3  strcmp                        
00002c0b  strchr                        
00002c21  strcpy                        
00002c35  strlen                        
00002c49  wcslen                        
00002c5b  lcd_clear                     
00002c6b  __TI_decompress_none          
00002c79  ResetISR                      
00002c85  __aeabi_errno_addr            
00002c8d  malloc                        
00002c95  __abort_execution             
00002c99  _system_pre_init              
00002c9d  C$$EXIT                       
00002c9d  abort                         
00002ca0  _ctypes_                      
00002dcc  __TI_Handler_Table_Base       
00002dd8  __TI_Handler_Table_Limit      
00002de8  __TI_CINIT_Base               
00002e00  __TI_CINIT_Limit              
20000000  __start___llvm_prf_cnts       
20000000  __stop___llvm_prf_cnts        
20000000  g_pfnRAMVectors               
20000270  __stack                       
20000470  __STACK_TOP                   
20001270  __STACK_END                   
20001270  _sys_memory                   
200022c4  _timeout_ticks                
200022c8  _lock                         
200022cc  _unlock                       
200022d8  errno                         
200022e0  _running                      
ffffffff  __TI_pprof_out_hndl           
ffffffff  __TI_prof_data_size           
ffffffff  __TI_prof_data_start          
ffffffff  __binit__                     
ffffffff  __c_args__                    
ffffffff  binit                         
UNDEFED   __mpu_init                    
UNDEFED   _system_post_cinit            

[109 symbols]
