<?xml version="1.0" encoding="ISO-8859-1" ?>
<link_info>
   <banner>TI ARM Linker PC v20.2.7.LTS</banner>
   <copyright>Copyright (c) 1996-2018 Texas Instruments Incorporated</copyright>
   <link_time>0x67f6ca9e</link_time>
   <link_errors>0x0</link_errors>
   <output_file>calibration.out</output_file>
   <entry_point>
      <name>_c_int00_noargs</name>
      <address>0x2bb1</address>
   </entry_point>
   <input_file_list>
      <input_file id="fl-2">
         <path>.\</path>
         <kind>object</kind>
         <file>Timer.obj</file>
         <name>Timer.obj</name>
      </input_file>
      <input_file id="fl-3">
         <path>.\</path>
         <kind>object</kind>
         <file>lcd.obj</file>
         <name>lcd.obj</name>
      </input_file>
      <input_file id="fl-4">
         <path>.\</path>
         <kind>object</kind>
         <file>main.obj</file>
         <name>main.obj</name>
      </input_file>
      <input_file id="fl-5">
         <path>.\</path>
         <kind>object</kind>
         <file>movement.obj</file>
         <name>movement.obj</name>
      </input_file>
      <input_file id="fl-6">
         <path>.\</path>
         <kind>object</kind>
         <file>open_interface.obj</file>
         <name>open_interface.obj</name>
      </input_file>
      <input_file id="fl-7">
         <path>.\</path>
         <kind>object</kind>
         <file>tm4c123gh6pm_startup_ccs.obj</file>
         <name>tm4c123gh6pm_startup_ccs.obj</name>
      </input_file>
      <input_file id="fl-e">
         <kind>object</kind>
         <file>&lt;internal&gt;</file>
         <name>&lt;internal&gt;</name>
      </input_file>
      <input_file id="fl-f">
         <path>..\</path>
         <kind>archive</kind>
         <file>libcybotScan.lib</file>
         <name>cyBot_Scan.obj</name>
      </input_file>
      <input_file id="fl-10">
         <path>..\</path>
         <kind>archive</kind>
         <file>libcybotScan.lib</file>
         <name>ir.obj</name>
      </input_file>
      <input_file id="fl-11">
         <path>..\</path>
         <kind>archive</kind>
         <file>libcybotScan.lib</file>
         <name>ping.obj</name>
      </input_file>
      <input_file id="fl-12">
         <path>..\</path>
         <kind>archive</kind>
         <file>libcybotScan.lib</file>
         <name>servo.obj</name>
      </input_file>
      <input_file id="fl-c8">
         <path>C:\ti\ccs1271\ccs\tools\compiler\ti-cgt-arm_20.2.7.LTS\lib\</path>
         <kind>archive</kind>
         <file>rtsv7M4_T_le_v4SPD16_eabi.lib</file>
         <name>vsnprintf.c.obj</name>
      </input_file>
      <input_file id="fl-c9">
         <path>C:\ti\ccs1271\ccs\tools\compiler\ti-cgt-arm_20.2.7.LTS\lib\</path>
         <kind>archive</kind>
         <file>rtsv7M4_T_le_v4SPD16_eabi.lib</file>
         <name>fd_add_t2.asm.obj</name>
      </input_file>
      <input_file id="fl-ca">
         <path>C:\ti\ccs1271\ccs\tools\compiler\ti-cgt-arm_20.2.7.LTS\lib\</path>
         <kind>archive</kind>
         <file>rtsv7M4_T_le_v4SPD16_eabi.lib</file>
         <name>fd_cmp_t2.asm.obj</name>
      </input_file>
      <input_file id="fl-cb">
         <path>C:\ti\ccs1271\ccs\tools\compiler\ti-cgt-arm_20.2.7.LTS\lib\</path>
         <kind>archive</kind>
         <file>rtsv7M4_T_le_v4SPD16_eabi.lib</file>
         <name>fd_div_t2.asm.obj</name>
      </input_file>
      <input_file id="fl-cc">
         <path>C:\ti\ccs1271\ccs\tools\compiler\ti-cgt-arm_20.2.7.LTS\lib\</path>
         <kind>archive</kind>
         <file>rtsv7M4_T_le_v4SPD16_eabi.lib</file>
         <name>fd_mul_t2.asm.obj</name>
      </input_file>
      <input_file id="fl-cd">
         <path>C:\ti\ccs1271\ccs\tools\compiler\ti-cgt-arm_20.2.7.LTS\lib\</path>
         <kind>archive</kind>
         <file>rtsv7M4_T_le_v4SPD16_eabi.lib</file>
         <name>fd_tos_t2.asm.obj</name>
      </input_file>
      <input_file id="fl-ce">
         <path>C:\ti\ccs1271\ccs\tools\compiler\ti-cgt-arm_20.2.7.LTS\lib\</path>
         <kind>archive</kind>
         <file>rtsv7M4_T_le_v4SPD16_eabi.lib</file>
         <name>fs_tod_t2.asm.obj</name>
      </input_file>
      <input_file id="fl-cf">
         <path>C:\ti\ccs1271\ccs\tools\compiler\ti-cgt-arm_20.2.7.LTS\lib\</path>
         <kind>archive</kind>
         <file>rtsv7M4_T_le_v4SPD16_eabi.lib</file>
         <name>i_tofd_t2.asm.obj</name>
      </input_file>
      <input_file id="fl-d0">
         <path>C:\ti\ccs1271\ccs\tools\compiler\ti-cgt-arm_20.2.7.LTS\lib\</path>
         <kind>archive</kind>
         <file>rtsv7M4_T_le_v4SPD16_eabi.lib</file>
         <name>memcpy_t2.asm.obj</name>
      </input_file>
      <input_file id="fl-d1">
         <path>C:\ti\ccs1271\ccs\tools\compiler\ti-cgt-arm_20.2.7.LTS\lib\</path>
         <kind>archive</kind>
         <file>rtsv7M4_T_le_v4SPD16_eabi.lib</file>
         <name>copy_zero_init.c.obj</name>
      </input_file>
      <input_file id="fl-d2">
         <path>C:\ti\ccs1271\ccs\tools\compiler\ti-cgt-arm_20.2.7.LTS\lib\</path>
         <kind>archive</kind>
         <file>rtsv7M4_T_le_v4SPD16_eabi.lib</file>
         <name>copy_decompress_none.c.obj</name>
      </input_file>
      <input_file id="fl-d3">
         <path>C:\ti\ccs1271\ccs\tools\compiler\ti-cgt-arm_20.2.7.LTS\lib\</path>
         <kind>archive</kind>
         <file>rtsv7M4_T_le_v4SPD16_eabi.lib</file>
         <name>copy_decompress_lzss.c.obj</name>
      </input_file>
      <input_file id="fl-d4">
         <path>C:\ti\ccs1271\ccs\tools\compiler\ti-cgt-arm_20.2.7.LTS\lib\</path>
         <kind>archive</kind>
         <file>rtsv7M4_T_le_v4SPD16_eabi.lib</file>
         <name>memory.c.obj</name>
      </input_file>
      <input_file id="fl-d5">
         <path>C:\ti\ccs1271\ccs\tools\compiler\ti-cgt-arm_20.2.7.LTS\lib\</path>
         <kind>archive</kind>
         <file>rtsv7M4_T_le_v4SPD16_eabi.lib</file>
         <name>strcmp.c.obj</name>
      </input_file>
      <input_file id="fl-d6">
         <path>C:\ti\ccs1271\ccs\tools\compiler\ti-cgt-arm_20.2.7.LTS\lib\</path>
         <kind>archive</kind>
         <file>rtsv7M4_T_le_v4SPD16_eabi.lib</file>
         <name>strcpy.c.obj</name>
      </input_file>
      <input_file id="fl-d7">
         <path>C:\ti\ccs1271\ccs\tools\compiler\ti-cgt-arm_20.2.7.LTS\lib\</path>
         <kind>archive</kind>
         <file>rtsv7M4_T_le_v4SPD16_eabi.lib</file>
         <name>boot_cortex_m.c.obj</name>
      </input_file>
      <input_file id="fl-d8">
         <path>C:\ti\ccs1271\ccs\tools\compiler\ti-cgt-arm_20.2.7.LTS\lib\</path>
         <kind>archive</kind>
         <file>rtsv7M4_T_le_v4SPD16_eabi.lib</file>
         <name>_printfi.c.obj</name>
      </input_file>
      <input_file id="fl-d9">
         <path>C:\ti\ccs1271\ccs\tools\compiler\ti-cgt-arm_20.2.7.LTS\lib\</path>
         <kind>archive</kind>
         <file>rtsv7M4_T_le_v4SPD16_eabi.lib</file>
         <name>fd_toi_t2.asm.obj</name>
      </input_file>
      <input_file id="fl-da">
         <path>C:\ti\ccs1271\ccs\tools\compiler\ti-cgt-arm_20.2.7.LTS\lib\</path>
         <kind>archive</kind>
         <file>rtsv7M4_T_le_v4SPD16_eabi.lib</file>
         <name>memset_t2.asm.obj</name>
      </input_file>
      <input_file id="fl-db">
         <path>C:\ti\ccs1271\ccs\tools\compiler\ti-cgt-arm_20.2.7.LTS\lib\</path>
         <kind>archive</kind>
         <file>rtsv7M4_T_le_v4SPD16_eabi.lib</file>
         <name>ull_div_t2.asm.obj</name>
      </input_file>
      <input_file id="fl-dc">
         <path>C:\ti\ccs1271\ccs\tools\compiler\ti-cgt-arm_20.2.7.LTS\lib\</path>
         <kind>archive</kind>
         <file>rtsv7M4_T_le_v4SPD16_eabi.lib</file>
         <name>autoinit.c.obj</name>
      </input_file>
      <input_file id="fl-dd">
         <path>C:\ti\ccs1271\ccs\tools\compiler\ti-cgt-arm_20.2.7.LTS\lib\</path>
         <kind>archive</kind>
         <file>rtsv7M4_T_le_v4SPD16_eabi.lib</file>
         <name>pre_init.c.obj</name>
      </input_file>
      <input_file id="fl-de">
         <path>C:\ti\ccs1271\ccs\tools\compiler\ti-cgt-arm_20.2.7.LTS\lib\</path>
         <kind>archive</kind>
         <file>rtsv7M4_T_le_v4SPD16_eabi.lib</file>
         <name>cpy_tbl.c.obj</name>
      </input_file>
      <input_file id="fl-df">
         <path>C:\ti\ccs1271\ccs\tools\compiler\ti-cgt-arm_20.2.7.LTS\lib\</path>
         <kind>archive</kind>
         <file>rtsv7M4_T_le_v4SPD16_eabi.lib</file>
         <name>exit.c.obj</name>
      </input_file>
      <input_file id="fl-e0">
         <path>C:\ti\ccs1271\ccs\tools\compiler\ti-cgt-arm_20.2.7.LTS\lib\</path>
         <kind>archive</kind>
         <file>rtsv7M4_T_le_v4SPD16_eabi.lib</file>
         <name>_lock.c.obj</name>
      </input_file>
      <input_file id="fl-e1">
         <path>C:\ti\ccs1271\ccs\tools\compiler\ti-cgt-arm_20.2.7.LTS\lib\</path>
         <kind>archive</kind>
         <file>rtsv7M4_T_le_v4SPD16_eabi.lib</file>
         <name>_ltoa.c.obj</name>
      </input_file>
      <input_file id="fl-e2">
         <path>C:\ti\ccs1271\ccs\tools\compiler\ti-cgt-arm_20.2.7.LTS\lib\</path>
         <kind>archive</kind>
         <file>rtsv7M4_T_le_v4SPD16_eabi.lib</file>
         <name>args_main.c.obj</name>
      </input_file>
      <input_file id="fl-e3">
         <path>C:\ti\ccs1271\ccs\tools\compiler\ti-cgt-arm_20.2.7.LTS\lib\</path>
         <kind>archive</kind>
         <file>rtsv7M4_T_le_v4SPD16_eabi.lib</file>
         <name>atoi.c.obj</name>
      </input_file>
      <input_file id="fl-e4">
         <path>C:\ti\ccs1271\ccs\tools\compiler\ti-cgt-arm_20.2.7.LTS\lib\</path>
         <kind>archive</kind>
         <file>rtsv7M4_T_le_v4SPD16_eabi.lib</file>
         <name>ctype.c.obj</name>
      </input_file>
      <input_file id="fl-e5">
         <path>C:\ti\ccs1271\ccs\tools\compiler\ti-cgt-arm_20.2.7.LTS\lib\</path>
         <kind>archive</kind>
         <file>rtsv7M4_T_le_v4SPD16_eabi.lib</file>
         <name>memccpy.c.obj</name>
      </input_file>
      <input_file id="fl-e6">
         <path>C:\ti\ccs1271\ccs\tools\compiler\ti-cgt-arm_20.2.7.LTS\lib\</path>
         <kind>archive</kind>
         <file>rtsv7M4_T_le_v4SPD16_eabi.lib</file>
         <name>strchr.c.obj</name>
      </input_file>
      <input_file id="fl-e7">
         <path>C:\ti\ccs1271\ccs\tools\compiler\ti-cgt-arm_20.2.7.LTS\lib\</path>
         <kind>archive</kind>
         <file>rtsv7M4_T_le_v4SPD16_eabi.lib</file>
         <name>strlen.c.obj</name>
      </input_file>
      <input_file id="fl-e8">
         <path>C:\ti\ccs1271\ccs\tools\compiler\ti-cgt-arm_20.2.7.LTS\lib\</path>
         <kind>archive</kind>
         <file>rtsv7M4_T_le_v4SPD16_eabi.lib</file>
         <name>errno.c.obj</name>
      </input_file>
      <input_file id="fl-e9">
         <path>C:\ti\ccs1271\ccs\tools\compiler\ti-cgt-arm_20.2.7.LTS\lib\</path>
         <kind>archive</kind>
         <file>rtsv7M4_T_le_v4SPD16_eabi.lib</file>
         <name>wcslen.c.obj</name>
      </input_file>
      <input_file id="fl-ea">
         <path>C:\ti\ccs1271\ccs\tools\compiler\ti-cgt-arm_20.2.7.LTS\lib\</path>
         <kind>archive</kind>
         <file>rtsv7M4_T_le_v4SPD16_eabi.lib</file>
         <name>s_frexp.c.obj</name>
      </input_file>
      <input_file id="fl-eb">
         <path>C:\ti\ccs1271\ccs\tools\compiler\ti-cgt-arm_20.2.7.LTS\lib\</path>
         <kind>archive</kind>
         <file>rtsv7M4_T_le_v4SPD16_eabi.lib</file>
         <name>s_scalbn.c.obj</name>
      </input_file>
      <input_file id="fl-ec">
         <path>C:\ti\ccs1271\ccs\tools\compiler\ti-cgt-arm_20.2.7.LTS\lib\</path>
         <kind>archive</kind>
         <file>rtsv7M4_T_le_v4SPD16_eabi.lib</file>
         <name>div0.asm.obj</name>
      </input_file>
      <input_file id="fl-ed">
         <path>C:\ti\ccs1271\ccs\tools\compiler\ti-cgt-arm_20.2.7.LTS\lib\</path>
         <kind>archive</kind>
         <file>rtsv7M4_T_le_v4SPD16_eabi.lib</file>
         <name>s_copysign.c.obj</name>
      </input_file>
      <input_file id="fl-ee">
         <path>C:\ti\TivaWare_C_Series-2.2.0.295\driverlib\ccs\Debug\</path>
         <kind>archive</kind>
         <file>driverlib.lib</file>
         <name>interrupt.obj</name>
      </input_file>
      <input_file id="fl-ef">
         <path>C:\ti\TivaWare_C_Series-2.2.0.295\driverlib\ccs\Debug\</path>
         <kind>archive</kind>
         <file>driverlib.lib</file>
         <name>cpu.obj</name>
      </input_file>
   </input_file_list>
   <object_component_list>
      <object_component id="oc-12">
         <name>.intvecs</name>
         <load_address>0x0</load_address>
         <run_address>0x0</run_address>
         <size>0x26c</size>
         <input_file_ref idref="fl-7"/>
      </object_component>
      <object_component id="oc-1a1">
         <name>.text:__TI_printfi</name>
         <load_address>0x26c</load_address>
         <run_address>0x26c</run_address>
         <size>0xa4e</size>
         <input_file_ref idref="fl-d8"/>
      </object_component>
      <object_component id="oc-315">
         <name>.text</name>
         <load_address>0xcba</load_address>
         <run_address>0xcba</run_address>
         <size>0x2</size>
         <input_file_ref idref="fl-ec"/>
      </object_component>
      <object_component id="oc-dd">
         <name>.text</name>
         <load_address>0xcbc</load_address>
         <run_address>0xcbc</run_address>
         <size>0x328</size>
         <input_file_ref idref="fl-3"/>
      </object_component>
      <object_component id="oc-246">
         <name>.text:_pconv_a</name>
         <load_address>0xfe4</load_address>
         <run_address>0xfe4</run_address>
         <size>0x270</size>
         <input_file_ref idref="fl-d8"/>
      </object_component>
      <object_component id="oc-e3">
         <name>.text</name>
         <load_address>0x1254</load_address>
         <run_address>0x1254</run_address>
         <size>0x260</size>
         <input_file_ref idref="fl-f"/>
      </object_component>
      <object_component id="oc-d7">
         <name>.text</name>
         <load_address>0x14b4</load_address>
         <run_address>0x14b4</run_address>
         <size>0x248</size>
         <input_file_ref idref="fl-2"/>
      </object_component>
      <object_component id="oc-15e">
         <name>.text</name>
         <load_address>0x16fc</load_address>
         <run_address>0x16fc</run_address>
         <size>0x1ec</size>
         <input_file_ref idref="fl-11"/>
      </object_component>
      <object_component id="oc-234">
         <name>.text:_pconv_g</name>
         <load_address>0x18e8</load_address>
         <run_address>0x18e8</run_address>
         <size>0x1d0</size>
         <input_file_ref idref="fl-d8"/>
      </object_component>
      <object_component id="oc-2c0">
         <name>.text</name>
         <load_address>0x1ab8</load_address>
         <run_address>0x1ab8</run_address>
         <size>0x1b6</size>
         <input_file_ref idref="fl-c9"/>
      </object_component>
      <object_component id="oc-158">
         <name>.text</name>
         <load_address>0x1c70</load_address>
         <run_address>0x1c70</run_address>
         <size>0x158</size>
         <input_file_ref idref="fl-12"/>
      </object_component>
      <object_component id="oc-240">
         <name>.text:_pconv_e</name>
         <load_address>0x1dc8</load_address>
         <run_address>0x1dc8</run_address>
         <size>0x13c</size>
         <input_file_ref idref="fl-d8"/>
      </object_component>
      <object_component id="oc-2a6">
         <name>.text</name>
         <load_address>0x1f04</load_address>
         <run_address>0x1f04</run_address>
         <size>0x136</size>
         <input_file_ref idref="fl-cb"/>
      </object_component>
      <object_component id="oc-2d2">
         <name>.text:fcvt</name>
         <load_address>0x203c</load_address>
         <run_address>0x203c</run_address>
         <size>0x124</size>
         <input_file_ref idref="fl-d8"/>
      </object_component>
      <object_component id="oc-164">
         <name>.text</name>
         <load_address>0x2160</load_address>
         <run_address>0x2160</run_address>
         <size>0x118</size>
         <input_file_ref idref="fl-10"/>
      </object_component>
      <object_component id="oc-2e6">
         <name>.text:scalbn</name>
         <load_address>0x2278</load_address>
         <run_address>0x2278</run_address>
         <size>0x110</size>
         <input_file_ref idref="fl-eb"/>
      </object_component>
      <object_component id="oc-2a1">
         <name>.text</name>
         <load_address>0x2388</load_address>
         <run_address>0x2388</run_address>
         <size>0xfc</size>
         <input_file_ref idref="fl-cc"/>
      </object_component>
      <object_component id="oc-229">
         <name>.text:_ltostr</name>
         <load_address>0x2484</load_address>
         <run_address>0x2484</run_address>
         <size>0xb1</size>
         <input_file_ref idref="fl-d8"/>
      </object_component>
      <object_component id="oc-3e">
         <name>.text</name>
         <load_address>0x2536</load_address>
         <run_address>0x2536</run_address>
         <size>0x9c</size>
         <input_file_ref idref="fl-d0"/>
      </object_component>
      <object_component id="oc-29a">
         <name>.text</name>
         <load_address>0x25d2</load_address>
         <run_address>0x25d2</run_address>
         <size>0x96</size>
         <input_file_ref idref="fl-db"/>
      </object_component>
      <object_component id="oc-22f">
         <name>.text:__aeabi_cdcmple</name>
         <load_address>0x2668</load_address>
         <run_address>0x2668</run_address>
         <size>0x86</size>
         <input_file_ref idref="fl-ca"/>
      </object_component>
      <object_component id="oc-2ab">
         <name>.text:__aeabi_cdrcmple</name>
         <load_address>0x26ee</load_address>
         <run_address>0x26ee</run_address>
         <size>0x86</size>
         <input_file_ref idref="fl-ca"/>
      </object_component>
      <object_component id="oc-96">
         <name>.text</name>
         <load_address>0x2774</load_address>
         <run_address>0x2774</run_address>
         <size>0x7a</size>
         <input_file_ref idref="fl-da"/>
      </object_component>
      <object_component id="oc-2cb">
         <name>.text:_mcpy</name>
         <load_address>0x27ee</load_address>
         <run_address>0x27ee</run_address>
         <size>0x6e</size>
         <input_file_ref idref="fl-d8"/>
      </object_component>
      <object_component id="oc-15">
         <name>.text:decompress:lzss:__TI_decompress_lzss</name>
         <load_address>0x285c</load_address>
         <run_address>0x285c</run_address>
         <size>0x68</size>
         <input_file_ref idref="fl-d3"/>
      </object_component>
      <object_component id="oc-2e0">
         <name>.text:frexp</name>
         <load_address>0x28c4</load_address>
         <run_address>0x28c4</run_address>
         <size>0x64</size>
         <input_file_ref idref="fl-ea"/>
      </object_component>
      <object_component id="oc-23a">
         <name>.text:_pconv_f</name>
         <load_address>0x2928</load_address>
         <run_address>0x2928</run_address>
         <size>0x56</size>
         <input_file_ref idref="fl-d8"/>
      </object_component>
      <object_component id="oc-2b5">
         <name>.text:__TI_ltoa</name>
         <load_address>0x297e</load_address>
         <run_address>0x297e</run_address>
         <size>0x54</size>
         <input_file_ref idref="fl-e1"/>
      </object_component>
      <object_component id="oc-2c5">
         <name>.text:_ecpy</name>
         <load_address>0x29d2</load_address>
         <run_address>0x29d2</run_address>
         <size>0x52</size>
         <input_file_ref idref="fl-d8"/>
      </object_component>
      <object_component id="oc-223">
         <name>.text:atoi</name>
         <load_address>0x2a24</load_address>
         <run_address>0x2a24</run_address>
         <size>0x4c</size>
         <input_file_ref idref="fl-e3"/>
      </object_component>
      <object_component id="oc-2b0">
         <name>.text</name>
         <load_address>0x2a70</load_address>
         <run_address>0x2a70</run_address>
         <size>0x48</size>
         <input_file_ref idref="fl-d9"/>
      </object_component>
      <object_component id="oc-f6">
         <name>.text:__TI_auto_init_nobinit_nopinit:__TI_auto_init_nobinit_nopinit</name>
         <load_address>0x2ab8</load_address>
         <run_address>0x2ab8</run_address>
         <size>0x44</size>
         <input_file_ref idref="fl-dc"/>
      </object_component>
      <object_component id="oc-13c">
         <name>.text:vsnprintf</name>
         <load_address>0x2afc</load_address>
         <run_address>0x2afc</run_address>
         <size>0x40</size>
         <input_file_ref idref="fl-c8"/>
      </object_component>
      <object_component id="oc-2d8">
         <name>.text:_fcpy</name>
         <load_address>0x2b3c</load_address>
         <run_address>0x2b3c</run_address>
         <size>0x3e</size>
         <input_file_ref idref="fl-d8"/>
      </object_component>
      <object_component id="oc-12a">
         <name>.text:IntRegister</name>
         <load_address>0x2b7c</load_address>
         <run_address>0x2b7c</run_address>
         <size>0x34</size>
         <input_file_ref idref="fl-ee"/>
      </object_component>
      <object_component id="oc-5c">
         <name>.text:_c_int00_noargs:_c_int00_noargs</name>
         <load_address>0x2bb0</load_address>
         <run_address>0x2bb0</run_address>
         <size>0x34</size>
         <input_file_ref idref="fl-d7"/>
      </object_component>
      <object_component id="oc-1a7">
         <name>.text:_outs</name>
         <load_address>0x2be4</load_address>
         <run_address>0x2be4</run_address>
         <size>0x30</size>
         <input_file_ref idref="fl-c8"/>
      </object_component>
      <object_component id="oc-2bb">
         <name>.text</name>
         <load_address>0x2c14</load_address>
         <run_address>0x2c14</run_address>
         <size>0x2e</size>
         <input_file_ref idref="fl-cf"/>
      </object_component>
      <object_component id="oc-4a">
         <name>.text:decompress:ZI:__TI_zero_init_nomemset:__TI_zero_init_nomemset</name>
         <load_address>0x2c42</load_address>
         <run_address>0x2c42</run_address>
         <size>0x1c</size>
         <input_file_ref idref="fl-d1"/>
      </object_component>
      <object_component id="oc-24c">
         <name>.text:memccpy</name>
         <load_address>0x2c5e</load_address>
         <run_address>0x2c5e</run_address>
         <size>0x1c</size>
         <input_file_ref idref="fl-e5"/>
      </object_component>
      <object_component id="oc-32e">
         <name>.text:copysign</name>
         <load_address>0x2c7a</load_address>
         <run_address>0x2c7a</run_address>
         <size>0x1a</size>
         <input_file_ref idref="fl-ed"/>
      </object_component>
      <object_component id="oc-a2">
         <name>.text</name>
         <load_address>0x2c94</load_address>
         <run_address>0x2c94</run_address>
         <size>0x1a</size>
         <input_file_ref idref="fl-4"/>
      </object_component>
      <object_component id="oc-1ad">
         <name>.text:_outc</name>
         <load_address>0x2cae</load_address>
         <run_address>0x2cae</run_address>
         <size>0x18</size>
         <input_file_ref idref="fl-c8"/>
      </object_component>
      <object_component id="oc-142">
         <name>.text:strcmp</name>
         <load_address>0x2cc6</load_address>
         <run_address>0x2cc6</run_address>
         <size>0x18</size>
         <input_file_ref idref="fl-d5"/>
      </object_component>
      <object_component id="oc-2ec">
         <name>.text:strchr</name>
         <load_address>0x2cde</load_address>
         <run_address>0x2cde</run_address>
         <size>0x16</size>
         <input_file_ref idref="fl-e6"/>
      </object_component>
      <object_component id="oc-148">
         <name>.text:strcpy</name>
         <load_address>0x2cf4</load_address>
         <run_address>0x2cf4</run_address>
         <size>0x14</size>
         <input_file_ref idref="fl-d6"/>
      </object_component>
      <object_component id="oc-21d">
         <name>.text:strlen</name>
         <load_address>0x2d08</load_address>
         <run_address>0x2d08</run_address>
         <size>0x14</size>
         <input_file_ref idref="fl-e7"/>
      </object_component>
      <object_component id="oc-252">
         <name>.text:wcslen</name>
         <load_address>0x2d1c</load_address>
         <run_address>0x2d1c</run_address>
         <size>0x12</size>
         <input_file_ref idref="fl-e9"/>
      </object_component>
      <object_component id="oc-1d4">
         <name>.text:IntMasterEnable</name>
         <load_address>0x2d2e</load_address>
         <run_address>0x2d2e</run_address>
         <size>0x10</size>
         <input_file_ref idref="fl-ee"/>
      </object_component>
      <object_component id="oc-135">
         <name>.text:lcd_clear</name>
         <load_address>0x2d3e</load_address>
         <run_address>0x2d3e</run_address>
         <size>0x10</size>
         <input_file_ref idref="fl-3"/>
      </object_component>
      <object_component id="oc-1b">
         <name>.text:decompress:none:__TI_decompress_none</name>
         <load_address>0x2d4e</load_address>
         <run_address>0x2d4e</run_address>
         <size>0xe</size>
         <input_file_ref idref="fl-d2"/>
      </object_component>
      <object_component id="oc-279">
         <name>.text:CPUcpsie</name>
         <load_address>0x2d5c</load_address>
         <run_address>0x2d5c</run_address>
         <size>0xc</size>
         <input_file_ref idref="fl-ef"/>
      </object_component>
      <object_component id="oc-2a">
         <name>.text</name>
         <load_address>0x2d68</load_address>
         <run_address>0x2d68</run_address>
         <size>0xc</size>
         <input_file_ref idref="fl-7"/>
      </object_component>
      <object_component id="oc-258">
         <name>.text:__aeabi_errno_addr</name>
         <load_address>0x2d74</load_address>
         <run_address>0x2d74</run_address>
         <size>0x8</size>
         <input_file_ref idref="fl-e8"/>
      </object_component>
      <object_component id="oc-9c">
         <name>.text:_system_pre_init</name>
         <load_address>0x2d7c</load_address>
         <run_address>0x2d7c</run_address>
         <size>0x4</size>
         <input_file_ref idref="fl-dd"/>
      </object_component>
      <object_component id="oc-ea">
         <name>.text:abort:abort</name>
         <load_address>0x2d80</load_address>
         <run_address>0x2d80</run_address>
         <size>0x4</size>
         <input_file_ref idref="fl-df"/>
      </object_component>
      <object_component id="oc-295">
         <name>.const:.string:_ctypes_</name>
         <load_address>0x2d84</load_address>
         <run_address>0x2d84</run_address>
         <size>0x101</size>
         <input_file_ref idref="fl-e4"/>
      </object_component>
      <object_component id="oc-14e">
         <name>.const:.string:lineAddress$1</name>
         <load_address>0x2e85</load_address>
         <run_address>0x2e85</run_address>
         <size>0x4</size>
         <input_file_ref idref="fl-3"/>
      </object_component>
      <object_component id="oc-14f">
         <name>.const:.string:lineAddresses$2</name>
         <load_address>0x2e89</load_address>
         <run_address>0x2e89</run_address>
         <size>0x4</size>
         <input_file_ref idref="fl-3"/>
      </object_component>
      <object_component id="oc-384">
         <name>__TI_handler_table</name>
         <load_address>0x2e90</load_address>
         <run_address>0x2e90</run_address>
         <size>0xc</size>
      </object_component>
      <object_component id="oc-388">
         <name>.cinit..bss.load</name>
         <load_address>0x2ea0</load_address>
         <run_address>0x2ea0</run_address>
         <size>0x8</size>
      </object_component>
      <object_component id="oc-386">
         <name>.cinit..vtable.load</name>
         <load_address>0x2ea8</load_address>
         <run_address>0x2ea8</run_address>
         <size>0x8</size>
      </object_component>
      <object_component id="oc-387">
         <name>.cinit..data.load</name>
         <load_address>0x2eb0</load_address>
         <run_address>0x2eb0</run_address>
         <size>0x7</size>
      </object_component>
      <object_component id="oc-385">
         <name>__TI_cinit_table</name>
         <load_address>0x2eb8</load_address>
         <run_address>0x2eb8</run_address>
         <size>0x18</size>
      </object_component>
      <object_component id="oc-195">
         <name>.vtable</name>
         <uninitialized>true</uninitialized>
         <run_address>0x20000000</run_address>
         <size>0x26c</size>
         <input_file_ref idref="fl-ee"/>
      </object_component>
      <object_component id="oc-130">
         <name>.data</name>
         <load_address>0x200022ec</load_address>
         <run_address>0x200022ec</run_address>
         <size>0x1</size>
         <input_file_ref idref="fl-2"/>
      </object_component>
      <object_component id="oc-16a">
         <name>.data</name>
         <load_address>0x200022e4</load_address>
         <run_address>0x200022e4</run_address>
         <size>0x4</size>
         <input_file_ref idref="fl-f"/>
      </object_component>
      <object_component id="oc-2fc">
         <name>.data</name>
         <load_address>0x200022e8</load_address>
         <run_address>0x200022e8</run_address>
         <size>0x4</size>
         <input_file_ref idref="fl-e8"/>
      </object_component>
      <object_component id="oc-150">
         <name>.bss:lastbuffer$3</name>
         <uninitialized>true</uninitialized>
         <run_address>0x20002270</run_address>
         <size>0x54</size>
         <input_file_ref idref="fl-3"/>
      </object_component>
      <object_component id="oc-133">
         <name>.common:_timeout_ticks</name>
         <uninitialized>true</uninitialized>
         <run_address>0x200022c4</run_address>
         <size>0x4</size>
      </object_component>
      <object_component id="oc-1cf">
         <name>.common:right_calibration_value</name>
         <uninitialized>true</uninitialized>
         <run_address>0x200022d8</run_address>
         <size>0x4</size>
      </object_component>
      <object_component id="oc-1d2">
         <name>.common:left_calibration_value</name>
         <uninitialized>true</uninitialized>
         <run_address>0x200022d0</run_address>
         <size>0x4</size>
      </object_component>
      <object_component id="oc-1e6">
         <name>.common:isr_int_value</name>
         <uninitialized>true</uninitialized>
         <run_address>0x200022cc</run_address>
         <size>0x4</size>
      </object_component>
      <object_component id="oc-1dd">
         <name>.common:risingEdge</name>
         <uninitialized>true</uninitialized>
         <run_address>0x200022dc</run_address>
         <size>0x4</size>
      </object_component>
      <object_component id="oc-1de">
         <name>.common:fallingEdge</name>
         <uninitialized>true</uninitialized>
         <run_address>0x200022c8</run_address>
         <size>0x4</size>
      </object_component>
      <object_component id="oc-1df">
         <name>.common:pulseLength</name>
         <uninitialized>true</uninitialized>
         <run_address>0x200022d4</run_address>
         <size>0x4</size>
      </object_component>
      <object_component id="oc-1da">
         <name>.common:isRisingEdge</name>
         <uninitialized>true</uninitialized>
         <run_address>0x200022e0</run_address>
         <size>0x1</size>
      </object_component>
      <object_component id="oc-24">
         <name>.sysmem</name>
         <uninitialized>true</uninitialized>
         <run_address>0x20001270</run_address>
         <size>0x10</size>
         <input_file_ref idref="fl-d4"/>
      </object_component>
      <object_component id="oc-38b">
         <name>.sysmem</name>
         <uninitialized>true</uninitialized>
         <run_address>0x20001270</run_address>
         <size>0x0</size>
      </object_component>
      <object_component id="oc-27">
         <name>.stack</name>
         <uninitialized>true</uninitialized>
         <run_address>0x20000270</run_address>
         <size>0x4</size>
         <input_file_ref idref="fl-d7"/>
      </object_component>
      <object_component id="oc-38a">
         <name>.stack</name>
         <uninitialized>true</uninitialized>
         <run_address>0x20000270</run_address>
         <size>0x0</size>
      </object_component>
      <object_component id="oc-c5">
         <name>.debug_info</name>
         <load_address>0x0</load_address>
         <run_address>0x0</run_address>
         <size>0x2b8</size>
         <input_file_ref idref="fl-2"/>
      </object_component>
      <object_component id="oc-131">
         <name>.debug_info</name>
         <load_address>0x2b8</load_address>
         <run_address>0x2b8</run_address>
         <size>0xc6</size>
         <input_file_ref idref="fl-2"/>
      </object_component>
      <object_component id="oc-d8">
         <name>.debug_info</name>
         <load_address>0x37e</load_address>
         <run_address>0x37e</run_address>
         <size>0x50e</size>
         <input_file_ref idref="fl-2"/>
      </object_component>
      <object_component id="oc-77">
         <name>.debug_info</name>
         <load_address>0x88c</load_address>
         <run_address>0x88c</run_address>
         <size>0x26b</size>
         <input_file_ref idref="fl-2"/>
      </object_component>
      <object_component id="oc-39">
         <name>.debug_info</name>
         <load_address>0xaf7</load_address>
         <run_address>0xaf7</run_address>
         <size>0x84</size>
         <input_file_ref idref="fl-2"/>
      </object_component>
      <object_component id="oc-c0">
         <name>.debug_info</name>
         <load_address>0xb7b</load_address>
         <run_address>0xb7b</run_address>
         <size>0x2a4</size>
         <input_file_ref idref="fl-2"/>
      </object_component>
      <object_component id="oc-7c">
         <name>.debug_info</name>
         <load_address>0xe1f</load_address>
         <run_address>0xe1f</run_address>
         <size>0xbb</size>
         <input_file_ref idref="fl-2"/>
      </object_component>
      <object_component id="oc-152">
         <name>.debug_info</name>
         <load_address>0xeda</load_address>
         <run_address>0xeda</run_address>
         <size>0x386</size>
         <input_file_ref idref="fl-3"/>
      </object_component>
      <object_component id="oc-137">
         <name>.debug_info</name>
         <load_address>0x1260</load_address>
         <run_address>0x1260</run_address>
         <size>0x11b</size>
         <input_file_ref idref="fl-3"/>
      </object_component>
      <object_component id="oc-de">
         <name>.debug_info</name>
         <load_address>0x137b</load_address>
         <run_address>0x137b</run_address>
         <size>0x8a7</size>
         <input_file_ref idref="fl-3"/>
      </object_component>
      <object_component id="oc-1ca">
         <name>.debug_info</name>
         <load_address>0x1c22</load_address>
         <run_address>0x1c22</run_address>
         <size>0xcc</size>
         <input_file_ref idref="fl-3"/>
      </object_component>
      <object_component id="oc-153">
         <name>.debug_info</name>
         <load_address>0x1cee</load_address>
         <run_address>0x1cee</run_address>
         <size>0x2c</size>
         <input_file_ref idref="fl-3"/>
      </object_component>
      <object_component id="oc-1c5">
         <name>.debug_info</name>
         <load_address>0x1d1a</load_address>
         <run_address>0x1d1a</run_address>
         <size>0x35</size>
         <input_file_ref idref="fl-3"/>
      </object_component>
      <object_component id="oc-1d0">
         <name>.debug_info</name>
         <load_address>0x1d4f</load_address>
         <run_address>0x1d4f</run_address>
         <size>0x394</size>
         <input_file_ref idref="fl-4"/>
      </object_component>
      <object_component id="oc-a5">
         <name>.debug_info</name>
         <load_address>0x20e3</load_address>
         <run_address>0x20e3</run_address>
         <size>0x137</size>
         <input_file_ref idref="fl-4"/>
      </object_component>
      <object_component id="oc-274">
         <name>.debug_info</name>
         <load_address>0x221a</load_address>
         <run_address>0x221a</run_address>
         <size>0x9d</size>
         <input_file_ref idref="fl-4"/>
      </object_component>
      <object_component id="oc-1e1">
         <name>.debug_info</name>
         <load_address>0x22b7</load_address>
         <run_address>0x22b7</run_address>
         <size>0x8b</size>
         <input_file_ref idref="fl-6"/>
      </object_component>
      <object_component id="oc-32">
         <name>.debug_info</name>
         <load_address>0x2342</load_address>
         <run_address>0x2342</run_address>
         <size>0x2a2</size>
         <input_file_ref idref="fl-7"/>
      </object_component>
      <object_component id="oc-13">
         <name>.debug_info</name>
         <load_address>0x25e4</load_address>
         <run_address>0x25e4</run_address>
         <size>0xe1</size>
         <input_file_ref idref="fl-7"/>
      </object_component>
      <object_component id="oc-2c">
         <name>.debug_info</name>
         <load_address>0x26c5</load_address>
         <run_address>0x26c5</run_address>
         <size>0x25d</size>
         <input_file_ref idref="fl-7"/>
      </object_component>
      <object_component id="oc-16e">
         <name>.debug_info</name>
         <load_address>0x2922</load_address>
         <run_address>0x2922</run_address>
         <size>0x485</size>
         <input_file_ref idref="fl-f"/>
      </object_component>
      <object_component id="oc-16b">
         <name>.debug_info</name>
         <load_address>0x2da7</load_address>
         <run_address>0x2da7</run_address>
         <size>0x114</size>
         <input_file_ref idref="fl-f"/>
      </object_component>
      <object_component id="oc-e4">
         <name>.debug_info</name>
         <load_address>0x2ebb</load_address>
         <run_address>0x2ebb</run_address>
         <size>0x4ce</size>
         <input_file_ref idref="fl-f"/>
      </object_component>
      <object_component id="oc-170">
         <name>.debug_info</name>
         <load_address>0x3389</load_address>
         <run_address>0x3389</run_address>
         <size>0x9d</size>
         <input_file_ref idref="fl-f"/>
      </object_component>
      <object_component id="oc-1e7">
         <name>.debug_info</name>
         <load_address>0x3426</load_address>
         <run_address>0x3426</run_address>
         <size>0x2b7</size>
         <input_file_ref idref="fl-10"/>
      </object_component>
      <object_component id="oc-165">
         <name>.debug_info</name>
         <load_address>0x36dd</load_address>
         <run_address>0x36dd</run_address>
         <size>0x266</size>
         <input_file_ref idref="fl-10"/>
      </object_component>
      <object_component id="oc-1db">
         <name>.debug_info</name>
         <load_address>0x3943</load_address>
         <run_address>0x3943</run_address>
         <size>0x3ba</size>
         <input_file_ref idref="fl-11"/>
      </object_component>
      <object_component id="oc-15f">
         <name>.debug_info</name>
         <load_address>0x3cfd</load_address>
         <run_address>0x3cfd</run_address>
         <size>0x270</size>
         <input_file_ref idref="fl-11"/>
      </object_component>
      <object_component id="oc-15a">
         <name>.debug_info</name>
         <load_address>0x3f6d</load_address>
         <run_address>0x3f6d</run_address>
         <size>0x296</size>
         <input_file_ref idref="fl-12"/>
      </object_component>
      <object_component id="oc-1b4">
         <name>.debug_info</name>
         <load_address>0x4203</load_address>
         <run_address>0x4203</run_address>
         <size>0x340</size>
         <input_file_ref idref="fl-c8"/>
      </object_component>
      <object_component id="oc-13d">
         <name>.debug_info</name>
         <load_address>0x4543</load_address>
         <run_address>0x4543</run_address>
         <size>0x208</size>
         <input_file_ref idref="fl-c8"/>
      </object_component>
      <object_component id="oc-1a8">
         <name>.debug_info</name>
         <load_address>0x474b</load_address>
         <run_address>0x474b</run_address>
         <size>0x1c6</size>
         <input_file_ref idref="fl-c8"/>
      </object_component>
      <object_component id="oc-1af">
         <name>.debug_info</name>
         <load_address>0x4911</load_address>
         <run_address>0x4911</run_address>
         <size>0x179</size>
         <input_file_ref idref="fl-c8"/>
      </object_component>
      <object_component id="oc-1b5">
         <name>.debug_info</name>
         <load_address>0x4a8a</load_address>
         <run_address>0x4a8a</run_address>
         <size>0x2c</size>
         <input_file_ref idref="fl-c8"/>
      </object_component>
      <object_component id="oc-1ba">
         <name>.debug_info</name>
         <load_address>0x4ab6</load_address>
         <run_address>0x4ab6</run_address>
         <size>0x69</size>
         <input_file_ref idref="fl-c8"/>
      </object_component>
      <object_component id="oc-2c1">
         <name>.debug_info</name>
         <load_address>0x4b1f</load_address>
         <run_address>0x4b1f</run_address>
         <size>0x14c</size>
         <input_file_ref idref="fl-c9"/>
      </object_component>
      <object_component id="oc-230">
         <name>.debug_info</name>
         <load_address>0x4c6b</load_address>
         <run_address>0x4c6b</run_address>
         <size>0x128</size>
         <input_file_ref idref="fl-ca"/>
      </object_component>
      <object_component id="oc-2ae">
         <name>.debug_info</name>
         <load_address>0x4d93</load_address>
         <run_address>0x4d93</run_address>
         <size>0x12a</size>
         <input_file_ref idref="fl-ca"/>
      </object_component>
      <object_component id="oc-2a9">
         <name>.debug_info</name>
         <load_address>0x4ebd</load_address>
         <run_address>0x4ebd</run_address>
         <size>0x13a</size>
         <input_file_ref idref="fl-cb"/>
      </object_component>
      <object_component id="oc-2a4">
         <name>.debug_info</name>
         <load_address>0x4ff7</load_address>
         <run_address>0x4ff7</run_address>
         <size>0x13a</size>
         <input_file_ref idref="fl-cc"/>
      </object_component>
      <object_component id="oc-2be">
         <name>.debug_info</name>
         <load_address>0x5131</load_address>
         <run_address>0x5131</run_address>
         <size>0x12c</size>
         <input_file_ref idref="fl-cf"/>
      </object_component>
      <object_component id="oc-40">
         <name>.debug_info</name>
         <load_address>0x525d</load_address>
         <run_address>0x525d</run_address>
         <size>0x119</size>
         <input_file_ref idref="fl-d0"/>
      </object_component>
      <object_component id="oc-95">
         <name>.debug_info</name>
         <load_address>0x5376</load_address>
         <run_address>0x5376</run_address>
         <size>0x2d4</size>
         <input_file_ref idref="fl-d1"/>
      </object_component>
      <object_component id="oc-4c">
         <name>.debug_info</name>
         <load_address>0x564a</load_address>
         <run_address>0x564a</run_address>
         <size>0x1d2</size>
         <input_file_ref idref="fl-d1"/>
      </object_component>
      <object_component id="oc-90">
         <name>.debug_info</name>
         <load_address>0x581c</load_address>
         <run_address>0x581c</run_address>
         <size>0x46</size>
         <input_file_ref idref="fl-d1"/>
      </object_component>
      <object_component id="oc-ce">
         <name>.debug_info</name>
         <load_address>0x5862</load_address>
         <run_address>0x5862</run_address>
         <size>0x2c</size>
         <input_file_ref idref="fl-d1"/>
      </object_component>
      <object_component id="oc-49">
         <name>.debug_info</name>
         <load_address>0x588e</load_address>
         <run_address>0x588e</run_address>
         <size>0x2a8</size>
         <input_file_ref idref="fl-d2"/>
      </object_component>
      <object_component id="oc-1f">
         <name>.debug_info</name>
         <load_address>0x5b36</load_address>
         <run_address>0x5b36</run_address>
         <size>0x1ea</size>
         <input_file_ref idref="fl-d2"/>
      </object_component>
      <object_component id="oc-44">
         <name>.debug_info</name>
         <load_address>0x5d20</load_address>
         <run_address>0x5d20</run_address>
         <size>0x46</size>
         <input_file_ref idref="fl-d2"/>
      </object_component>
      <object_component id="oc-88">
         <name>.debug_info</name>
         <load_address>0x5d66</load_address>
         <run_address>0x5d66</run_address>
         <size>0x2c</size>
         <input_file_ref idref="fl-d2"/>
      </object_component>
      <object_component id="oc-86">
         <name>.debug_info</name>
         <load_address>0x5d92</load_address>
         <run_address>0x5d92</run_address>
         <size>0x29e</size>
         <input_file_ref idref="fl-d3"/>
      </object_component>
      <object_component id="oc-17">
         <name>.debug_info</name>
         <load_address>0x6030</load_address>
         <run_address>0x6030</run_address>
         <size>0x250</size>
         <input_file_ref idref="fl-d3"/>
      </object_component>
      <object_component id="oc-34">
         <name>.debug_info</name>
         <load_address>0x6280</load_address>
         <run_address>0x6280</run_address>
         <size>0x60</size>
         <input_file_ref idref="fl-d3"/>
      </object_component>
      <object_component id="oc-c7">
         <name>.debug_info</name>
         <load_address>0x62e0</load_address>
         <run_address>0x62e0</run_address>
         <size>0x46</size>
         <input_file_ref idref="fl-d3"/>
      </object_component>
      <object_component id="oc-81">
         <name>.debug_info</name>
         <load_address>0x6326</load_address>
         <run_address>0x6326</run_address>
         <size>0x39</size>
         <input_file_ref idref="fl-d3"/>
      </object_component>
      <object_component id="oc-70">
         <name>.debug_info</name>
         <load_address>0x635f</load_address>
         <run_address>0x635f</run_address>
         <size>0x3b2</size>
         <input_file_ref idref="fl-d4"/>
      </object_component>
      <object_component id="oc-25">
         <name>.debug_info</name>
         <load_address>0x6711</load_address>
         <run_address>0x6711</run_address>
         <size>0x10c</size>
         <input_file_ref idref="fl-d4"/>
      </object_component>
      <object_component id="oc-bb">
         <name>.debug_info</name>
         <load_address>0x681d</load_address>
         <run_address>0x681d</run_address>
         <size>0xb2</size>
         <input_file_ref idref="fl-d4"/>
      </object_component>
      <object_component id="oc-b6">
         <name>.debug_info</name>
         <load_address>0x68cf</load_address>
         <run_address>0x68cf</run_address>
         <size>0x2c</size>
         <input_file_ref idref="fl-d4"/>
      </object_component>
      <object_component id="oc-1c0">
         <name>.debug_info</name>
         <load_address>0x68fb</load_address>
         <run_address>0x68fb</run_address>
         <size>0x28a</size>
         <input_file_ref idref="fl-d5"/>
      </object_component>
      <object_component id="oc-143">
         <name>.debug_info</name>
         <load_address>0x6b85</load_address>
         <run_address>0x6b85</run_address>
         <size>0x273</size>
         <input_file_ref idref="fl-d5"/>
      </object_component>
      <object_component id="oc-1c2">
         <name>.debug_info</name>
         <load_address>0x6df8</load_address>
         <run_address>0x6df8</run_address>
         <size>0x2a4</size>
         <input_file_ref idref="fl-d6"/>
      </object_component>
      <object_component id="oc-14a">
         <name>.debug_info</name>
         <load_address>0x709c</load_address>
         <run_address>0x709c</run_address>
         <size>0x24d</size>
         <input_file_ref idref="fl-d6"/>
      </object_component>
      <object_component id="oc-28">
         <name>.debug_info</name>
         <load_address>0x72e9</load_address>
         <run_address>0x72e9</run_address>
         <size>0x10b</size>
         <input_file_ref idref="fl-d7"/>
      </object_component>
      <object_component id="oc-5e">
         <name>.debug_info</name>
         <load_address>0x73f4</load_address>
         <run_address>0x73f4</run_address>
         <size>0x1a9</size>
         <input_file_ref idref="fl-d7"/>
      </object_component>
      <object_component id="oc-25f">
         <name>.debug_info</name>
         <load_address>0x759d</load_address>
         <run_address>0x759d</run_address>
         <size>0x590</size>
         <input_file_ref idref="fl-d8"/>
      </object_component>
      <object_component id="oc-22a">
         <name>.debug_info</name>
         <load_address>0x7b2d</load_address>
         <run_address>0x7b2d</run_address>
         <size>0x21e</size>
         <input_file_ref idref="fl-d8"/>
      </object_component>
      <object_component id="oc-2c6">
         <name>.debug_info</name>
         <load_address>0x7d4b</load_address>
         <run_address>0x7d4b</run_address>
         <size>0x1b3</size>
         <input_file_ref idref="fl-d8"/>
      </object_component>
      <object_component id="oc-2cc">
         <name>.debug_info</name>
         <load_address>0x7efe</load_address>
         <run_address>0x7efe</run_address>
         <size>0x21b</size>
         <input_file_ref idref="fl-d8"/>
      </object_component>
      <object_component id="oc-235">
         <name>.debug_info</name>
         <load_address>0x8119</load_address>
         <run_address>0x8119</run_address>
         <size>0x3c0</size>
         <input_file_ref idref="fl-d8"/>
      </object_component>
      <object_component id="oc-2d3">
         <name>.debug_info</name>
         <load_address>0x84d9</load_address>
         <run_address>0x84d9</run_address>
         <size>0x30a</size>
         <input_file_ref idref="fl-d8"/>
      </object_component>
      <object_component id="oc-2d9">
         <name>.debug_info</name>
         <load_address>0x87e3</load_address>
         <run_address>0x87e3</run_address>
         <size>0x215</size>
         <input_file_ref idref="fl-d8"/>
      </object_component>
      <object_component id="oc-23b">
         <name>.debug_info</name>
         <load_address>0x89f8</load_address>
         <run_address>0x89f8</run_address>
         <size>0x215</size>
         <input_file_ref idref="fl-d8"/>
      </object_component>
      <object_component id="oc-241">
         <name>.debug_info</name>
         <load_address>0x8c0d</load_address>
         <run_address>0x8c0d</run_address>
         <size>0x304</size>
         <input_file_ref idref="fl-d8"/>
      </object_component>
      <object_component id="oc-247">
         <name>.debug_info</name>
         <load_address>0x8f11</load_address>
         <run_address>0x8f11</run_address>
         <size>0x4b5</size>
         <input_file_ref idref="fl-d8"/>
      </object_component>
      <object_component id="oc-1a2">
         <name>.debug_info</name>
         <load_address>0x93c6</load_address>
         <run_address>0x93c6</run_address>
         <size>0x5f4</size>
         <input_file_ref idref="fl-d8"/>
      </object_component>
      <object_component id="oc-260">
         <name>.debug_info</name>
         <load_address>0x99ba</load_address>
         <run_address>0x99ba</run_address>
         <size>0x86</size>
         <input_file_ref idref="fl-d8"/>
      </object_component>
      <object_component id="oc-303">
         <name>.debug_info</name>
         <load_address>0x9a40</load_address>
         <run_address>0x9a40</run_address>
         <size>0x39</size>
         <input_file_ref idref="fl-d8"/>
      </object_component>
      <object_component id="oc-345">
         <name>.debug_info</name>
         <load_address>0x9a79</load_address>
         <run_address>0x9a79</run_address>
         <size>0xb6</size>
         <input_file_ref idref="fl-d8"/>
      </object_component>
      <object_component id="oc-308">
         <name>.debug_info</name>
         <load_address>0x9b2f</load_address>
         <run_address>0x9b2f</run_address>
         <size>0x46</size>
         <input_file_ref idref="fl-d8"/>
      </object_component>
      <object_component id="oc-265">
         <name>.debug_info</name>
         <load_address>0x9b75</load_address>
         <run_address>0x9b75</run_address>
         <size>0x46</size>
         <input_file_ref idref="fl-d8"/>
      </object_component>
      <object_component id="oc-2b2">
         <name>.debug_info</name>
         <load_address>0x9bbb</load_address>
         <run_address>0x9bbb</run_address>
         <size>0x12e</size>
         <input_file_ref idref="fl-d9"/>
      </object_component>
      <object_component id="oc-97">
         <name>.debug_info</name>
         <load_address>0x9ce9</load_address>
         <run_address>0x9ce9</run_address>
         <size>0x147</size>
         <input_file_ref idref="fl-da"/>
      </object_component>
      <object_component id="oc-29d">
         <name>.debug_info</name>
         <load_address>0x9e30</load_address>
         <run_address>0x9e30</run_address>
         <size>0x134</size>
         <input_file_ref idref="fl-db"/>
      </object_component>
      <object_component id="oc-180">
         <name>.debug_info</name>
         <load_address>0x9f64</load_address>
         <run_address>0x9f64</run_address>
         <size>0x4b3</size>
         <input_file_ref idref="fl-dc"/>
      </object_component>
      <object_component id="oc-f7">
         <name>.debug_info</name>
         <load_address>0xa417</load_address>
         <run_address>0xa417</run_address>
         <size>0x1a6</size>
         <input_file_ref idref="fl-dc"/>
      </object_component>
      <object_component id="oc-1fe">
         <name>.debug_info</name>
         <load_address>0xa5bd</load_address>
         <run_address>0xa5bd</run_address>
         <size>0x39</size>
         <input_file_ref idref="fl-dc"/>
      </object_component>
      <object_component id="oc-287">
         <name>.debug_info</name>
         <load_address>0xa5f6</load_address>
         <run_address>0xa5f6</run_address>
         <size>0x39</size>
         <input_file_ref idref="fl-dc"/>
      </object_component>
      <object_component id="oc-203">
         <name>.debug_info</name>
         <load_address>0xa62f</load_address>
         <run_address>0xa62f</run_address>
         <size>0x39</size>
         <input_file_ref idref="fl-dc"/>
      </object_component>
      <object_component id="oc-208">
         <name>.debug_info</name>
         <load_address>0xa668</load_address>
         <run_address>0xa668</run_address>
         <size>0xcd</size>
         <input_file_ref idref="fl-dc"/>
      </object_component>
      <object_component id="oc-9d">
         <name>.debug_info</name>
         <load_address>0xa735</load_address>
         <run_address>0xa735</run_address>
         <size>0x153</size>
         <input_file_ref idref="fl-dd"/>
      </object_component>
      <object_component id="oc-ec">
         <name>.debug_info</name>
         <load_address>0xa888</load_address>
         <run_address>0xa888</run_address>
         <size>0x122</size>
         <input_file_ref idref="fl-df"/>
      </object_component>
      <object_component id="oc-320">
         <name>.debug_info</name>
         <load_address>0xa9aa</load_address>
         <run_address>0xa9aa</run_address>
         <size>0x29c</size>
         <input_file_ref idref="fl-e1"/>
      </object_component>
      <object_component id="oc-2b6">
         <name>.debug_info</name>
         <load_address>0xac46</load_address>
         <run_address>0xac46</run_address>
         <size>0x1da</size>
         <input_file_ref idref="fl-e1"/>
      </object_component>
      <object_component id="oc-299">
         <name>.debug_info</name>
         <load_address>0xae20</load_address>
         <run_address>0xae20</run_address>
         <size>0x2b9</size>
         <input_file_ref idref="fl-e3"/>
      </object_component>
      <object_component id="oc-224">
         <name>.debug_info</name>
         <load_address>0xb0d9</load_address>
         <run_address>0xb0d9</run_address>
         <size>0x17c</size>
         <input_file_ref idref="fl-e3"/>
      </object_component>
      <object_component id="oc-312">
         <name>.debug_info</name>
         <load_address>0xb255</load_address>
         <run_address>0xb255</run_address>
         <size>0xf9</size>
         <input_file_ref idref="fl-e4"/>
      </object_component>
      <object_component id="oc-296">
         <name>.debug_info</name>
         <load_address>0xb34e</load_address>
         <run_address>0xb34e</run_address>
         <size>0x105</size>
         <input_file_ref idref="fl-e4"/>
      </object_component>
      <object_component id="oc-2f4">
         <name>.debug_info</name>
         <load_address>0xb453</load_address>
         <run_address>0xb453</run_address>
         <size>0x2a7</size>
         <input_file_ref idref="fl-e5"/>
      </object_component>
      <object_component id="oc-24e">
         <name>.debug_info</name>
         <load_address>0xb6fa</load_address>
         <run_address>0xb6fa</run_address>
         <size>0x1b8</size>
         <input_file_ref idref="fl-e5"/>
      </object_component>
      <object_component id="oc-337">
         <name>.debug_info</name>
         <load_address>0xb8b2</load_address>
         <run_address>0xb8b2</run_address>
         <size>0x29a</size>
         <input_file_ref idref="fl-e6"/>
      </object_component>
      <object_component id="oc-2ee">
         <name>.debug_info</name>
         <load_address>0xbb4c</load_address>
         <run_address>0xbb4c</run_address>
         <size>0x262</size>
         <input_file_ref idref="fl-e6"/>
      </object_component>
      <object_component id="oc-294">
         <name>.debug_info</name>
         <load_address>0xbdae</load_address>
         <run_address>0xbdae</run_address>
         <size>0x28f</size>
         <input_file_ref idref="fl-e7"/>
      </object_component>
      <object_component id="oc-221">
         <name>.debug_info</name>
         <load_address>0xc03d</load_address>
         <run_address>0xc03d</run_address>
         <size>0x245</size>
         <input_file_ref idref="fl-e7"/>
      </object_component>
      <object_component id="oc-300">
         <name>.debug_info</name>
         <load_address>0xc282</load_address>
         <run_address>0xc282</run_address>
         <size>0x289</size>
         <input_file_ref idref="fl-e8"/>
      </object_component>
      <object_component id="oc-2fd">
         <name>.debug_info</name>
         <load_address>0xc50b</load_address>
         <run_address>0xc50b</run_address>
         <size>0x10e</size>
         <input_file_ref idref="fl-e8"/>
      </object_component>
      <object_component id="oc-259">
         <name>.debug_info</name>
         <load_address>0xc619</load_address>
         <run_address>0xc619</run_address>
         <size>0x14e</size>
         <input_file_ref idref="fl-e8"/>
      </object_component>
      <object_component id="oc-2fb">
         <name>.debug_info</name>
         <load_address>0xc767</load_address>
         <run_address>0xc767</run_address>
         <size>0x28f</size>
         <input_file_ref idref="fl-e9"/>
      </object_component>
      <object_component id="oc-254">
         <name>.debug_info</name>
         <load_address>0xc9f6</load_address>
         <run_address>0xc9f6</run_address>
         <size>0x15a</size>
         <input_file_ref idref="fl-e9"/>
      </object_component>
      <object_component id="oc-33a">
         <name>.debug_info</name>
         <load_address>0xcb50</load_address>
         <run_address>0xcb50</run_address>
         <size>0x46</size>
         <input_file_ref idref="fl-e9"/>
      </object_component>
      <object_component id="oc-2f6">
         <name>.debug_info</name>
         <load_address>0xcb96</load_address>
         <run_address>0xcb96</run_address>
         <size>0x39</size>
         <input_file_ref idref="fl-e9"/>
      </object_component>
      <object_component id="oc-328">
         <name>.debug_info</name>
         <load_address>0xcbcf</load_address>
         <run_address>0xcbcf</run_address>
         <size>0x295</size>
         <input_file_ref idref="fl-ea"/>
      </object_component>
      <object_component id="oc-2e1">
         <name>.debug_info</name>
         <load_address>0xce64</load_address>
         <run_address>0xce64</run_address>
         <size>0x195</size>
         <input_file_ref idref="fl-ea"/>
      </object_component>
      <object_component id="oc-351">
         <name>.debug_info</name>
         <load_address>0xcff9</load_address>
         <run_address>0xcff9</run_address>
         <size>0x39</size>
         <input_file_ref idref="fl-ea"/>
      </object_component>
      <object_component id="oc-329">
         <name>.debug_info</name>
         <load_address>0xd032</load_address>
         <run_address>0xd032</run_address>
         <size>0x2c</size>
         <input_file_ref idref="fl-ea"/>
      </object_component>
      <object_component id="oc-335">
         <name>.debug_info</name>
         <load_address>0xd05e</load_address>
         <run_address>0xd05e</run_address>
         <size>0x2f8</size>
         <input_file_ref idref="fl-eb"/>
      </object_component>
      <object_component id="oc-2e7">
         <name>.debug_info</name>
         <load_address>0xd356</load_address>
         <run_address>0xd356</run_address>
         <size>0x225</size>
         <input_file_ref idref="fl-eb"/>
      </object_component>
      <object_component id="oc-316">
         <name>.debug_info</name>
         <load_address>0xd57b</load_address>
         <run_address>0xd57b</run_address>
         <size>0x115</size>
         <input_file_ref idref="fl-ec"/>
      </object_component>
      <object_component id="oc-32f">
         <name>.debug_info</name>
         <load_address>0xd690</load_address>
         <run_address>0xd690</run_address>
         <size>0x161</size>
         <input_file_ref idref="fl-ed"/>
      </object_component>
      <object_component id="oc-19e">
         <name>.debug_info</name>
         <load_address>0xd7f1</load_address>
         <run_address>0xd7f1</run_address>
         <size>0x3b7</size>
         <input_file_ref idref="fl-ee"/>
      </object_component>
      <object_component id="oc-196">
         <name>.debug_info</name>
         <load_address>0xdba8</load_address>
         <run_address>0xdba8</run_address>
         <size>0x160</size>
         <input_file_ref idref="fl-ee"/>
      </object_component>
      <object_component id="oc-12b">
         <name>.debug_info</name>
         <load_address>0xdd08</load_address>
         <run_address>0xdd08</run_address>
         <size>0x2ca</size>
         <input_file_ref idref="fl-ee"/>
      </object_component>
      <object_component id="oc-1d5">
         <name>.debug_info</name>
         <load_address>0xdfd2</load_address>
         <run_address>0xdfd2</run_address>
         <size>0x247</size>
         <input_file_ref idref="fl-ee"/>
      </object_component>
      <object_component id="oc-218">
         <name>.debug_info</name>
         <load_address>0xe219</load_address>
         <run_address>0xe219</run_address>
         <size>0x26b</size>
         <input_file_ref idref="fl-ee"/>
      </object_component>
      <object_component id="oc-211">
         <name>.debug_info</name>
         <load_address>0xe484</load_address>
         <run_address>0xe484</run_address>
         <size>0x297</size>
         <input_file_ref idref="fl-ee"/>
      </object_component>
      <object_component id="oc-199">
         <name>.debug_info</name>
         <load_address>0xe71b</load_address>
         <run_address>0xe71b</run_address>
         <size>0xbb</size>
         <input_file_ref idref="fl-ee"/>
      </object_component>
      <object_component id="oc-27b">
         <name>.debug_info</name>
         <load_address>0xe7d6</load_address>
         <run_address>0xe7d6</run_address>
         <size>0x21b</size>
         <input_file_ref idref="fl-ef"/>
      </object_component>
      <object_component id="oc-38c">
         <name>.debug_info</name>
         <load_address>0xe9f1</load_address>
         <run_address>0xe9f1</run_address>
         <size>0x94</size>
      </object_component>
      <object_component id="oc-129">
         <name>.debug_line</name>
         <load_address>0x0</load_address>
         <run_address>0x0</run_address>
         <size>0x69</size>
         <input_file_ref idref="fl-2"/>
      </object_component>
      <object_component id="oc-1a0">
         <name>.debug_line</name>
         <load_address>0x69</load_address>
         <run_address>0x69</run_address>
         <size>0x2e</size>
         <input_file_ref idref="fl-2"/>
      </object_component>
      <object_component id="oc-dc">
         <name>.debug_line</name>
         <load_address>0x97</load_address>
         <run_address>0x97</run_address>
         <size>0x179</size>
         <input_file_ref idref="fl-2"/>
      </object_component>
      <object_component id="oc-7a">
         <name>.debug_line</name>
         <load_address>0x210</load_address>
         <run_address>0x210</run_address>
         <size>0x6f</size>
         <input_file_ref idref="fl-2"/>
      </object_component>
      <object_component id="oc-3c">
         <name>.debug_line</name>
         <load_address>0x27f</load_address>
         <run_address>0x27f</run_address>
         <size>0x20</size>
         <input_file_ref idref="fl-2"/>
      </object_component>
      <object_component id="oc-c3">
         <name>.debug_line</name>
         <load_address>0x29f</load_address>
         <run_address>0x29f</run_address>
         <size>0x73</size>
         <input_file_ref idref="fl-2"/>
      </object_component>
      <object_component id="oc-7f">
         <name>.debug_line</name>
         <load_address>0x312</load_address>
         <run_address>0x312</run_address>
         <size>0x70</size>
         <input_file_ref idref="fl-2"/>
      </object_component>
      <object_component id="oc-1c4">
         <name>.debug_line</name>
         <load_address>0x382</load_address>
         <run_address>0x382</run_address>
         <size>0xc3</size>
         <input_file_ref idref="fl-3"/>
      </object_component>
      <object_component id="oc-136">
         <name>.debug_line</name>
         <load_address>0x445</load_address>
         <run_address>0x445</run_address>
         <size>0x45</size>
         <input_file_ref idref="fl-3"/>
      </object_component>
      <object_component id="oc-e1">
         <name>.debug_line</name>
         <load_address>0x48a</load_address>
         <run_address>0x48a</run_address>
         <size>0x19b</size>
         <input_file_ref idref="fl-3"/>
      </object_component>
      <object_component id="oc-1cd">
         <name>.debug_line</name>
         <load_address>0x625</load_address>
         <run_address>0x625</run_address>
         <size>0x6a</size>
         <input_file_ref idref="fl-3"/>
      </object_component>
      <object_component id="oc-156">
         <name>.debug_line</name>
         <load_address>0x68f</load_address>
         <run_address>0x68f</run_address>
         <size>0x6b</size>
         <input_file_ref idref="fl-3"/>
      </object_component>
      <object_component id="oc-1c8">
         <name>.debug_line</name>
         <load_address>0x6fa</load_address>
         <run_address>0x6fa</run_address>
         <size>0x74</size>
         <input_file_ref idref="fl-3"/>
      </object_component>
      <object_component id="oc-273">
         <name>.debug_line</name>
         <load_address>0x76e</load_address>
         <run_address>0x76e</run_address>
         <size>0x4d</size>
         <input_file_ref idref="fl-4"/>
      </object_component>
      <object_component id="oc-a3">
         <name>.debug_line</name>
         <load_address>0x7bb</load_address>
         <run_address>0x7bb</run_address>
         <size>0x46</size>
         <input_file_ref idref="fl-4"/>
      </object_component>
      <object_component id="oc-277">
         <name>.debug_line</name>
         <load_address>0x801</load_address>
         <run_address>0x801</run_address>
         <size>0x33</size>
         <input_file_ref idref="fl-4"/>
      </object_component>
      <object_component id="oc-1e4">
         <name>.debug_line</name>
         <load_address>0x834</load_address>
         <run_address>0x834</run_address>
         <size>0x20</size>
         <input_file_ref idref="fl-6"/>
      </object_component>
      <object_component id="oc-76">
         <name>.debug_line</name>
         <load_address>0x854</load_address>
         <run_address>0x854</run_address>
         <size>0x41</size>
         <input_file_ref idref="fl-7"/>
      </object_component>
      <object_component id="oc-31">
         <name>.debug_line</name>
         <load_address>0x895</load_address>
         <run_address>0x895</run_address>
         <size>0x41</size>
         <input_file_ref idref="fl-7"/>
      </object_component>
      <object_component id="oc-2e">
         <name>.debug_line</name>
         <load_address>0x8d6</load_address>
         <run_address>0x8d6</run_address>
         <size>0xa1</size>
         <input_file_ref idref="fl-7"/>
      </object_component>
      <object_component id="oc-1ed">
         <name>.debug_line</name>
         <load_address>0x977</load_address>
         <run_address>0x977</run_address>
         <size>0x73</size>
         <input_file_ref idref="fl-f"/>
      </object_component>
      <object_component id="oc-1eb">
         <name>.debug_line</name>
         <load_address>0x9ea</load_address>
         <run_address>0x9ea</run_address>
         <size>0x33</size>
         <input_file_ref idref="fl-f"/>
      </object_component>
      <object_component id="oc-e7">
         <name>.debug_line</name>
         <load_address>0xa1d</load_address>
         <run_address>0xa1d</run_address>
         <size>0x120</size>
         <input_file_ref idref="fl-f"/>
      </object_component>
      <object_component id="oc-173">
         <name>.debug_line</name>
         <load_address>0xb3d</load_address>
         <run_address>0xb3d</run_address>
         <size>0x33</size>
         <input_file_ref idref="fl-f"/>
      </object_component>
      <object_component id="oc-283">
         <name>.debug_line</name>
         <load_address>0xb70</load_address>
         <run_address>0xb70</run_address>
         <size>0x2b</size>
         <input_file_ref idref="fl-10"/>
      </object_component>
      <object_component id="oc-168">
         <name>.debug_line</name>
         <load_address>0xb9b</load_address>
         <run_address>0xb9b</run_address>
         <size>0xc5</size>
         <input_file_ref idref="fl-10"/>
      </object_component>
      <object_component id="oc-281">
         <name>.debug_line</name>
         <load_address>0xc60</load_address>
         <run_address>0xc60</run_address>
         <size>0x76</size>
         <input_file_ref idref="fl-11"/>
      </object_component>
      <object_component id="oc-163">
         <name>.debug_line</name>
         <load_address>0xcd6</load_address>
         <run_address>0xcd6</run_address>
         <size>0xb9</size>
         <input_file_ref idref="fl-11"/>
      </object_component>
      <object_component id="oc-15d">
         <name>.debug_line</name>
         <load_address>0xd8f</load_address>
         <run_address>0xd8f</run_address>
         <size>0xb4</size>
         <input_file_ref idref="fl-12"/>
      </object_component>
      <object_component id="oc-26d">
         <name>.debug_line</name>
         <load_address>0xe43</load_address>
         <run_address>0xe43</run_address>
         <size>0x2f</size>
         <input_file_ref idref="fl-c8"/>
      </object_component>
      <object_component id="oc-140">
         <name>.debug_line</name>
         <load_address>0xe72</load_address>
         <run_address>0xe72</run_address>
         <size>0x55</size>
         <input_file_ref idref="fl-c8"/>
      </object_component>
      <object_component id="oc-1ab">
         <name>.debug_line</name>
         <load_address>0xec7</load_address>
         <run_address>0xec7</run_address>
         <size>0x59</size>
         <input_file_ref idref="fl-c8"/>
      </object_component>
      <object_component id="oc-1b1">
         <name>.debug_line</name>
         <load_address>0xf20</load_address>
         <run_address>0xf20</run_address>
         <size>0x47</size>
         <input_file_ref idref="fl-c8"/>
      </object_component>
      <object_component id="oc-1b8">
         <name>.debug_line</name>
         <load_address>0xf67</load_address>
         <run_address>0xf67</run_address>
         <size>0x91</size>
         <input_file_ref idref="fl-c8"/>
      </object_component>
      <object_component id="oc-1bd">
         <name>.debug_line</name>
         <load_address>0xff8</load_address>
         <run_address>0xff8</run_address>
         <size>0x2f</size>
         <input_file_ref idref="fl-c8"/>
      </object_component>
      <object_component id="oc-2c4">
         <name>.debug_line</name>
         <load_address>0x1027</load_address>
         <run_address>0x1027</run_address>
         <size>0xd2</size>
         <input_file_ref idref="fl-c9"/>
      </object_component>
      <object_component id="oc-233">
         <name>.debug_line</name>
         <load_address>0x10f9</load_address>
         <run_address>0x10f9</run_address>
         <size>0x77</size>
         <input_file_ref idref="fl-ca"/>
      </object_component>
      <object_component id="oc-2ac">
         <name>.debug_line</name>
         <load_address>0x1170</load_address>
         <run_address>0x1170</run_address>
         <size>0x77</size>
         <input_file_ref idref="fl-ca"/>
      </object_component>
      <object_component id="oc-2a8">
         <name>.debug_line</name>
         <load_address>0x11e7</load_address>
         <run_address>0x11e7</run_address>
         <size>0xa8</size>
         <input_file_ref idref="fl-cb"/>
      </object_component>
      <object_component id="oc-2a2">
         <name>.debug_line</name>
         <load_address>0x128f</load_address>
         <run_address>0x128f</run_address>
         <size>0x8e</size>
         <input_file_ref idref="fl-cc"/>
      </object_component>
      <object_component id="oc-2bd">
         <name>.debug_line</name>
         <load_address>0x131d</load_address>
         <run_address>0x131d</run_address>
         <size>0x50</size>
         <input_file_ref idref="fl-cf"/>
      </object_component>
      <object_component id="oc-42">
         <name>.debug_line</name>
         <load_address>0x136d</load_address>
         <run_address>0x136d</run_address>
         <size>0x88</size>
         <input_file_ref idref="fl-d0"/>
      </object_component>
      <object_component id="oc-d4">
         <name>.debug_line</name>
         <load_address>0x13f5</load_address>
         <run_address>0x13f5</run_address>
         <size>0x92</size>
         <input_file_ref idref="fl-d1"/>
      </object_component>
      <object_component id="oc-4f">
         <name>.debug_line</name>
         <load_address>0x1487</load_address>
         <run_address>0x1487</run_address>
         <size>0x4c</size>
         <input_file_ref idref="fl-d1"/>
      </object_component>
      <object_component id="oc-93">
         <name>.debug_line</name>
         <load_address>0x14d3</load_address>
         <run_address>0x14d3</run_address>
         <size>0x34</size>
         <input_file_ref idref="fl-d1"/>
      </object_component>
      <object_component id="oc-d1">
         <name>.debug_line</name>
         <load_address>0x1507</load_address>
         <run_address>0x1507</run_address>
         <size>0x92</size>
         <input_file_ref idref="fl-d1"/>
      </object_component>
      <object_component id="oc-8e">
         <name>.debug_line</name>
         <load_address>0x1599</load_address>
         <run_address>0x1599</run_address>
         <size>0x20</size>
         <input_file_ref idref="fl-d2"/>
      </object_component>
      <object_component id="oc-1e">
         <name>.debug_line</name>
         <load_address>0x15b9</load_address>
         <run_address>0x15b9</run_address>
         <size>0x55</size>
         <input_file_ref idref="fl-d2"/>
      </object_component>
      <object_component id="oc-47">
         <name>.debug_line</name>
         <load_address>0x160e</load_address>
         <run_address>0x160e</run_address>
         <size>0x3a</size>
         <input_file_ref idref="fl-d2"/>
      </object_component>
      <object_component id="oc-8b">
         <name>.debug_line</name>
         <load_address>0x1648</load_address>
         <run_address>0x1648</run_address>
         <size>0x92</size>
         <input_file_ref idref="fl-d2"/>
      </object_component>
      <object_component id="oc-cd">
         <name>.debug_line</name>
         <load_address>0x16da</load_address>
         <run_address>0x16da</run_address>
         <size>0x20</size>
         <input_file_ref idref="fl-d3"/>
      </object_component>
      <object_component id="oc-1a">
         <name>.debug_line</name>
         <load_address>0x16fa</load_address>
         <run_address>0x16fa</run_address>
         <size>0xa9</size>
         <input_file_ref idref="fl-d3"/>
      </object_component>
      <object_component id="oc-37">
         <name>.debug_line</name>
         <load_address>0x17a3</load_address>
         <run_address>0x17a3</run_address>
         <size>0x3a</size>
         <input_file_ref idref="fl-d3"/>
      </object_component>
      <object_component id="oc-ca">
         <name>.debug_line</name>
         <load_address>0x17dd</load_address>
         <run_address>0x17dd</run_address>
         <size>0x9a</size>
         <input_file_ref idref="fl-d3"/>
      </object_component>
      <object_component id="oc-84">
         <name>.debug_line</name>
         <load_address>0x1877</load_address>
         <run_address>0x1877</run_address>
         <size>0x96</size>
         <input_file_ref idref="fl-d3"/>
      </object_component>
      <object_component id="oc-b5">
         <name>.debug_line</name>
         <load_address>0x190d</load_address>
         <run_address>0x190d</run_address>
         <size>0x10f</size>
         <input_file_ref idref="fl-d4"/>
      </object_component>
      <object_component id="oc-6f">
         <name>.debug_line</name>
         <load_address>0x1a1c</load_address>
         <run_address>0x1a1c</run_address>
         <size>0x2c</size>
         <input_file_ref idref="fl-d4"/>
      </object_component>
      <object_component id="oc-be">
         <name>.debug_line</name>
         <load_address>0x1a48</load_address>
         <run_address>0x1a48</run_address>
         <size>0x2c</size>
         <input_file_ref idref="fl-d4"/>
      </object_component>
      <object_component id="oc-b9">
         <name>.debug_line</name>
         <load_address>0x1a74</load_address>
         <run_address>0x1a74</run_address>
         <size>0x92</size>
         <input_file_ref idref="fl-d4"/>
      </object_component>
      <object_component id="oc-26f">
         <name>.debug_line</name>
         <load_address>0x1b06</load_address>
         <run_address>0x1b06</run_address>
[...]
               <size>0x5d13</size>
            </available_space>
         </usage_details>
      </memory_area>
   </placement_map>
   <cptbl_list>
      <cptbl>
         <name>__TI_cinit_table</name>
         <cprec>
            <name>.bss</name>
            <load_address>0x2ea0</load_address>
            <load_size>0x8</load_size>
            <run_address>0x20002270</run_address>
            <run_size>0x71</run_size>
            <compression>zero_init</compression>
         </cprec>
         <cprec>
            <name>.vtable</name>
            <load_address>0x2ea8</load_address>
            <load_size>0x8</load_size>
            <run_address>0x20000000</run_address>
            <run_size>0x26c</run_size>
            <compression>zero_init</compression>
         </cprec>
         <cprec>
            <name>.data</name>
            <load_address>0x2eb0</load_address>
            <load_size>0x7</load_size>
            <run_address>0x200022e4</run_address>
            <run_size>0x9</run_size>
            <compression>lzss</compression>
         </cprec>
      </cptbl>
   </cptbl_list>
   <handler_table>
      <handler_table_name>__TI_handler_table</handler_table_name>
      <handler>
         <index>0x0</index>
         <name>__TI_zero_init</name>
      </handler>
      <handler>
         <index>0x1</index>
         <name>__TI_decompress_lzss</name>
      </handler>
      <handler>
         <index>0x2</index>
         <name>__TI_decompress_none</name>
      </handler>
   </handler_table>
   <symbol_table>
      <symbol id="sm-1">
         <name>__STACK_TOP</name>
         <value>0x20000470</value>
      </symbol>
      <symbol id="sm-2">
         <name>__start___llvm_prf_cnts</name>
         <value>0x20000000</value>
      </symbol>
      <symbol id="sm-3">
         <name>__stop___llvm_prf_cnts</name>
         <value>0x20000000</value>
      </symbol>
      <symbol id="sm-4">
         <name>__TI_CINIT_Base</name>
         <value>0x2eb8</value>
      </symbol>
      <symbol id="sm-5">
         <name>__TI_CINIT_Limit</name>
         <value>0x2ed0</value>
      </symbol>
      <symbol id="sm-6">
         <name>__TI_Handler_Table_Base</name>
         <value>0x2e90</value>
      </symbol>
      <symbol id="sm-7">
         <name>__TI_Handler_Table_Limit</name>
         <value>0x2e9c</value>
      </symbol>
      <symbol id="sm-8">
         <name>binit</name>
         <value>0xffffffff</value>
      </symbol>
      <symbol id="sm-9">
         <name>__binit__</name>
         <value>0xffffffff</value>
      </symbol>
      <symbol id="sm-a">
         <name>__STACK_SIZE</name>
         <value>0x1000</value>
      </symbol>
      <symbol id="sm-b">
         <name>__STACK_END</name>
         <value>0x20001270</value>
      </symbol>
      <symbol id="sm-c">
         <name>__SYSMEM_SIZE</name>
         <value>0x1000</value>
      </symbol>
      <symbol id="sm-d">
         <name>__c_args__</name>
         <value>0xffffffff</value>
      </symbol>
      <symbol id="sm-e">
         <name>__TI_pprof_out_hndl</name>
         <value>0xffffffff</value>
      </symbol>
      <symbol id="sm-f">
         <name>__TI_prof_data_start</name>
         <value>0xffffffff</value>
      </symbol>
      <symbol id="sm-10">
         <name>__TI_prof_data_size</name>
         <value>0xffffffff</value>
      </symbol>
      <symbol id="sm-76">
         <name>_timeout_ticks</name>
         <value>0x200022c4</value>
      </symbol>
      <symbol id="sm-77">
         <name>timer_pause</name>
         <value>0x1557</value>
         <object_component_ref idref="oc-d7"/>
      </symbol>
      <symbol id="sm-78">
         <name>timer_resume</name>
         <value>0x1569</value>
         <object_component_ref idref="oc-d7"/>
      </symbol>
      <symbol id="sm-79">
         <name>timer_getMillis</name>
         <value>0x157b</value>
         <object_component_ref idref="oc-d7"/>
      </symbol>
      <symbol id="sm-7a">
         <name>_running</name>
         <value>0x200022ec</value>
         <object_component_ref idref="oc-130"/>
      </symbol>
      <symbol id="sm-7b">
         <name>timer_init</name>
         <value>0x14b5</value>
         <object_component_ref idref="oc-d7"/>
      </symbol>
      <symbol id="sm-7c">
         <name>timer_stop</name>
         <value>0x152d</value>
         <object_component_ref idref="oc-d7"/>
      </symbol>
      <symbol id="sm-7d">
         <name>timer_getMicros</name>
         <value>0x15d3</value>
         <object_component_ref idref="oc-d7"/>
      </symbol>
      <symbol id="sm-7e">
         <name>timer_waitMillis</name>
         <value>0x165f</value>
         <object_component_ref idref="oc-d7"/>
      </symbol>
      <symbol id="sm-7f">
         <name>timer_waitMicros</name>
         <value>0x162d</value>
         <object_component_ref idref="oc-d7"/>
      </symbol>
      <symbol id="sm-cb">
         <name>lcd_sendCommand</name>
         <value>0xe0f</value>
         <object_component_ref idref="oc-dd"/>
      </symbol>
      <symbol id="sm-cc">
         <name>lcd_sendNibble</name>
         <value>0xe4d</value>
         <object_component_ref idref="oc-dd"/>
      </symbol>
      <symbol id="sm-cd">
         <name>lcd_clear</name>
         <value>0x2d3f</value>
         <object_component_ref idref="oc-135"/>
      </symbol>
      <symbol id="sm-ce">
         <name>lcd_printf</name>
         <value>0xef7</value>
         <object_component_ref idref="oc-dd"/>
      </symbol>
      <symbol id="sm-cf">
         <name>lcd_setCursorPos</name>
         <value>0xeb9</value>
         <object_component_ref idref="oc-dd"/>
      </symbol>
      <symbol id="sm-d0">
         <name>lcd_init</name>
         <value>0xcf9</value>
         <object_component_ref idref="oc-dd"/>
      </symbol>
      <symbol id="sm-d1">
         <name>lcd_puts</name>
         <value>0xdf1</value>
         <object_component_ref idref="oc-dd"/>
      </symbol>
      <symbol id="sm-d2">
         <name>lcd_putc</name>
         <value>0xdb9</value>
         <object_component_ref idref="oc-dd"/>
      </symbol>
      <symbol id="sm-d3">
         <name>lcd_reverseNibble</name>
         <value>0xcbd</value>
         <object_component_ref idref="oc-dd"/>
      </symbol>
      <symbol id="sm-d4">
         <name>lcd_gotoLine</name>
         <value>0xe91</value>
         <object_component_ref idref="oc-dd"/>
      </symbol>
      <symbol id="sm-e7">
         <name>right_calibration_value</name>
         <value>0x200022d8</value>
      </symbol>
      <symbol id="sm-e8">
         <name>left_calibration_value</name>
         <value>0x200022d0</value>
      </symbol>
      <symbol id="sm-e9">
         <name>main</name>
         <value>0x2c95</value>
         <object_component_ref idref="oc-a2"/>
      </symbol>
      <symbol id="sm-10c">
         <name>ResetISR</name>
         <value>0x2d69</value>
         <object_component_ref idref="oc-2a"/>
      </symbol>
      <symbol id="sm-10d">
         <name>g_pfnVectors</name>
         <value>0x0</value>
         <object_component_ref idref="oc-12"/>
      </symbol>
      <symbol id="sm-149">
         <name>cyBOT_SERVO_cal</name>
         <value>0x132d</value>
         <object_component_ref idref="oc-e3"/>
      </symbol>
      <symbol id="sm-14a">
         <name>cyBOT_Scan</name>
         <value>0x12bb</value>
         <object_component_ref idref="oc-e3"/>
      </symbol>
      <symbol id="sm-14b">
         <name>cyBOT_scan_features</name>
         <value>0x200022e4</value>
         <object_component_ref idref="oc-16a"/>
      </symbol>
      <symbol id="sm-14c">
         <name>cyBOT_scan_version</name>
         <value>0x1255</value>
         <object_component_ref idref="oc-e3"/>
      </symbol>
      <symbol id="sm-14d">
         <name>cyBOT_init_Scan</name>
         <value>0x1263</value>
         <object_component_ref idref="oc-e3"/>
      </symbol>
      <symbol id="sm-174">
         <name>isr_int_value</name>
         <value>0x200022cc</value>
      </symbol>
      <symbol id="sm-175">
         <name>ir_enableInterrupt</name>
         <value>0x220f</value>
         <object_component_ref idref="oc-164"/>
      </symbol>
      <symbol id="sm-176">
         <name>ir_getDistance</name>
         <value>0x21f1</value>
         <object_component_ref idref="oc-164"/>
      </symbol>
      <symbol id="sm-177">
         <name>ir_init</name>
         <value>0x2161</value>
         <object_component_ref idref="oc-164"/>
      </symbol>
      <symbol id="sm-178">
         <name>ADC0SS0_Handler</name>
         <value>0x21f9</value>
         <object_component_ref idref="oc-164"/>
      </symbol>
      <symbol id="sm-179">
         <name>ir_getValue</name>
         <value>0x21c9</value>
         <object_component_ref idref="oc-164"/>
      </symbol>
      <symbol id="sm-1a8">
         <name>risingEdge</name>
         <value>0x200022dc</value>
      </symbol>
      <symbol id="sm-1a9">
         <name>fallingEdge</name>
         <value>0x200022c8</value>
      </symbol>
      <symbol id="sm-1aa">
         <name>pulseLength</name>
         <value>0x200022d4</value>
      </symbol>
      <symbol id="sm-1ab">
         <name>isRisingEdge</name>
         <value>0x200022e0</value>
      </symbol>
      <symbol id="sm-1ac">
         <name>TIMER3B_Handler</name>
         <value>0x17ed</value>
         <object_component_ref idref="oc-15e"/>
      </symbol>
      <symbol id="sm-1ad">
         <name>ping_init</name>
         <value>0x16fd</value>
         <object_component_ref idref="oc-15e"/>
      </symbol>
      <symbol id="sm-1ae">
         <name>ping_getDistance</name>
         <value>0x183f</value>
         <object_component_ref idref="oc-15e"/>
      </symbol>
      <symbol id="sm-1af">
         <name>ping_trigger</name>
         <value>0x1783</value>
         <object_component_ref idref="oc-15e"/>
      </symbol>
      <symbol id="sm-1d1">
         <name>servo_move</name>
         <value>0x1d01</value>
         <object_component_ref idref="oc-158"/>
      </symbol>
      <symbol id="sm-1d2">
         <name>servo_init</name>
         <value>0x1c71</value>
         <object_component_ref idref="oc-158"/>
      </symbol>
      <symbol id="sm-1d3">
         <name>servo_stop</name>
         <value>0x1cf5</value>
         <object_component_ref idref="oc-158"/>
      </symbol>
      <symbol id="sm-1d4">
         <name>servo_setPWM</name>
         <value>0x1d61</value>
         <object_component_ref idref="oc-158"/>
      </symbol>
      <symbol id="sm-203">
         <name>vsnprintf</name>
         <value>0x2afd</value>
         <object_component_ref idref="oc-13c"/>
      </symbol>
      <symbol id="sm-21a">
         <name>__aeabi_dsub</name>
         <value>0x1ab9</value>
         <object_component_ref idref="oc-2c0"/>
      </symbol>
      <symbol id="sm-21b">
         <name>__aeabi_dadd</name>
         <value>0x1ac3</value>
         <object_component_ref idref="oc-2c0"/>
      </symbol>
      <symbol id="sm-23d">
         <name>__aeabi_cdcmpeq</name>
         <value>0x2669</value>
         <object_component_ref idref="oc-22f"/>
      </symbol>
      <symbol id="sm-23e">
         <name>__aeabi_cdcmple</name>
         <value>0x2669</value>
         <object_component_ref idref="oc-22f"/>
      </symbol>
      <symbol id="sm-23f">
         <name>__aeabi_cdrcmple</name>
         <value>0x26ef</value>
         <object_component_ref idref="oc-2ab"/>
      </symbol>
      <symbol id="sm-253">
         <name>__aeabi_ddiv</name>
         <value>0x1f05</value>
         <object_component_ref idref="oc-2a6"/>
      </symbol>
      <symbol id="sm-25e">
         <name>__aeabi_dmul</name>
         <value>0x2389</value>
         <object_component_ref idref="oc-2a1"/>
      </symbol>
      <symbol id="sm-26a">
         <name>__aeabi_i2d</name>
         <value>0x2c15</value>
         <object_component_ref idref="oc-2bb"/>
      </symbol>
      <symbol id="sm-285">
         <name>memcpy</name>
         <value>0x2537</value>
         <object_component_ref idref="oc-3e"/>
      </symbol>
      <symbol id="sm-286">
         <name>__aeabi_memcpy</name>
         <value>0x2537</value>
         <object_component_ref idref="oc-3e"/>
      </symbol>
      <symbol id="sm-287">
         <name>__aeabi_memcpy8</name>
         <value>0x2537</value>
         <object_component_ref idref="oc-3e"/>
      </symbol>
      <symbol id="sm-288">
         <name>__aeabi_memcpy4</name>
         <value>0x2537</value>
         <object_component_ref idref="oc-3e"/>
      </symbol>
      <symbol id="sm-2a1">
         <name>__TI_zero_init_nomemset</name>
         <value>0x2c43</value>
         <object_component_ref idref="oc-4a"/>
      </symbol>
      <symbol id="sm-2b8">
         <name>__TI_decompress_none</name>
         <value>0x2d4f</value>
         <object_component_ref idref="oc-1b"/>
      </symbol>
      <symbol id="sm-2db">
         <name>__TI_decompress_lzss</name>
         <value>0x285d</value>
         <object_component_ref idref="oc-15"/>
      </symbol>
      <symbol id="sm-2f0">
         <name>_sys_memory</name>
         <value>0x20001270</value>
         <object_component_ref idref="oc-24"/>
      </symbol>
      <symbol id="sm-2ff">
         <name>strcmp</name>
         <value>0x2cc7</value>
         <object_component_ref idref="oc-142"/>
      </symbol>
      <symbol id="sm-30d">
         <name>strcpy</name>
         <value>0x2cf5</value>
         <object_component_ref idref="oc-148"/>
      </symbol>
      <symbol id="sm-320">
         <name>__stack</name>
         <value>0x20000270</value>
         <object_component_ref idref="oc-27"/>
      </symbol>
      <symbol id="sm-321">
         <name>_c_int00_noargs</name>
         <value>0x2bb1</value>
         <object_component_ref idref="oc-5c"/>
      </symbol>
      <symbol id="sm-486">
         <name>__TI_printfi</name>
         <value>0x26d</value>
         <object_component_ref idref="oc-1a1"/>
      </symbol>
      <symbol id="sm-490">
         <name>__aeabi_d2iz</name>
         <value>0x2a71</value>
         <object_component_ref idref="oc-2b0"/>
      </symbol>
      <symbol id="sm-49f">
         <name>__aeabi_memset</name>
         <value>0x2777</value>
         <object_component_ref idref="oc-96"/>
      </symbol>
      <symbol id="sm-4a0">
         <name>memset</name>
         <value>0x277d</value>
         <object_component_ref idref="oc-96"/>
      </symbol>
      <symbol id="sm-4a1">
         <name>__aeabi_memset8</name>
         <value>0x2777</value>
         <object_component_ref idref="oc-96"/>
      </symbol>
      <symbol id="sm-4a2">
         <name>__aeabi_memset4</name>
         <value>0x2777</value>
         <object_component_ref idref="oc-96"/>
      </symbol>
      <symbol id="sm-4a3">
         <name>__aeabi_memclr8</name>
         <value>0x2775</value>
         <object_component_ref idref="oc-96"/>
      </symbol>
      <symbol id="sm-4a4">
         <name>__aeabi_memclr4</name>
         <value>0x2775</value>
         <object_component_ref idref="oc-96"/>
      </symbol>
      <symbol id="sm-4a5">
         <name>__aeabi_memclr</name>
         <value>0x2775</value>
         <object_component_ref idref="oc-96"/>
      </symbol>
      <symbol id="sm-4b2">
         <name>__aeabi_uldivmod</name>
         <value>0x25d3</value>
         <object_component_ref idref="oc-29a"/>
      </symbol>
      <symbol id="sm-4da">
         <name>__TI_auto_init_nobinit_nopinit</name>
         <value>0x2ab9</value>
         <object_component_ref idref="oc-f6"/>
      </symbol>
      <symbol id="sm-4e4">
         <name>_system_pre_init</name>
         <value>0x2d7d</value>
         <object_component_ref idref="oc-9c"/>
      </symbol>
      <symbol id="sm-4f0">
         <name>C$$EXIT</name>
         <value>0x2d81</value>
         <object_component_ref idref="oc-ea"/>
      </symbol>
      <symbol id="sm-4f1">
         <name>abort</name>
         <value>0x2d81</value>
         <object_component_ref idref="oc-ea"/>
      </symbol>
      <symbol id="sm-501">
         <name>__TI_ltoa</name>
         <value>0x297f</value>
         <object_component_ref idref="oc-2b5"/>
      </symbol>
      <symbol id="sm-518">
         <name>atoi</name>
         <value>0x2a25</value>
         <object_component_ref idref="oc-223"/>
      </symbol>
      <symbol id="sm-523">
         <name>_ctypes_</name>
         <value>0x2d84</value>
         <object_component_ref idref="oc-295"/>
      </symbol>
      <symbol id="sm-533">
         <name>memccpy</name>
         <value>0x2c5f</value>
         <object_component_ref idref="oc-24c"/>
      </symbol>
      <symbol id="sm-543">
         <name>strchr</name>
         <value>0x2cdf</value>
         <object_component_ref idref="oc-2ec"/>
      </symbol>
      <symbol id="sm-551">
         <name>strlen</name>
         <value>0x2d09</value>
         <object_component_ref idref="oc-21d"/>
      </symbol>
      <symbol id="sm-567">
         <name>__aeabi_errno_addr</name>
         <value>0x2d75</value>
         <object_component_ref idref="oc-258"/>
      </symbol>
      <symbol id="sm-568">
         <name>errno</name>
         <value>0x200022e8</value>
         <object_component_ref idref="oc-2fc"/>
      </symbol>
      <symbol id="sm-581">
         <name>wcslen</name>
         <value>0x2d1d</value>
         <object_component_ref idref="oc-252"/>
      </symbol>
      <symbol id="sm-5a1">
         <name>frexpl</name>
         <value>0x28c5</value>
         <object_component_ref idref="oc-2e0"/>
      </symbol>
      <symbol id="sm-5a2">
         <name>frexp</name>
         <value>0x28c5</value>
         <object_component_ref idref="oc-2e0"/>
      </symbol>
      <symbol id="sm-5bf">
         <name>scalbn</name>
         <value>0x2279</value>
         <object_component_ref idref="oc-2e6"/>
      </symbol>
      <symbol id="sm-5c0">
         <name>scalbnl</name>
         <value>0x2279</value>
         <object_component_ref idref="oc-2e6"/>
      </symbol>
      <symbol id="sm-5c1">
         <name>ldexpl</name>
         <value>0x2279</value>
         <object_component_ref idref="oc-2e6"/>
      </symbol>
      <symbol id="sm-5c2">
         <name>ldexp</name>
         <value>0x2279</value>
         <object_component_ref idref="oc-2e6"/>
      </symbol>
      <symbol id="sm-5cc">
         <name>__aeabi_idiv0</name>
         <value>0xcbb</value>
         <object_component_ref idref="oc-315"/>
      </symbol>
      <symbol id="sm-5cd">
         <name>__aeabi_ldiv0</name>
         <value>0xcbb</value>
         <object_component_ref idref="oc-315"/>
      </symbol>
      <symbol id="sm-5d7">
         <name>copysign</name>
         <value>0x2c7b</value>
         <object_component_ref idref="oc-32e"/>
      </symbol>
      <symbol id="sm-5d8">
         <name>copysignl</name>
         <value>0x2c7b</value>
         <object_component_ref idref="oc-32e"/>
      </symbol>
      <symbol id="sm-607">
         <name>IntRegister</name>
         <value>0x2b7d</value>
         <object_component_ref idref="oc-12a"/>
      </symbol>
      <symbol id="sm-608">
         <name>g_pfnRAMVectors</name>
         <value>0x20000000</value>
         <object_component_ref idref="oc-195"/>
      </symbol>
      <symbol id="sm-609">
         <name>IntMasterEnable</name>
         <value>0x2d2f</value>
         <object_component_ref idref="oc-1d4"/>
      </symbol>
      <symbol id="sm-613">
         <name>CPUcpsie</name>
         <value>0x2d5d</value>
         <object_component_ref idref="oc-279"/>
      </symbol>
      <symbol id="sm-614">
         <name>__TI_static_base__</name>
         <value>0x0</value>
      </symbol>
      <symbol id="sm-617">
         <name>__mpu_init</name>
         <value>0x0</value>
      </symbol>
      <symbol id="sm-618">
         <name>_system_post_cinit</name>
         <value>0x0</value>
      </symbol>
   </symbol_table>
   <title>Link successful</title>
</link_info>
