******************************************************************************
                  TI ARM Linker PC v20.2.7                     
******************************************************************************
>> Linked Tue Mar 25 20:40:21 2025

OUTPUT FILE NAME:   <Lab7.out>
ENTRY POINT SYMBOL: "_c_int00_noargs"  address: 00006bed


MEMORY CONFIGURATION

         name            origin    length      used     unused   attr    fill
----------------------  --------  ---------  --------  --------  ----  --------
  FLASH                 00000000   00040000  000070f0  00038f10  R  X
  SRAM                  20000000   00008000  00003522  00004ade  RW X


SEGMENT ALLOCATION MAP

run origin  load origin   length   init length attrs members
----------  ----------- ---------- ----------- ----- -------
00000000    00000000    000070f0   000070f0    r-x
  00000000    00000000    0000026c   0000026c    r-- .intvecs
  0000026c    0000026c    00006bb4   00006bb4    r-x .text
  00006e20    00006e20    00000278   00000278    r-- .const
  00007098    00007098    00000058   00000058    r-- .cinit
20000000    20000000    00003525   00000000    rw-
  20000000    20000000    0000026c   00000000    rw- .vtable
  2000026c    2000026c    00001271   00000000    rw- .bss
  200014e0    200014e0    00001000   00000000    rw- .stack
  200024e0    200024e0    00001000   00000000    rw- .sysmem
  200034e0    200034e0    00000045   00000000    rw- .data


SECTION ALLOCATION MAP

 output                                  attributes/
section   page    origin      length       input sections
--------  ----  ----------  ----------   ----------------
.intvecs   0    00000000    0000026c     
                  00000000    0000026c     tm4c123gh6pm_startup_ccs.obj (.intvecs)

.text      0    0000026c    00006bb4     
                  0000026c    0000118c     lab7.obj (.text)
                  000013f8    00000c6e     movement.obj (.text)
                  00002066    00000002     rtsv7M4_T_le_v4SPD16_eabi.lib : _lock.c.obj (.text:_nop)
                  00002068    00000c20     open_interface.obj (.text)
                  00002c88    00000a4e     rtsv7M4_T_le_v4SPD16_eabi.lib : _printfi.c.obj (.text:__TI_printfi)
                  000036d6    00000002                                   : div0.asm.obj (.text)
                  000036d8    00000738                                   : k_rem_pio2.c.obj (.text:__kernel_rem_pio2)
                  00003e10    000005e0                                   : s_sin.c.obj (.text:sin)
                  000043f0    00000328     lcd.obj (.text)
                  00004718    00000270     rtsv7M4_T_le_v4SPD16_eabi.lib : _printfi.c.obj (.text:_pconv_a)
                  00004988    00000260     libcybotScan.lib : cyBot_Scan.obj (.text)
                  00004be8    00000248     Timer.obj (.text)
                  00004e30    000001ec     libcybotScan.lib : ping.obj (.text)
                  0000501c    000001d0     rtsv7M4_T_le_v4SPD16_eabi.lib : _printfi.c.obj (.text:_pconv_g)
                  000051ec    000001b8     uart.obj (.text)
                  000053a4    000001b6     rtsv7M4_T_le_v4SPD16_eabi.lib : fd_add_t2.asm.obj (.text)
                  0000555a    00000002     --HOLE-- [fill = 0]
                  0000555c    00000174                                   : k_sin.c.obj (.text:__kernel_sin)
                  000056d0    00000170                                   : k_cos.c.obj (.text:__kernel_cos)
                  00005840    00000158     libcybotScan.lib : servo.obj (.text)
                  00005998    0000013c     rtsv7M4_T_le_v4SPD16_eabi.lib : _printfi.c.obj (.text:_pconv_e)
                  00005ad4    00000136                                   : fd_div_t2.asm.obj (.text)
                  00005c0a    00000002     --HOLE-- [fill = 0]
                  00005c0c    00000124                                   : _printfi.c.obj (.text:fcvt)
                  00005d30    00000118     libcybotScan.lib : ir.obj (.text)
                  00005e48    00000110     rtsv7M4_T_le_v4SPD16_eabi.lib : s_scalbn.c.obj (.text:scalbn)
                  00005f58    00000100                                   : memory.c.obj (.text:aligned_alloc)
                  00006058    000000fc                                   : fd_mul_t2.asm.obj (.text)
                  00006154    000000f8                                   : s_floor.c.obj (.text:floor)
                  0000624c    000000e4                                   : memory.c.obj (.text:free)
                  00006330    000000b1                                   : _printfi.c.obj (.text:_ltostr)
                  000063e1    00000001     --HOLE-- [fill = 0]
                  000063e2    0000009c                                   : memcpy_t2.asm.obj (.text)
                  0000647e    00000096                                   : ull_div_t2.asm.obj (.text)
                  00006514    00000086                                   : fd_cmp_t2.asm.obj (.text:__aeabi_cdcmple)
                  0000659a    00000086                                   : fd_cmp_t2.asm.obj (.text:__aeabi_cdrcmple)
                  00006620    0000007a                                   : memset_t2.asm.obj (.text)
                  0000669a    00000002     --HOLE-- [fill = 0]
                  0000669c    00000070                                   : memory.c.obj (.text:split)
                  0000670c    0000006e                                   : _printfi.c.obj (.text:_mcpy)
                  0000677a    0000006e                                   : fd_tos_t2.asm.obj (.text)
                  000067e8    00000068                                   : copy_decompress_lzss.c.obj (.text:decompress:lzss:__TI_decompress_lzss)
                  00006850    00000064                                   : s_frexp.c.obj (.text:frexp)
                  000068b4    00000056                                   : _printfi.c.obj (.text:_pconv_f)
                  0000690a    00000054                                   : _ltoa.c.obj (.text:__TI_ltoa)
                  0000695e    00000052                                   : _printfi.c.obj (.text:_ecpy)
                  000069b0    0000004c                                   : atoi.c.obj (.text:atoi)
                  000069fc    00000048                                   : fd_toi_t2.asm.obj (.text)
                  00006a44    00000044                                   : autoinit.c.obj (.text:__TI_auto_init_nobinit_nopinit:__TI_auto_init_nobinit_nopinit)
                  00006a88    00000040                                   : sprintf.c.obj (.text:sprintf)
                  00006ac8    00000040                                   : vsnprintf.c.obj (.text:vsnprintf)
                  00006b08    0000003e                                   : _printfi.c.obj (.text:_fcpy)
                  00006b46    00000002     --HOLE-- [fill = 0]
                  00006b48    00000038                                   : memory.c.obj (.text:calloc)
                  00006b80    00000038                                   : fs_tod_t2.asm.obj (.text)
                  00006bb8    00000034     driverlib.lib : interrupt.obj (.text:IntRegister)
                  00006bec    00000034     rtsv7M4_T_le_v4SPD16_eabi.lib : boot_cortex_m.c.obj (.text:_c_int00_noargs:_c_int00_noargs)
                  00006c20    00000030                                   : vsnprintf.c.obj (.text:_outs)
                  00006c50    0000002e                                   : i_tofd_t2.asm.obj (.text)
                  00006c7e    00000002     --HOLE-- [fill = 0]
                  00006c80    00000028                                   : memory.c.obj (.text:free_list_insert)
                  00006ca8    0000001c                                   : memory.c.obj (.text:free_list_remove)
                  00006cc4    0000001c                                   : memccpy.c.obj (.text:memccpy)
                  00006ce0    0000001a                                   : s_copysign.c.obj (.text:copysign)
                  00006cfa    00000018                                   : vsnprintf.c.obj (.text:_outc)
                  00006d12    00000018                                   : sprintf.c.obj (.text:_outs)
                  00006d2a    00000018     open_interface.obj (.text:oi_parseInt)
                  00006d42    00000018     rtsv7M4_T_le_v4SPD16_eabi.lib : strcmp.c.obj (.text:strcmp)
                  00006d5a    00000016                                   : strchr.c.obj (.text:strchr)
                  00006d70    00000014                                   : strcpy.c.obj (.text:strcpy)
                  00006d84    00000014                                   : strlen.c.obj (.text:strlen)
                  00006d98    00000012                                   : wcslen.c.obj (.text:wcslen)
                  00006daa    00000010     driverlib.lib : interrupt.obj (.text:IntMasterEnable)
                  00006dba    00000010     lcd.obj (.text:lcd_clear)
                  00006dca    0000000e     rtsv7M4_T_le_v4SPD16_eabi.lib : copy_decompress_none.c.obj (.text:decompress:none:__TI_decompress_none)
                  00006dd8    0000000c     driverlib.lib : cpu.obj (.text:CPUcpsie)
                  00006de4    0000000c     rtsv7M4_T_le_v4SPD16_eabi.lib : copy_zero_init.c.obj (.text:decompress:ZI:__TI_zero_init)
                  00006df0    0000000c     tm4c123gh6pm_startup_ccs.obj (.text)
                  00006dfc    0000000a     rtsv7M4_T_le_v4SPD16_eabi.lib : sprintf.c.obj (.text:_outc)
                  00006e06    00000002     --HOLE-- [fill = 0]
                  00006e08    00000008                                   : errno.c.obj (.text:__aeabi_errno_addr)
                  00006e10    00000008                                   : memory.c.obj (.text:malloc)
                  00006e18    00000004                                   : pre_init.c.obj (.text:_system_pre_init)
                  00006e1c    00000004                                   : exit.c.obj (.text:abort:abort)

.const     0    00006e20    00000278     
                  00006e20    00000158     rtsv7M4_T_le_v4SPD16_eabi.lib : k_rem_pio2.c.obj (.const:$O1$$)
                  00006f78    00000101                                   : ctype.c.obj (.const:.string:_ctypes_)
                  00007079    0000000f     open_interface.obj (.const:.string:$P$T0$3)
                  00007088    00000008     lab7.obj (.const:.string:$P$T0$1)
                  00007090    00000004     lcd.obj (.const:.string:lineAddress$1)
                  00007094    00000004     lcd.obj (.const:.string:lineAddresses$2)

.cinit     0    00007098    00000058     
                  00007098    0000001f     (.cinit..data.load) [load image, compression = lzss]
                  000070b7    00000001     --HOLE-- [fill = 0]
                  000070b8    0000000c     (__TI_handler_table)
                  000070c4    00000004     --HOLE-- [fill = 0]
                  000070c8    00000008     (.cinit..bss.load) [load image, compression = zero_init]
                  000070d0    00000008     (.cinit..vtable.load) [load image, compression = zero_init]
                  000070d8    00000018     (__TI_cinit_table)

.init_array 
*          0    00000000    00000000     UNINITIALIZED

.vtable    0    20000000    0000026c     UNINITIALIZED
                  20000000    0000026c     driverlib.lib : interrupt.obj (.vtable)

.bss       0    2000026c    00001271     UNINITIALIZED
                  2000026c    000002d4     (.common:angles)
                  20000540    000002d4     (.common:ir_diff)
                  20000814    000002d4     (.common:ir_filtered)
                  20000ae8    000002d4     (.common:ir_values)
                  20000dbc    000002d4     (.common:ping_filtered)
                  20001090    000002d4     (.common:ping_values)
                  20001364    000000f0     (.common:objects)
                  20001454    00000054     lcd.obj (.bss:lastbuffer$3)
                  200014a8    00000018     open_interface.obj (.bss:firmware$2)
                  200014c0    00000004     (.common:_timeout_ticks)
                  200014c4    00000004     (.common:fallingEdge)
                  200014c8    00000004     (.common:isr_int_value)
                  200014cc    00000004     (.common:left_calibration_value)
                  200014d0    00000004     (.common:pulseLength)
                  200014d4    00000004     (.common:right_calibration_value)
                  200014d8    00000004     (.common:risingEdge)
                  200014dc    00000001     (.common:isRisingEdge)

.stack     0    200014e0    00001000     UNINITIALIZED
                  200014e0    00000004     rtsv7M4_T_le_v4SPD16_eabi.lib : boot_cortex_m.c.obj (.stack)
                  200014e4    00000ffc     --HOLE--

.sysmem    0    200024e0    00001000     UNINITIALIZED
                  200024e0    00000010     rtsv7M4_T_le_v4SPD16_eabi.lib : memory.c.obj (.sysmem)
                  200024f0    00000ff0     --HOLE--

.data      0    200034e0    00000045     UNINITIALIZED
                  200034e0    00000020     open_interface.obj (.data)
                  20003500    00000008     rtsv7M4_T_le_v4SPD16_eabi.lib : _lock.c.obj (.data:$O1$$)
                  20003508    00000008                                   : memory.c.obj (.data:$O1$$)
                  20003510    00000008     uart.obj (.data)
                  20003518    00000004     lab7.obj (.data)
                  2000351c    00000004     libcybotScan.lib : cyBot_Scan.obj (.data)
                  20003520    00000004     rtsv7M4_T_le_v4SPD16_eabi.lib : errno.c.obj (.data)
                  20003524    00000001     Timer.obj (.data)

__llvm_prf_cnts 
*          0    20000000    00000000     UNINITIALIZED

MODULE SUMMARY

       Module                         code    ro data   rw data
       ------                         ----    -------   -------
    .\
       lab7.obj                       4492    8         4596   
       open_interface.obj             3128    15        56     
       movement.obj                   3182    0         0      
       lcd.obj                        824     8         84     
       tm4c123gh6pm_startup_ccs.obj   12      620       0      
       Timer.obj                      584     0         5      
       uart.obj                       440     0         8      
    +--+------------------------------+-------+---------+---------+
       Total:                         12662   651       4749   
                                                               
    ../libcybotScan.lib
       cyBot_Scan.obj                 608     0         4      
       ping.obj                       492     0         13     
       servo.obj                      344     0         0      
       ir.obj                         280     0         4      
    +--+------------------------------+-------+---------+---------+
       Total:                         1724    0         21     
                                                               
    C:/ti/TivaWare_C_Series-2.2.0.295/driverlib/ccs/Debug/driverlib.lib
       interrupt.obj                  68      0         620    
       cpu.obj                        12      0         0      
    +--+------------------------------+-------+---------+---------+
       Total:                         80      0         620    
                                                               
    C:\ti\ccs1271\ccs\tools\compiler\ti-cgt-arm_20.2.7.LTS\lib\rtsv7M4_T_le_v4SPD16_eabi.lib
       _printfi.c.obj                 4851    0         0      
       k_rem_pio2.c.obj               1848    344       0      
       s_sin.c.obj                    1504    0         0      
       memory.c.obj                   728     0         8      
       fd_add_t2.asm.obj              438     0         0      
       k_sin.c.obj                    372     0         0      
       k_cos.c.obj                    368     0         0      
       fd_div_t2.asm.obj              310     0         0      
       s_scalbn.c.obj                 272     0         0      
       fd_cmp_t2.asm.obj              268     0         0      
       ctype.c.obj                    0       257       0      
       fd_mul_t2.asm.obj              252     0         0      
       s_floor.c.obj                  248     0         0      
       memcpy_t2.asm.obj              156     0         0      
       ull_div_t2.asm.obj             150     0         0      
       vsnprintf.c.obj                136     0         0      
       memset_t2.asm.obj              122     0         0      
       fd_tos_t2.asm.obj              110     0         0      
       copy_decompress_lzss.c.obj     104     0         0      
       s_frexp.c.obj                  100     0         0      
       sprintf.c.obj                  98      0         0      
       _ltoa.c.obj                    84      0         0      
       atoi.c.obj                     76      0         0      
       fd_toi_t2.asm.obj              72      0         0      
       autoinit.c.obj                 68      0         0      
       fs_tod_t2.asm.obj              56      0         0      
       boot_cortex_m.c.obj            52      0         0      
       i_tofd_t2.asm.obj              46      0         0      
       memccpy.c.obj                  28      0         0      
       s_copysign.c.obj               26      0         0      
       strcmp.c.obj                   24      0         0      
       strchr.c.obj                   22      0         0      
       strcpy.c.obj                   20      0         0      
       strlen.c.obj                   20      0         0      
       wcslen.c.obj                   18      0         0      
       copy_decompress_none.c.obj     14      0         0      
       copy_zero_init.c.obj           12      0         0      
       errno.c.obj                    8       0         4      
       _lock.c.obj                    2       0         8      
       exit.c.obj                     4       0         0      
       pre_init.c.obj                 4       0         0      
       div0.asm.obj                   2       0         0      
    +--+------------------------------+-------+---------+---------+
       Total:                         13093   601       20     
                                                               
       Heap:                          0       0         4096   
       Stack:                         0       0         4096   
       Linker Generated:              0       83        0      
    +--+------------------------------+-------+---------+---------+
       Grand Total:                   27559   1335      13602  


LINKER GENERATED COPY TABLES

__TI_cinit_table @ 000070d8 records: 3, size/record: 8, table size: 24
	.data: load addr=00007098, load size=0000001f bytes, run addr=200034e0, run size=00000045 bytes, compression=lzss
	.bss: load addr=000070c8, load size=00000008 bytes, run addr=2000026c, run size=00001271 bytes, compression=zero_init
	.vtable: load addr=000070d0, load size=00000008 bytes, run addr=20000000, run size=0000026c bytes, compression=zero_init


LINKER GENERATED HANDLER TABLE

__TI_handler_table @ 000070b8 records: 3, size/record: 4, table size: 12
	index: 0, handler: __TI_zero_init
	index: 1, handler: __TI_decompress_lzss
	index: 2, handler: __TI_decompress_none


GLOBAL SYMBOLS: SORTED ALPHABETICALLY BY Name 

address   name                          
-------   ----                          
00005dc9  ADC0SS0_Handler               
00006e1d  C$$EXIT                       
00006dd9  CPUcpsie                      
000029bf  GPIOF_Handler                 
00006dab  IntMasterEnable               
00006bb9  IntRegister                   
00006df1  ResetISR                      
00004f21  TIMER3B_Handler               
00005301  UART1_Handler                 
200024e0  __STACK_END                   
00001000  __STACK_SIZE                  
200016e0  __STACK_TOP                   
00001000  __SYSMEM_SIZE                 
000070d8  __TI_CINIT_Base               
000070f0  __TI_CINIT_Limit              
000070b8  __TI_Handler_Table_Base       
000070c4  __TI_Handler_Table_Limit      
00006a45  __TI_auto_init_nobinit_nopinit
000067e9  __TI_decompress_lzss          
00006dcb  __TI_decompress_none          
0000690b  __TI_ltoa                     
ffffffff  __TI_pprof_out_hndl           
00002c89  __TI_printfi                  
ffffffff  __TI_prof_data_size           
ffffffff  __TI_prof_data_start          
00000000  __TI_static_base__            
00006de5  __TI_zero_init                
00006515  __aeabi_cdcmpeq               
00006515  __aeabi_cdcmple               
0000659b  __aeabi_cdrcmple              
0000677b  __aeabi_d2f                   
000069fd  __aeabi_d2iz                  
000053af  __aeabi_dadd                  
00005ad5  __aeabi_ddiv                  
00006059  __aeabi_dmul                  
000053a5  __aeabi_dsub                  
00006e09  __aeabi_errno_addr            
00006b81  __aeabi_f2d                   
00006c51  __aeabi_i2d                   
000036d7  __aeabi_idiv0                 
000036d7  __aeabi_ldiv0                 
00006621  __aeabi_memclr                
00006621  __aeabi_memclr4               
00006621  __aeabi_memclr8               
000063e3  __aeabi_memcpy                
000063e3  __aeabi_memcpy4               
000063e3  __aeabi_memcpy8               
00006623  __aeabi_memset                
00006623  __aeabi_memset4               
00006623  __aeabi_memset8               
0000647f  __aeabi_uldivmod              
ffffffff  __binit__                     
ffffffff  __c_args__                    
000056d1  __kernel_cos                  
000036d9  __kernel_rem_pio2             
0000555d  __kernel_sin                  
UNDEFED   __mpu_init                    
200014e0  __stack                       
20000000  __start___llvm_prf_cnts       
20000000  __stop___llvm_prf_cnts        
00006bed  _c_int00_noargs               
00006f78  _ctypes_                      
20003500  _lock                         
00002067  _nop                          
20003524  _running                      
200024e0  _sys_memory                   
UNDEFED   _system_post_cinit            
00006e19  _system_pre_init              
200014c0  _timeout_ticks                
20003504  _unlock                       
00006e1d  abort                         
00005f59  aligned_alloc                 
2000026c  angles                        
000069b1  atoi                          
ffffffff  binit                         
000012b9  calculate_linear_width        
00006b49  calloc                        
00001333  clear_terminal                
20003510  command_byte                  
20003514  command_flag                  
00000b79  compute_ir_diff               
00006ce1  copysign                      
00006ce1  copysignl                     
00004a61  cyBOT_SERVO_cal               
000049ef  cyBOT_Scan                    
00004997  cyBOT_init_Scan               
2000351c  cyBOT_scan_features           
00004989  cyBOT_scan_version            
00000c31  detect_objects                
20003520  errno                         
200014c4  fallingEdge                   
0000180d  faster_move_forward           
00001921  faster_turn_left              
00001891  faster_turn_right             
00000975  filter_sensor_data            
00006155  floor                         
00006155  floorl                        
0000624d  free                          
00006851  frexp                         
00006851  frexpl                        
20000000  g_pfnRAMVectors               
00000000  g_pfnVectors                  
000006b9  get_angle_array               
0000277b  go_charge                     
000019c1  go_to_position                
20000540  ir_diff                       
00005ddf  ir_enableInterrupt            
20000814  ir_filtered                   
00005dc1  ir_getDistance                
00005d99  ir_getValue                   
00005d31  ir_init                       
20000ae8  ir_values                     
200014dc  isRisingEdge                  
200014c8  isr_int_value                 
00006dbb  lcd_clear                     
000045c5  lcd_gotoLine                  
0000442d  lcd_init                      
0000462b  lcd_printf                    
000044ed  lcd_putc                      
00004525  lcd_puts                      
000043f1  lcd_reverseNibble             
00004543  lcd_sendCommand               
00004581  lcd_sendNibble                
000045ed  lcd_setCursorPos              
00005e49  ldexp                         
00005e49  ldexpl                        
200014cc  left_calibration_value        
0000026d  main                          
00006e11  malloc                        
00000a1f  median_of_3_float             
00000ac9  median_of_3_int               
00005f59  memalign                      
00006cc5  memccpy                       
000063e3  memcpy                        
00006629  memset                        
200034e0  motor_cal_factor_L            
200034e4  motor_cal_factor_R            
00001475  move_backward                 
000013f9  move_forward                  
00001679  move_forward_smart            
000015f9  move_square                   
0000040d  navigate_to_smallest_object   
20003518  objectCount                   
20001364  objects                       
00002069  oi_alloc                      
000028a5  oi_checkFirmware              
000020c3  oi_close                      
00002075  oi_free                       
00002be9  oi_getMotorCalibrationLeft    
00002bfd  oi_getMotorCalibrationRight   
000020ad  oi_init                       
00002085  oi_init_noupdate              
00002711  oi_loadSong                   
00006d2b  oi_parseInt                   
00002127  oi_parsePacket                
00002767  oi_play_song                  
00002647  oi_setLeds                    
00002bad  oi_setMotorCalibration        
0000268b  oi_setWheels                  
0000294d  oi_shutoff_init               
00002789  oi_uartInit                   
0000282d  oi_uartReceive                
00002873  oi_uartSendBuff               
00002811  oi_uartSendChar               
00002855  oi_uartSendStr                
000020d5  oi_update                     
20000dbc  ping_filtered                 
00004f73  ping_getDistance              
00004e31  ping_init                     
00004eb7  ping_trigger                  
20001090  ping_values                   
200014d0  pulseLength                   
200014d4  right_calibration_value       
200014d8  risingEdge                    
00005e49  scalbn                        
00005e49  scalbnl                       
00000827  scan_all_angles               
00001327  send_uart_string              
00005841  servo_init                    
000058d1  servo_move                    
00005931  servo_setPWM                  
000058c5  servo_stop                    
00003e11  sin                           
00003e11  sinl                          
00006a89  sprintf                       
00006d5b  strchr                        
00006d43  strcmp                        
00006d71  strcpy                        
00006d85  strlen                        
00004d07  timer_getMicros               
00004caf  timer_getMillis               
00004be9  timer_init                    
00004c8b  timer_pause                   
00004c9d  timer_resume                  
00004c61  timer_stop                    
00004d61  timer_waitMicros              
00004d93  timer_waitMillis              
0000157b  turn_left                     
000014f5  turn_right                    
000051ed  uart_interrupt_init           
000052ab  uart_receive                  
000052bf  uart_sendChar                 
000052db  uart_sendStr                  
00006ac9  vsnprintf                     
00006d99  wcslen                        


GLOBAL SYMBOLS: SORTED BY Symbol Address 

address   name                          
-------   ----                          
00000000  __TI_static_base__            
00000000  g_pfnVectors                  
0000026d  main                          
0000040d  navigate_to_smallest_object   
000006b9  get_angle_array               
00000827  scan_all_angles               
00000975  filter_sensor_data            
00000a1f  median_of_3_float             
00000ac9  median_of_3_int               
00000b79  compute_ir_diff               
00000c31  detect_objects                
00001000  __STACK_SIZE                  
00001000  __SYSMEM_SIZE                 
000012b9  calculate_linear_width        
00001327  send_uart_string              
00001333  clear_terminal                
000013f9  move_forward                  
00001475  move_backward                 
000014f5  turn_right                    
0000157b  turn_left                     
000015f9  move_square                   
00001679  move_forward_smart            
0000180d  faster_move_forward           
00001891  faster_turn_right             
00001921  faster_turn_left              
000019c1  go_to_position                
00002067  _nop                          
00002069  oi_alloc                      
00002075  oi_free                       
00002085  oi_init_noupdate              
000020ad  oi_init                       
000020c3  oi_close                      
000020d5  oi_update                     
00002127  oi_parsePacket                
00002647  oi_setLeds                    
0000268b  oi_setWheels                  
00002711  oi_loadSong                   
00002767  oi_play_song                  
0000277b  go_charge                     
00002789  oi_uartInit                   
00002811  oi_uartSendChar               
0000282d  oi_uartReceive                
00002855  oi_uartSendStr                
00002873  oi_uartSendBuff               
000028a5  oi_checkFirmware              
0000294d  oi_shutoff_init               
000029bf  GPIOF_Handler                 
00002bad  oi_setMotorCalibration        
00002be9  oi_getMotorCalibrationLeft    
00002bfd  oi_getMotorCalibrationRight   
00002c89  __TI_printfi                  
000036d7  __aeabi_idiv0                 
000036d7  __aeabi_ldiv0                 
000036d9  __kernel_rem_pio2             
00003e11  sin                           
00003e11  sinl                          
000043f1  lcd_reverseNibble             
0000442d  lcd_init                      
000044ed  lcd_putc                      
00004525  lcd_puts                      
00004543  lcd_sendCommand               
00004581  lcd_sendNibble                
000045c5  lcd_gotoLine                  
000045ed  lcd_setCursorPos              
0000462b  lcd_printf                    
00004989  cyBOT_scan_version            
00004997  cyBOT_init_Scan               
000049ef  cyBOT_Scan                    
00004a61  cyBOT_SERVO_cal               
00004be9  timer_init                    
00004c61  timer_stop                    
00004c8b  timer_pause                   
00004c9d  timer_resume                  
00004caf  timer_getMillis               
00004d07  timer_getMicros               
00004d61  timer_waitMicros              
00004d93  timer_waitMillis              
00004e31  ping_init                     
00004eb7  ping_trigger                  
00004f21  TIMER3B_Handler               
00004f73  ping_getDistance              
000051ed  uart_interrupt_init           
000052ab  uart_receive                  
000052bf  uart_sendChar                 
000052db  uart_sendStr                  
00005301  UART1_Handler                 
000053a5  __aeabi_dsub                  
000053af  __aeabi_dadd                  
0000555d  __kernel_sin                  
000056d1  __kernel_cos                  
00005841  servo_init                    
000058c5  servo_stop                    
000058d1  servo_move                    
00005931  servo_setPWM                  
00005ad5  __aeabi_ddiv                  
00005d31  ir_init                       
00005d99  ir_getValue                   
00005dc1  ir_getDistance                
00005dc9  ADC0SS0_Handler               
00005ddf  ir_enableInterrupt            
00005e49  ldexp                         
00005e49  ldexpl                        
00005e49  scalbn                        
00005e49  scalbnl                       
00005f59  aligned_alloc                 
00005f59  memalign                      
00006059  __aeabi_dmul                  
00006155  floor                         
00006155  floorl                        
0000624d  free                          
000063e3  __aeabi_memcpy                
000063e3  __aeabi_memcpy4               
000063e3  __aeabi_memcpy8               
000063e3  memcpy                        
0000647f  __aeabi_uldivmod              
00006515  __aeabi_cdcmpeq               
00006515  __aeabi_cdcmple               
0000659b  __aeabi_cdrcmple              
00006621  __aeabi_memclr                
00006621  __aeabi_memclr4               
00006621  __aeabi_memclr8               
00006623  __aeabi_memset                
00006623  __aeabi_memset4               
00006623  __aeabi_memset8               
00006629  memset                        
0000677b  __aeabi_d2f                   
000067e9  __TI_decompress_lzss          
00006851  frexp                         
00006851  frexpl                        
0000690b  __TI_ltoa                     
000069b1  atoi                          
000069fd  __aeabi_d2iz                  
00006a45  __TI_auto_init_nobinit_nopinit
00006a89  sprintf                       
00006ac9  vsnprintf                     
00006b49  calloc                        
00006b81  __aeabi_f2d                   
00006bb9  IntRegister                   
00006bed  _c_int00_noargs               
00006c51  __aeabi_i2d                   
00006cc5  memccpy                       
00006ce1  copysign                      
00006ce1  copysignl                     
00006d2b  oi_parseInt                   
00006d43  strcmp                        
00006d5b  strchr                        
00006d71  strcpy                        
00006d85  strlen                        
00006d99  wcslen                        
00006dab  IntMasterEnable               
00006dbb  lcd_clear                     
00006dcb  __TI_decompress_none          
00006dd9  CPUcpsie                      
00006de5  __TI_zero_init                
00006df1  ResetISR                      
00006e09  __aeabi_errno_addr            
00006e11  malloc                        
00006e19  _system_pre_init              
00006e1d  C$$EXIT                       
00006e1d  abort                         
00006f78  _ctypes_                      
000070b8  __TI_Handler_Table_Base       
000070c4  __TI_Handler_Table_Limit      
000070d8  __TI_CINIT_Base               
000070f0  __TI_CINIT_Limit              
20000000  __start___llvm_prf_cnts       
20000000  __stop___llvm_prf_cnts        
20000000  g_pfnRAMVectors               
2000026c  angles                        
20000540  ir_diff                       
20000814  ir_filtered                   
20000ae8  ir_values                     
20000dbc  ping_filtered                 
20001090  ping_values                   
20001364  objects                       
200014c0  _timeout_ticks                
200014c4  fallingEdge                   
200014c8  isr_int_value                 
200014cc  left_calibration_value        
200014d0  pulseLength                   
200014d4  right_calibration_value       
200014d8  risingEdge                    
200014dc  isRisingEdge                  
200014e0  __stack                       
200016e0  __STACK_TOP                   
200024e0  __STACK_END                   
200024e0  _sys_memory                   
200034e0  motor_cal_factor_L            
200034e4  motor_cal_factor_R            
20003500  _lock                         
20003504  _unlock                       
20003510  command_byte                  
20003514  command_flag                  
20003518  objectCount                   
2000351c  cyBOT_scan_features           
20003520  errno                         
20003524  _running                      
ffffffff  __TI_pprof_out_hndl           
ffffffff  __TI_prof_data_size           
ffffffff  __TI_prof_data_start          
ffffffff  __binit__                     
ffffffff  __c_args__                    
ffffffff  binit                         
UNDEFED   __mpu_init                    
UNDEFED   _system_post_cinit            

[205 symbols]
