******************************************************************************
                  TI ARM Linker PC v20.2.7                     
******************************************************************************
>> Linked Fri Mar 14 14:05:47 2025

OUTPUT FILE NAME:   <Lab6.out>
ENTRY POINT SYMBOL: "_c_int00_noargs"  address: 00002da1


MEMORY CONFIGURATION

         name            origin    length      used     unused   attr    fill
----------------------  --------  ---------  --------  --------  ----  --------
  FLASH                 00000000   00040000  000030a5  0003cf5b  R  X
  SRAM                  20000000   00008000  000012ee  00006d12  RW X


SEGMENT ALLOCATION MAP

run origin  load origin   length   init length attrs members
----------  ----------- ---------- ----------- ----- -------
00000000    00000000    000030a8   000030a8    r-x
  00000000    00000000    0000026c   0000026c    r-- .intvecs
  0000026c    0000026c    00002cf0   00002cf0    r-x .text
  00002f5c    00002f5c    00000109   00000109    r-- .const
  00003068    00003068    00000040   00000040    r-- .cinit
20000000    20000000    000012f5   00000000    rw-
  20000000    20000000    0000026c   00000000    rw- .vtable
  20000270    20000270    00001000   00000000    rw- .stack
  20001270    20001270    00000071   00000000    rw- .bss
  200012e4    200012e4    00000011   00000000    rw- .data


SECTION ALLOCATION MAP

 output                                  attributes/
section   page    origin      length       input sections
--------  ----  ----------  ----------   ----------------
.intvecs   0    00000000    0000026c     
                  00000000    0000026c     tm4c123gh6pm_startup_ccs.obj (.intvecs)

.text      0    0000026c    00002cf0     
                  0000026c    00000a4e     rtsv7M4_T_le_v4SPD16_eabi.lib : _printfi.c.obj (.text:__TI_printfi)
                  00000cba    00000002                                   : div0.asm.obj (.text)
                  00000cbc    00000328     lcd.obj (.text)
                  00000fe4    00000270     rtsv7M4_T_le_v4SPD16_eabi.lib : _printfi.c.obj (.text:_pconv_a)
                  00001254    00000260     libcybotScan.lib : cyBot_Scan.obj (.text)
                  000014b4    00000248     Timer.obj (.text)
                  000016fc    000001ec     libcybotScan.lib : ping.obj (.text)
                  000018e8    000001d0     rtsv7M4_T_le_v4SPD16_eabi.lib : _printfi.c.obj (.text:_pconv_g)
                  00001ab8    000001b6                                   : fd_add_t2.asm.obj (.text)
                  00001c6e    00000002     --HOLE-- [fill = 0]
                  00001c70    000001a0     uart-interrupt.obj (.text)
                  00001e10    00000158     libcybotScan.lib : servo.obj (.text)
                  00001f68    0000013c     rtsv7M4_T_le_v4SPD16_eabi.lib : _printfi.c.obj (.text:_pconv_e)
                  000020a4    00000136                                   : fd_div_t2.asm.obj (.text)
                  000021da    00000002     --HOLE-- [fill = 0]
                  000021dc    00000124                                   : _printfi.c.obj (.text:fcvt)
                  00002300    00000118     libcybotScan.lib : ir.obj (.text)
                  00002418    00000110     rtsv7M4_T_le_v4SPD16_eabi.lib : s_scalbn.c.obj (.text:scalbn)
                  00002528    000000fc                                   : fd_mul_t2.asm.obj (.text)
                  00002624    000000b1                                   : _printfi.c.obj (.text:_ltostr)
                  000026d5    00000001     --HOLE-- [fill = 0]
                  000026d6    0000009c                                   : memcpy_t2.asm.obj (.text)
                  00002772    00000096                                   : ull_div_t2.asm.obj (.text)
                  00002808    00000086                                   : fd_cmp_t2.asm.obj (.text:__aeabi_cdcmple)
                  0000288e    00000086                                   : fd_cmp_t2.asm.obj (.text:__aeabi_cdrcmple)
                  00002914    0000007a                                   : memset_t2.asm.obj (.text)
                  0000298e    0000006e                                   : _printfi.c.obj (.text:_mcpy)
                  000029fc    00000068                                   : copy_decompress_lzss.c.obj (.text:decompress:lzss:__TI_decompress_lzss)
                  00002a64    00000064                                   : s_frexp.c.obj (.text:frexp)
                  00002ac8    00000056                                   : _printfi.c.obj (.text:_pconv_f)
                  00002b1e    00000054                                   : _ltoa.c.obj (.text:__TI_ltoa)
                  00002b72    00000052                                   : _printfi.c.obj (.text:_ecpy)
                  00002bc4    0000004e     lab6-interrupt_template.obj (.text)
                  00002c12    00000002     --HOLE-- [fill = 0]
                  00002c14    0000004c     rtsv7M4_T_le_v4SPD16_eabi.lib : atoi.c.obj (.text:atoi)
                  00002c60    00000048                                   : fd_toi_t2.asm.obj (.text)
                  00002ca8    00000044                                   : autoinit.c.obj (.text:__TI_auto_init_nobinit_nopinit:__TI_auto_init_nobinit_nopinit)
                  00002cec    00000040                                   : vsnprintf.c.obj (.text:vsnprintf)
                  00002d2c    0000003e                                   : _printfi.c.obj (.text:_fcpy)
                  00002d6a    00000002     --HOLE-- [fill = 0]
                  00002d6c    00000034     driverlib.lib : interrupt.obj (.text:IntRegister)
                  00002da0    00000034     rtsv7M4_T_le_v4SPD16_eabi.lib : boot_cortex_m.c.obj (.text:_c_int00_noargs:_c_int00_noargs)
                  00002dd4    00000030                                   : vsnprintf.c.obj (.text:_outs)
                  00002e04    0000002e                                   : i_tofd_t2.asm.obj (.text)
                  00002e32    0000001c                                   : copy_zero_init.c.obj (.text:decompress:ZI:__TI_zero_init_nomemset:__TI_zero_init_nomemset)
                  00002e4e    0000001c                                   : memccpy.c.obj (.text:memccpy)
                  00002e6a    0000001a                                   : s_copysign.c.obj (.text:copysign)
                  00002e84    00000018                                   : vsnprintf.c.obj (.text:_outc)
                  00002e9c    00000018                                   : strcmp.c.obj (.text:strcmp)
                  00002eb4    00000016                                   : strchr.c.obj (.text:strchr)
                  00002eca    00000014                                   : strcpy.c.obj (.text:strcpy)
                  00002ede    00000014                                   : strlen.c.obj (.text:strlen)
                  00002ef2    00000012                                   : wcslen.c.obj (.text:wcslen)
                  00002f04    00000010     driverlib.lib : interrupt.obj (.text:IntMasterEnable)
                  00002f14    00000010     lcd.obj (.text:lcd_clear)
                  00002f24    0000000e     rtsv7M4_T_le_v4SPD16_eabi.lib : copy_decompress_none.c.obj (.text:decompress:none:__TI_decompress_none)
                  00002f32    0000000c     driverlib.lib : cpu.obj (.text:CPUcpsie)
                  00002f3e    0000000c     tm4c123gh6pm_startup_ccs.obj (.text)
                  00002f4a    00000002     --HOLE-- [fill = 0]
                  00002f4c    00000008     rtsv7M4_T_le_v4SPD16_eabi.lib : errno.c.obj (.text:__aeabi_errno_addr)
                  00002f54    00000004                                   : pre_init.c.obj (.text:_system_pre_init)
                  00002f58    00000004                                   : exit.c.obj (.text:abort:abort)

.const     0    00002f5c    00000109     
                  00002f5c    00000101     rtsv7M4_T_le_v4SPD16_eabi.lib : ctype.c.obj (.const:.string:_ctypes_)
                  0000305d    00000004     lcd.obj (.const:.string:lineAddress$1)
                  00003061    00000004     lcd.obj (.const:.string:lineAddresses$2)

.cinit     0    00003068    00000040     
                  00003068    0000000c     (__TI_handler_table)
                  00003074    0000000b     (.cinit..data.load) [load image, compression = lzss]
                  0000307f    00000001     --HOLE-- [fill = 0]
                  00003080    00000008     (.cinit..bss.load) [load image, compression = zero_init]
                  00003088    00000008     (.cinit..vtable.load) [load image, compression = zero_init]
                  00003090    00000018     (__TI_cinit_table)

.init_array 
*          0    00000000    00000000     UNINITIALIZED

.vtable    0    20000000    0000026c     UNINITIALIZED
                  20000000    0000026c     driverlib.lib : interrupt.obj (.vtable)

.bss       0    20001270    00000071     UNINITIALIZED
                  20001270    00000054     lcd.obj (.bss:lastbuffer$3)
                  200012c4    00000004     (.common:_timeout_ticks)
                  200012c8    00000004     (.common:fallingEdge)
                  200012cc    00000004     (.common:isr_int_value)
                  200012d0    00000004     (.common:left_calibration_value)
                  200012d4    00000004     (.common:pulseLength)
                  200012d8    00000004     (.common:right_calibration_value)
                  200012dc    00000004     (.common:risingEdge)
                  200012e0    00000001     (.common:isRisingEdge)

.data      0    200012e4    00000011     UNINITIALIZED
                  200012e4    00000008     uart-interrupt.obj (.data)
                  200012ec    00000004     libcybotScan.lib : cyBot_Scan.obj (.data)
                  200012f0    00000004     rtsv7M4_T_le_v4SPD16_eabi.lib : errno.c.obj (.data)
                  200012f4    00000001     Timer.obj (.data)

.stack     0    20000270    00001000     UNINITIALIZED
                  20000270    00000004     rtsv7M4_T_le_v4SPD16_eabi.lib : boot_cortex_m.c.obj (.stack)
                  20000274    00000ffc     --HOLE--

__llvm_prf_cnts 
*          0    20000000    00000000     UNINITIALIZED

MODULE SUMMARY

       Module                         code    ro data   rw data
       ------                         ----    -------   -------
    .\
       lcd.obj                        824     8         84     
       tm4c123gh6pm_startup_ccs.obj   12      620       0      
       Timer.obj                      584     0         5      
       uart-interrupt.obj             416     0         8      
       lab6-interrupt_template.obj    78      0         8      
    +--+------------------------------+-------+---------+---------+
       Total:                         1914    628       105    
                                                               
    ../libcybotScan.lib
       cyBot_Scan.obj                 608     0         4      
       ping.obj                       492     0         13     
       servo.obj                      344     0         0      
       ir.obj                         280     0         4      
    +--+------------------------------+-------+---------+---------+
       Total:                         1724    0         21     
                                                               
    C:/ti/TivaWare_C_Series-2.2.0.295/driverlib/ccs/Debug/driverlib.lib
       interrupt.obj                  68      0         620    
       cpu.obj                        12      0         0      
    +--+------------------------------+-------+---------+---------+
       Total:                         80      0         620    
                                                               
    C:\ti\ccs1271\ccs\tools\compiler\ti-cgt-arm_20.2.7.LTS\lib\rtsv7M4_T_le_v4SPD16_eabi.lib
       _printfi.c.obj                 4851    0         0      
       fd_add_t2.asm.obj              438     0         0      
       fd_div_t2.asm.obj              310     0         0      
       s_scalbn.c.obj                 272     0         0      
       fd_cmp_t2.asm.obj              268     0         0      
       ctype.c.obj                    0       257       0      
       fd_mul_t2.asm.obj              252     0         0      
       memcpy_t2.asm.obj              156     0         0      
       ull_div_t2.asm.obj             150     0         0      
       vsnprintf.c.obj                136     0         0      
       memset_t2.asm.obj              122     0         0      
       copy_decompress_lzss.c.obj     104     0         0      
       s_frexp.c.obj                  100     0         0      
       _ltoa.c.obj                    84      0         0      
       atoi.c.obj                     76      0         0      
       fd_toi_t2.asm.obj              72      0         0      
       autoinit.c.obj                 68      0         0      
       boot_cortex_m.c.obj            52      0         0      
       i_tofd_t2.asm.obj              46      0         0      
       copy_zero_init.c.obj           28      0         0      
       memccpy.c.obj                  28      0         0      
       s_copysign.c.obj               26      0         0      
       strcmp.c.obj                   24      0         0      
       strchr.c.obj                   22      0         0      
       strcpy.c.obj                   20      0         0      
       strlen.c.obj                   20      0         0      
       wcslen.c.obj                   18      0         0      
       copy_decompress_none.c.obj     14      0         0      
       errno.c.obj                    8       0         4      
       exit.c.obj                     4       0         0      
       pre_init.c.obj                 4       0         0      
       div0.asm.obj                   2       0         0      
    +--+------------------------------+-------+---------+---------+
       Total:                         7775    257       4      
                                                               
       Stack:                         0       0         4096   
       Linker Generated:              0       63        0      
    +--+------------------------------+-------+---------+---------+
       Grand Total:                   11493   948       4846   


LINKER GENERATED COPY TABLES

__TI_cinit_table @ 00003090 records: 3, size/record: 8, table size: 24
	.data: load addr=00003074, load size=0000000b bytes, run addr=200012e4, run size=00000011 bytes, compression=lzss
	.bss: load addr=00003080, load size=00000008 bytes, run addr=20001270, run size=00000071 bytes, compression=zero_init
	.vtable: load addr=00003088, load size=00000008 bytes, run addr=20000000, run size=0000026c bytes, compression=zero_init


LINKER GENERATED HANDLER TABLE

__TI_handler_table @ 00003068 records: 3, size/record: 4, table size: 12
	index: 0, handler: __TI_zero_init
	index: 1, handler: __TI_decompress_lzss
	index: 2, handler: __TI_decompress_none


GLOBAL SYMBOLS: SORTED ALPHABETICALLY BY Name 

address   name                          
-------   ----                          
00002399  ADC0SS0_Handler               
00002f59  C$$EXIT                       
00002f33  CPUcpsie                      
00002f05  IntMasterEnable               
00002d6d  IntRegister                   
00002f3f  ResetISR                      
000017ed  TIMER3B_Handler               
00001d6b  UART1_Handler                 
20001270  __STACK_END                   
00001000  __STACK_SIZE                  
20000470  __STACK_TOP                   
00003090  __TI_CINIT_Base               
000030a8  __TI_CINIT_Limit              
00003068  __TI_Handler_Table_Base       
00003074  __TI_Handler_Table_Limit      
00002ca9  __TI_auto_init_nobinit_nopinit
000029fd  __TI_decompress_lzss          
00002f25  __TI_decompress_none          
00002b1f  __TI_ltoa                     
ffffffff  __TI_pprof_out_hndl           
0000026d  __TI_printfi                  
ffffffff  __TI_prof_data_size           
ffffffff  __TI_prof_data_start          
00000000  __TI_static_base__            
00002e33  __TI_zero_init_nomemset       
00002809  __aeabi_cdcmpeq               
00002809  __aeabi_cdcmple               
0000288f  __aeabi_cdrcmple              
00002c61  __aeabi_d2iz                  
00001ac3  __aeabi_dadd                  
000020a5  __aeabi_ddiv                  
00002529  __aeabi_dmul                  
00001ab9  __aeabi_dsub                  
00002f4d  __aeabi_errno_addr            
00002e05  __aeabi_i2d                   
00000cbb  __aeabi_idiv0                 
00000cbb  __aeabi_ldiv0                 
00002915  __aeabi_memclr                
00002915  __aeabi_memclr4               
00002915  __aeabi_memclr8               
000026d7  __aeabi_memcpy                
000026d7  __aeabi_memcpy4               
000026d7  __aeabi_memcpy8               
00002917  __aeabi_memset                
00002917  __aeabi_memset4               
00002917  __aeabi_memset8               
00002773  __aeabi_uldivmod              
ffffffff  __binit__                     
ffffffff  __c_args__                    
UNDEFED   __mpu_init                    
20000270  __stack                       
20000000  __start___llvm_prf_cnts       
20000000  __stop___llvm_prf_cnts        
00002da1  _c_int00_noargs               
00002f5c  _ctypes_                      
200012f4  _running                      
UNDEFED   _system_post_cinit            
00002f55  _system_pre_init              
200012c4  _timeout_ticks                
00002f59  abort                         
00002c15  atoi                          
ffffffff  binit                         
200012e4  command_byte                  
200012e8  command_flag                  
00002e6b  copysign                      
00002e6b  copysignl                     
0000132d  cyBOT_SERVO_cal               
000012bb  cyBOT_Scan                    
00001263  cyBOT_init_Scan               
200012ec  cyBOT_scan_features           
00001255  cyBOT_scan_version            
200012f0  errno                         
200012c8  fallingEdge                   
00002a65  frexp                         
00002a65  frexpl                        
20000000  g_pfnRAMVectors               
00000000  g_pfnVectors                  
000023af  ir_enableInterrupt            
00002391  ir_getDistance                
00002369  ir_getValue                   
00002301  ir_init                       
200012e0  isRisingEdge                  
200012cc  isr_int_value                 
00002f15  lcd_clear                     
00000e91  lcd_gotoLine                  
00000cf9  lcd_init                      
00000ef7  lcd_printf                    
00000db9  lcd_putc                      
00000df1  lcd_puts                      
00000cbd  lcd_reverseNibble             
00000e0f  lcd_sendCommand               
00000e4d  lcd_sendNibble                
00000eb9  lcd_setCursorPos              
00002419  ldexp                         
00002419  ldexpl                        
200012d0  left_calibration_value        
00002bc5  main                          
00002e4f  memccpy                       
000026d7  memcpy                        
0000291d  memset                        
0000183f  ping_getDistance              
000016fd  ping_init                     
00001783  ping_trigger                  
200012d4  pulseLength                   
200012d8  right_calibration_value       
200012dc  risingEdge                    
00002419  scalbn                        
00002419  scalbnl                       
00001e11  servo_init                    
00001ea1  servo_move                    
00001f01  servo_setPWM                  
00001e95  servo_stop                    
00002eb5  strchr                        
00002e9d  strcmp                        
00002ecb  strcpy                        
00002edf  strlen                        
000015d3  timer_getMicros               
0000157b  timer_getMillis               
000014b5  timer_init                    
00001557  timer_pause                   
00001569  timer_resume                  
0000152d  timer_stop                    
0000162d  timer_waitMicros              
0000165f  timer_waitMillis              
00001c71  uart_interrupt_init           
00001d27  uart_receive                  
00001d29  uart_sendChar                 
00001d45  uart_sendStr                  
00002ced  vsnprintf                     
00002ef3  wcslen                        


GLOBAL SYMBOLS: SORTED BY Symbol Address 

address   name                          
-------   ----                          
00000000  __TI_static_base__            
00000000  g_pfnVectors                  
0000026d  __TI_printfi                  
00000cbb  __aeabi_idiv0                 
00000cbb  __aeabi_ldiv0                 
00000cbd  lcd_reverseNibble             
00000cf9  lcd_init                      
00000db9  lcd_putc                      
00000df1  lcd_puts                      
00000e0f  lcd_sendCommand               
00000e4d  lcd_sendNibble                
00000e91  lcd_gotoLine                  
00000eb9  lcd_setCursorPos              
00000ef7  lcd_printf                    
00001000  __STACK_SIZE                  
00001255  cyBOT_scan_version            
00001263  cyBOT_init_Scan               
000012bb  cyBOT_Scan                    
0000132d  cyBOT_SERVO_cal               
000014b5  timer_init                    
0000152d  timer_stop                    
00001557  timer_pause                   
00001569  timer_resume                  
0000157b  timer_getMillis               
000015d3  timer_getMicros               
0000162d  timer_waitMicros              
0000165f  timer_waitMillis              
000016fd  ping_init                     
00001783  ping_trigger                  
000017ed  TIMER3B_Handler               
0000183f  ping_getDistance              
00001ab9  __aeabi_dsub                  
00001ac3  __aeabi_dadd                  
00001c71  uart_interrupt_init           
00001d27  uart_receive                  
00001d29  uart_sendChar                 
00001d45  uart_sendStr                  
00001d6b  UART1_Handler                 
00001e11  servo_init                    
00001e95  servo_stop                    
00001ea1  servo_move                    
00001f01  servo_setPWM                  
000020a5  __aeabi_ddiv                  
00002301  ir_init                       
00002369  ir_getValue                   
00002391  ir_getDistance                
00002399  ADC0SS0_Handler               
000023af  ir_enableInterrupt            
00002419  ldexp                         
00002419  ldexpl                        
00002419  scalbn                        
00002419  scalbnl                       
00002529  __aeabi_dmul                  
000026d7  __aeabi_memcpy                
000026d7  __aeabi_memcpy4               
000026d7  __aeabi_memcpy8               
000026d7  memcpy                        
00002773  __aeabi_uldivmod              
00002809  __aeabi_cdcmpeq               
00002809  __aeabi_cdcmple               
0000288f  __aeabi_cdrcmple              
00002915  __aeabi_memclr                
00002915  __aeabi_memclr4               
00002915  __aeabi_memclr8               
00002917  __aeabi_memset                
00002917  __aeabi_memset4               
00002917  __aeabi_memset8               
0000291d  memset                        
000029fd  __TI_decompress_lzss          
00002a65  frexp                         
00002a65  frexpl                        
00002b1f  __TI_ltoa                     
00002bc5  main                          
00002c15  atoi                          
00002c61  __aeabi_d2iz                  
00002ca9  __TI_auto_init_nobinit_nopinit
00002ced  vsnprintf                     
00002d6d  IntRegister                   
00002da1  _c_int00_noargs               
00002e05  __aeabi_i2d                   
00002e33  __TI_zero_init_nomemset       
00002e4f  memccpy                       
00002e6b  copysign                      
00002e6b  copysignl                     
00002e9d  strcmp                        
00002eb5  strchr                        
00002ecb  strcpy                        
00002edf  strlen                        
00002ef3  wcslen                        
00002f05  IntMasterEnable               
00002f15  lcd_clear                     
00002f25  __TI_decompress_none          
00002f33  CPUcpsie                      
00002f3f  ResetISR                      
00002f4d  __aeabi_errno_addr            
00002f55  _system_pre_init              
00002f59  C$$EXIT                       
00002f59  abort                         
00002f5c  _ctypes_                      
00003068  __TI_Handler_Table_Base       
00003074  __TI_Handler_Table_Limit      
00003090  __TI_CINIT_Base               
000030a8  __TI_CINIT_Limit              
20000000  __start___llvm_prf_cnts       
20000000  __stop___llvm_prf_cnts        
20000000  g_pfnRAMVectors               
20000270  __stack                       
20000470  __STACK_TOP                   
20001270  __STACK_END                   
200012c4  _timeout_ticks                
200012c8  fallingEdge                   
200012cc  isr_int_value                 
200012d0  left_calibration_value        
200012d4  pulseLength                   
200012d8  right_calibration_value       
200012dc  risingEdge                    
200012e0  isRisingEdge                  
200012e4  command_byte                  
200012e8  command_flag                  
200012ec  cyBOT_scan_features           
200012f0  errno                         
200012f4  _running                      
ffffffff  __TI_pprof_out_hndl           
ffffffff  __TI_prof_data_size           
ffffffff  __TI_prof_data_start          
ffffffff  __binit__                     
ffffffff  __c_args__                    
ffffffff  binit                         
UNDEFED   __mpu_init                    
UNDEFED   _system_post_cinit            

[130 symbols]
