******************************************************************************
                  TI ARM Linker PC v20.2.7                     
******************************************************************************
>> Linked Thu Apr 17 13:44:46 2025

OUTPUT FILE NAME:   <Lab7.out>
ENTRY POINT SYMBOL: "_c_int00_noargs"  address: 00006ac9


MEMORY CONFIGURATION

         name            origin    length      used     unused   attr    fill
----------------------  --------  ---------  --------  --------  ----  --------
  FLASH                 00000000   00040000  00006fcc  00039034  R  X
  SRAM                  20000000   00008000  00002cb2  0000534e  RW X


SEGMENT ALLOCATION MAP

run origin  load origin   length   init length attrs members
----------  ----------- ---------- ----------- ----- -------
00000000    00000000    00006fd0   00006fd0    r-x
  00000000    00000000    0000026c   0000026c    r-- .intvecs
  0000026c    0000026c    00006a90   00006a90    r-x .text
  00006d00    00006d00    00000278   00000278    r-- .const
  00006f78    00006f78    00000058   00000058    r-- .cinit
20000000    20000000    00002cb9   00000000    rw-
  20000000    20000000    0000026c   00000000    rw- .vtable
  20000270    20000270    00001000   00000000    rw- .stack
  20001270    20001270    00001000   00000000    rw- .sysmem
  20002270    20002270    00000a01   00000000    rw- .bss
  20002c74    20002c74    00000045   00000000    rw- .data


SECTION ALLOCATION MAP

 output                                  attributes/
section   page    origin      length       input sections
--------  ----  ----------  ----------   ----------------
.intvecs   0    00000000    0000026c     
                  00000000    0000026c     tm4c123gh6pm_startup_ccs.obj (.intvecs)

.text      0    0000026c    00006a90     
                  0000026c    00001138     lab7.obj (.text)
                  000013a4    00000c20     open_interface.obj (.text)
                  00001fc4    00000ba0     movement.obj (.text)
                  00002b64    00000a4e     rtsv7M4_T_le_v4SPD16_eabi.lib : _printfi.c.obj (.text:__TI_printfi)
                  000035b2    00000002                                   : _lock.c.obj (.text:_nop)
                  000035b4    00000738                                   : k_rem_pio2.c.obj (.text:__kernel_rem_pio2)
                  00003cec    000005e0                                   : s_sin.c.obj (.text:sin)
                  000042cc    00000328     lcd.obj (.text)
                  000045f4    00000270     rtsv7M4_T_le_v4SPD16_eabi.lib : _printfi.c.obj (.text:_pconv_a)
                  00004864    00000260     libcybotScan.lib : cyBot_Scan.obj (.text)
                  00004ac4    00000248     Timer.obj (.text)
                  00004d0c    000001ec     libcybotScan.lib : ping.obj (.text)
                  00004ef8    000001d0     rtsv7M4_T_le_v4SPD16_eabi.lib : _printfi.c.obj (.text:_pconv_g)
                  000050c8    000001b8     uart.obj (.text)
                  00005280    000001b6     rtsv7M4_T_le_v4SPD16_eabi.lib : fd_add_t2.asm.obj (.text)
                  00005436    00000002                                   : div0.asm.obj (.text)
                  00005438    00000174                                   : k_sin.c.obj (.text:__kernel_sin)
                  000055ac    00000170                                   : k_cos.c.obj (.text:__kernel_cos)
                  0000571c    00000158     libcybotScan.lib : servo.obj (.text)
                  00005874    0000013c     rtsv7M4_T_le_v4SPD16_eabi.lib : _printfi.c.obj (.text:_pconv_e)
                  000059b0    00000136                                   : fd_div_t2.asm.obj (.text)
                  00005ae6    00000002     --HOLE-- [fill = 0]
                  00005ae8    00000124                                   : _printfi.c.obj (.text:fcvt)
                  00005c0c    00000118     libcybotScan.lib : ir.obj (.text)
                  00005d24    00000110     rtsv7M4_T_le_v4SPD16_eabi.lib : s_scalbn.c.obj (.text:scalbn)
                  00005e34    00000100                                   : memory.c.obj (.text:aligned_alloc)
                  00005f34    000000fc                                   : fd_mul_t2.asm.obj (.text)
                  00006030    000000f8                                   : s_floor.c.obj (.text:floor)
                  00006128    000000e4                                   : memory.c.obj (.text:free)
                  0000620c    000000b1                                   : _printfi.c.obj (.text:_ltostr)
                  000062bd    00000001     --HOLE-- [fill = 0]
                  000062be    0000009c                                   : memcpy_t2.asm.obj (.text)
                  0000635a    00000096                                   : ull_div_t2.asm.obj (.text)
                  000063f0    00000086                                   : fd_cmp_t2.asm.obj (.text:__aeabi_cdcmple)
                  00006476    00000086                                   : fd_cmp_t2.asm.obj (.text:__aeabi_cdrcmple)
                  000064fc    0000007a                                   : memset_t2.asm.obj (.text)
                  00006576    00000002     --HOLE-- [fill = 0]
                  00006578    00000070                                   : memory.c.obj (.text:split)
                  000065e8    0000006e                                   : _printfi.c.obj (.text:_mcpy)
                  00006656    0000006e                                   : fd_tos_t2.asm.obj (.text)
                  000066c4    00000068                                   : copy_decompress_lzss.c.obj (.text:decompress:lzss:__TI_decompress_lzss)
                  0000672c    00000064                                   : s_frexp.c.obj (.text:frexp)
                  00006790    00000056                                   : _printfi.c.obj (.text:_pconv_f)
                  000067e6    00000054                                   : _ltoa.c.obj (.text:__TI_ltoa)
                  0000683a    00000052                                   : _printfi.c.obj (.text:_ecpy)
                  0000688c    0000004c                                   : atoi.c.obj (.text:atoi)
                  000068d8    00000048                                   : fd_toi_t2.asm.obj (.text)
                  00006920    00000044                                   : autoinit.c.obj (.text:__TI_auto_init_nobinit_nopinit:__TI_auto_init_nobinit_nopinit)
                  00006964    00000040                                   : sprintf.c.obj (.text:sprintf)
                  000069a4    00000040                                   : vsnprintf.c.obj (.text:vsnprintf)
                  000069e4    0000003e                                   : _printfi.c.obj (.text:_fcpy)
                  00006a22    00000002     --HOLE-- [fill = 0]
                  00006a24    00000038                                   : memory.c.obj (.text:calloc)
                  00006a5c    00000038                                   : fs_tod_t2.asm.obj (.text)
                  00006a94    00000034     driverlib.lib : interrupt.obj (.text:IntRegister)
                  00006ac8    00000034     rtsv7M4_T_le_v4SPD16_eabi.lib : boot_cortex_m.c.obj (.text:_c_int00_noargs:_c_int00_noargs)
                  00006afc    00000030                                   : vsnprintf.c.obj (.text:_outs)
                  00006b2c    0000002e                                   : i_tofd_t2.asm.obj (.text)
                  00006b5a    00000002     --HOLE-- [fill = 0]
                  00006b5c    00000028                                   : memory.c.obj (.text:free_list_insert)
                  00006b84    0000001c                                   : memory.c.obj (.text:free_list_remove)
                  00006ba0    0000001c                                   : memccpy.c.obj (.text:memccpy)
                  00006bbc    0000001a                                   : s_copysign.c.obj (.text:copysign)
                  00006bd6    00000018                                   : vsnprintf.c.obj (.text:_outc)
                  00006bee    00000018                                   : sprintf.c.obj (.text:_outs)
                  00006c06    00000018     open_interface.obj (.text:oi_parseInt)
                  00006c1e    00000018     rtsv7M4_T_le_v4SPD16_eabi.lib : strcmp.c.obj (.text:strcmp)
                  00006c36    00000016                                   : strchr.c.obj (.text:strchr)
                  00006c4c    00000014                                   : strcpy.c.obj (.text:strcpy)
                  00006c60    00000014                                   : strlen.c.obj (.text:strlen)
                  00006c74    00000012                                   : wcslen.c.obj (.text:wcslen)
                  00006c86    00000010     driverlib.lib : interrupt.obj (.text:IntMasterEnable)
                  00006c96    00000010     lcd.obj (.text:lcd_clear)
                  00006ca6    0000000e     rtsv7M4_T_le_v4SPD16_eabi.lib : copy_decompress_none.c.obj (.text:decompress:none:__TI_decompress_none)
                  00006cb4    0000000c     driverlib.lib : cpu.obj (.text:CPUcpsie)
                  00006cc0    0000000c     rtsv7M4_T_le_v4SPD16_eabi.lib : copy_zero_init.c.obj (.text:decompress:ZI:__TI_zero_init)
                  00006ccc    0000000c     tm4c123gh6pm_startup_ccs.obj (.text)
                  00006cd8    0000000a     rtsv7M4_T_le_v4SPD16_eabi.lib : sprintf.c.obj (.text:_outc)
                  00006ce2    00000002     --HOLE-- [fill = 0]
                  00006ce4    00000008                                   : errno.c.obj (.text:__aeabi_errno_addr)
                  00006cec    00000008                                   : memory.c.obj (.text:malloc)
                  00006cf4    00000004                                   : pre_init.c.obj (.text:_system_pre_init)
                  00006cf8    00000004                                   : exit.c.obj (.text:abort:abort)

.const     0    00006d00    00000278     
                  00006d00    00000158     rtsv7M4_T_le_v4SPD16_eabi.lib : k_rem_pio2.c.obj (.const:$O1$$)
                  00006e58    00000101                                   : ctype.c.obj (.const:.string:_ctypes_)
                  00006f59    0000000f     open_interface.obj (.const:.string:$P$T0$3)
                  00006f68    00000008     lab7.obj (.const:.string:$P$T0$1)
                  00006f70    00000004     lcd.obj (.const:.string:lineAddress$1)
                  00006f74    00000004     lcd.obj (.const:.string:lineAddresses$2)

.cinit     0    00006f78    00000058     
                  00006f78    0000001f     (.cinit..data.load) [load image, compression = lzss]
                  00006f97    00000001     --HOLE-- [fill = 0]
                  00006f98    0000000c     (__TI_handler_table)
                  00006fa4    00000004     --HOLE-- [fill = 0]
                  00006fa8    00000008     (.cinit..bss.load) [load image, compression = zero_init]
                  00006fb0    00000008     (.cinit..vtable.load) [load image, compression = zero_init]
                  00006fb8    00000018     (__TI_cinit_table)

.init_array 
*          0    00000000    00000000     UNINITIALIZED

.vtable    0    20000000    0000026c     UNINITIALIZED
                  20000000    0000026c     driverlib.lib : interrupt.obj (.vtable)

.stack     0    20000270    00001000     UNINITIALIZED
                  20000270    00000004     rtsv7M4_T_le_v4SPD16_eabi.lib : boot_cortex_m.c.obj (.stack)
                  20000274    00000ffc     --HOLE--

.sysmem    0    20001270    00001000     UNINITIALIZED
                  20001270    00000010     rtsv7M4_T_le_v4SPD16_eabi.lib : memory.c.obj (.sysmem)
                  20001280    00000ff0     --HOLE--

.bss       0    20002270    00000a01     UNINITIALIZED
                  20002270    0000016c     (.common:angles)
                  200023dc    0000016c     (.common:ir_diff)
                  20002548    0000016c     (.common:ir_filtered)
                  200026b4    0000016c     (.common:ir_values)
                  20002820    0000016c     (.common:ping_filtered)
                  2000298c    0000016c     (.common:ping_values)
                  20002af8    000000f0     (.common:objects)
                  20002be8    00000054     lcd.obj (.bss:lastbuffer$3)
                  20002c3c    00000018     open_interface.obj (.bss:firmware$2)
                  20002c54    00000004     (.common:_timeout_ticks)
                  20002c58    00000004     (.common:fallingEdge)
                  20002c5c    00000004     (.common:isr_int_value)
                  20002c60    00000004     (.common:left_calibration_value)
                  20002c64    00000004     (.common:pulseLength)
                  20002c68    00000004     (.common:right_calibration_value)
                  20002c6c    00000004     (.common:risingEdge)
                  20002c70    00000001     (.common:isRisingEdge)

.data      0    20002c74    00000045     UNINITIALIZED
                  20002c74    00000020     open_interface.obj (.data)
                  20002c94    00000008     rtsv7M4_T_le_v4SPD16_eabi.lib : _lock.c.obj (.data:$O1$$)
                  20002c9c    00000008                                   : memory.c.obj (.data:$O1$$)
                  20002ca4    00000008     uart.obj (.data)
                  20002cac    00000004     lab7.obj (.data)
                  20002cb0    00000004     libcybotScan.lib : cyBot_Scan.obj (.data)
                  20002cb4    00000004     rtsv7M4_T_le_v4SPD16_eabi.lib : errno.c.obj (.data)
                  20002cb8    00000001     Timer.obj (.data)

__llvm_prf_cnts 
*          0    20000000    00000000     UNINITIALIZED

MODULE SUMMARY

       Module                         code    ro data   rw data
       ------                         ----    -------   -------
    .\
       lab7.obj                       4408    8         2436   
       open_interface.obj             3128    15        56     
       movement.obj                   2976    0         0      
       lcd.obj                        824     8         84     
       tm4c123gh6pm_startup_ccs.obj   12      620       0      
       Timer.obj                      584     0         5      
       uart.obj                       440     0         8      
    +--+------------------------------+-------+---------+---------+
       Total:                         12372   651       2589   
                                                               
    ../libcybotScan.lib
       cyBot_Scan.obj                 608     0         4      
       ping.obj                       492     0         13     
       servo.obj                      344     0         0      
       ir.obj                         280     0         4      
    +--+------------------------------+-------+---------+---------+
       Total:                         1724    0         21     
                                                               
    C:/ti/TivaWare_C_Series-2.2.0.295/driverlib/ccs/Debug/driverlib.lib
       interrupt.obj                  68      0         620    
       cpu.obj                        12      0         0      
    +--+------------------------------+-------+---------+---------+
       Total:                         80      0         620    
                                                               
    C:\ti\ccs1271\ccs\tools\compiler\ti-cgt-arm_20.2.7.LTS\lib\rtsv7M4_T_le_v4SPD16_eabi.lib
       _printfi.c.obj                 4851    0         0      
       k_rem_pio2.c.obj               1848    344       0      
       s_sin.c.obj                    1504    0         0      
       memory.c.obj                   728     0         8      
       fd_add_t2.asm.obj              438     0         0      
       k_sin.c.obj                    372     0         0      
       k_cos.c.obj                    368     0         0      
       fd_div_t2.asm.obj              310     0         0      
       s_scalbn.c.obj                 272     0         0      
       fd_cmp_t2.asm.obj              268     0         0      
       ctype.c.obj                    0       257       0      
       fd_mul_t2.asm.obj              252     0         0      
       s_floor.c.obj                  248     0         0      
       memcpy_t2.asm.obj              156     0         0      
       ull_div_t2.asm.obj             150     0         0      
       vsnprintf.c.obj                136     0         0      
       memset_t2.asm.obj              122     0         0      
       fd_tos_t2.asm.obj              110     0         0      
       copy_decompress_lzss.c.obj     104     0         0      
       s_frexp.c.obj                  100     0         0      
       sprintf.c.obj                  98      0         0      
       _ltoa.c.obj                    84      0         0      
       atoi.c.obj                     76      0         0      
       fd_toi_t2.asm.obj              72      0         0      
       autoinit.c.obj                 68      0         0      
       fs_tod_t2.asm.obj              56      0         0      
       boot_cortex_m.c.obj            52      0         0      
       i_tofd_t2.asm.obj              46      0         0      
       memccpy.c.obj                  28      0         0      
       s_copysign.c.obj               26      0         0      
       strcmp.c.obj                   24      0         0      
       strchr.c.obj                   22      0         0      
       strcpy.c.obj                   20      0         0      
       strlen.c.obj                   20      0         0      
       wcslen.c.obj                   18      0         0      
       copy_decompress_none.c.obj     14      0         0      
       copy_zero_init.c.obj           12      0         0      
       errno.c.obj                    8       0         4      
       _lock.c.obj                    2       0         8      
       exit.c.obj                     4       0         0      
       pre_init.c.obj                 4       0         0      
       div0.asm.obj                   2       0         0      
    +--+------------------------------+-------+---------+---------+
       Total:                         13093   601       20     
                                                               
       Heap:                          0       0         4096   
       Stack:                         0       0         4096   
       Linker Generated:              0       83        0      
    +--+------------------------------+-------+---------+---------+
       Grand Total:                   27269   1335      11442  


LINKER GENERATED COPY TABLES

__TI_cinit_table @ 00006fb8 records: 3, size/record: 8, table size: 24
	.data: load addr=00006f78, load size=0000001f bytes, run addr=20002c74, run size=00000045 bytes, compression=lzss
	.bss: load addr=00006fa8, load size=00000008 bytes, run addr=20002270, run size=00000a01 bytes, compression=zero_init
	.vtable: load addr=00006fb0, load size=00000008 bytes, run addr=20000000, run size=0000026c bytes, compression=zero_init


LINKER GENERATED HANDLER TABLE

__TI_handler_table @ 00006f98 records: 3, size/record: 4, table size: 12
	index: 0, handler: __TI_zero_init
	index: 1, handler: __TI_decompress_lzss
	index: 2, handler: __TI_decompress_none


GLOBAL SYMBOLS: SORTED ALPHABETICALLY BY Name 

address   name                          
-------   ----                          
00005ca5  ADC0SS0_Handler               
00006cf9  C$$EXIT                       
00006cb5  CPUcpsie                      
00001cfb  GPIOF_Handler                 
00006c87  IntMasterEnable               
00006a95  IntRegister                   
00006ccd  ResetISR                      
00004dfd  TIMER3B_Handler               
000051dd  UART1_Handler                 
20001270  __STACK_END                   
00001000  __STACK_SIZE                  
20000470  __STACK_TOP                   
00001000  __SYSMEM_SIZE                 
00006fb8  __TI_CINIT_Base               
00006fd0  __TI_CINIT_Limit              
00006f98  __TI_Handler_Table_Base       
00006fa4  __TI_Handler_Table_Limit      
00006921  __TI_auto_init_nobinit_nopinit
000066c5  __TI_decompress_lzss          
00006ca7  __TI_decompress_none          
000067e7  __TI_ltoa                     
ffffffff  __TI_pprof_out_hndl           
00002b65  __TI_printfi                  
ffffffff  __TI_prof_data_size           
ffffffff  __TI_prof_data_start          
00000000  __TI_static_base__            
00006cc1  __TI_zero_init                
000063f1  __aeabi_cdcmpeq               
000063f1  __aeabi_cdcmple               
00006477  __aeabi_cdrcmple              
00006657  __aeabi_d2f                   
000068d9  __aeabi_d2iz                  
0000528b  __aeabi_dadd                  
000059b1  __aeabi_ddiv                  
00005f35  __aeabi_dmul                  
00005281  __aeabi_dsub                  
00006ce5  __aeabi_errno_addr            
00006a5d  __aeabi_f2d                   
00006b2d  __aeabi_i2d                   
00005437  __aeabi_idiv0                 
00005437  __aeabi_ldiv0                 
000064fd  __aeabi_memclr                
000064fd  __aeabi_memclr4               
000064fd  __aeabi_memclr8               
000062bf  __aeabi_memcpy                
000062bf  __aeabi_memcpy4               
000062bf  __aeabi_memcpy8               
000064ff  __aeabi_memset                
000064ff  __aeabi_memset4               
000064ff  __aeabi_memset8               
0000635b  __aeabi_uldivmod              
ffffffff  __binit__                     
ffffffff  __c_args__                    
000055ad  __kernel_cos                  
000035b5  __kernel_rem_pio2             
00005439  __kernel_sin                  
UNDEFED   __mpu_init                    
20000270  __stack                       
20000000  __start___llvm_prf_cnts       
20000000  __stop___llvm_prf_cnts        
00006ac9  _c_int00_noargs               
00006e58  _ctypes_                      
20002c94  _lock                         
000035b3  _nop                          
20002cb8  _running                      
20001270  _sys_memory                   
UNDEFED   _system_post_cinit            
00006cf5  _system_pre_init              
20002c54  _timeout_ticks                
20002c98  _unlock                       
00006cf9  abort                         
00005e35  aligned_alloc                 
20002270  angles                        
0000688d  atoi                          
ffffffff  binit                         
00001265  calculate_linear_width        
00006a25  calloc                        
000012df  clear_terminal                
20002ca4  command_byte                  
20002ca8  command_flag                  
00000ac1  compute_ir_diff               
00006bbd  copysign                      
00006bbd  copysignl                     
0000493d  cyBOT_SERVO_cal               
000048cb  cyBOT_Scan                    
00004873  cyBOT_init_Scan               
20002cb0  cyBOT_scan_features           
00004865  cyBOT_scan_version            
00000bdd  detect_objects                
20002cb4  errno                         
20002c58  fallingEdge                   
000023d9  faster_move_forward           
000024ed  faster_turn_left              
0000245d  faster_turn_right             
00000909  filter_sensor_data            
00006031  floor                         
00006031  floorl                        
00006129  free                          
0000672d  frexp                         
0000672d  frexpl                        
20000000  g_pfnRAMVectors               
00000000  g_pfnVectors                  
000006c1  get_angle_array               
00002889  go_around                     
00001ab7  go_charge                     
0000258d  go_to_position                
200023dc  ir_diff                       
00005cbb  ir_enableInterrupt            
20002548  ir_filtered                   
00005c9d  ir_getDistance                
00005c75  ir_getValue                   
00005c0d  ir_init                       
200026b4  ir_values                     
20002c70  isRisingEdge                  
20002c5c  isr_int_value                 
00006c97  lcd_clear                     
000044a1  lcd_gotoLine                  
00004309  lcd_init                      
00004507  lcd_printf                    
000043c9  lcd_putc                      
00004401  lcd_puts                      
000042cd  lcd_reverseNibble             
0000441f  lcd_sendCommand               
0000445d  lcd_sendNibble                
000044c9  lcd_setCursorPos              
00005d25  ldexp                         
00005d25  ldexpl                        
20002c60  left_calibration_value        
0000026d  main                          
00006ced  malloc                        
000009cd  median_of_3_float             
00000a6d  median_of_3_int               
00005e35  memalign                      
00006ba1  memccpy                       
000062bf  memcpy                        
00006505  memset                        
20002c74  motor_cal_factor_L            
20002c78  motor_cal_factor_R            
00002041  move_backward                 
00001fc5  move_forward                  
00002245  move_forward_smart            
000021c5  move_square                   
0000040d  navigate_to_smallest_object   
20002cac  objectCount                   
20002af8  objects                       
000013a5  oi_alloc                      
00001be1  oi_checkFirmware              
000013ff  oi_close                      
000013b1  oi_free                       
00001f25  oi_getMotorCalibrationLeft    
00001f39  oi_getMotorCalibrationRight   
000013e9  oi_init                       
000013c1  oi_init_noupdate              
00001a4d  oi_loadSong                   
00006c07  oi_parseInt                   
00001463  oi_parsePacket                
00001aa3  oi_play_song                  
00001983  oi_setLeds                    
00001ee9  oi_setMotorCalibration        
000019c7  oi_setWheels                  
00001c89  oi_shutoff_init               
00001ac5  oi_uartInit                   
00001b69  oi_uartReceive                
00001baf  oi_uartSendBuff               
00001b4d  oi_uartSendChar               
00001b91  oi_uartSendStr                
00001411  oi_update                     
20002820  ping_filtered                 
00004e4f  ping_getDistance              
00004d0d  ping_init                     
00004d93  ping_trigger                  
2000298c  ping_values                   
20002c64  pulseLength                   
20002c68  right_calibration_value       
20002c6c  risingEdge                    
00005d25  scalbn                        
00005d25  scalbnl                       
0000082f  scan_all_angles               
000012d3  send_uart_string              
0000571d  servo_init                    
000057ad  servo_move                    
0000580d  servo_setPWM                  
000057a1  servo_stop                    
00003ced  sin                           
00003ced  sinl                          
00006965  sprintf                       
00006c37  strchr                        
00006c1f  strcmp                        
00006c4d  strcpy                        
00006c61  strlen                        
00004be3  timer_getMicros               
00004b8b  timer_getMillis               
00004ac5  timer_init                    
00004b67  timer_pause                   
00004b79  timer_resume                  
00004b3d  timer_stop                    
00004c3d  timer_waitMicros              
00004c6f  timer_waitMillis              
00002147  turn_left                     
000020c1  turn_right                    
000050c9  uart_interrupt_init           
00005187  uart_receive                  
0000519b  uart_sendChar                 
000051b7  uart_sendStr                  
000069a5  vsnprintf                     
00006c75  wcslen                        


GLOBAL SYMBOLS: SORTED BY Symbol Address 

address   name                          
-------   ----                          
00000000  __TI_static_base__            
00000000  g_pfnVectors                  
0000026d  main                          
0000040d  navigate_to_smallest_object   
000006c1  get_angle_array               
0000082f  scan_all_angles               
00000909  filter_sensor_data            
000009cd  median_of_3_float             
00000a6d  median_of_3_int               
00000ac1  compute_ir_diff               
00000bdd  detect_objects                
00001000  __STACK_SIZE                  
00001000  __SYSMEM_SIZE                 
00001265  calculate_linear_width        
000012d3  send_uart_string              
000012df  clear_terminal                
000013a5  oi_alloc                      
000013b1  oi_free                       
000013c1  oi_init_noupdate              
000013e9  oi_init                       
000013ff  oi_close                      
00001411  oi_update                     
00001463  oi_parsePacket                
00001983  oi_setLeds                    
000019c7  oi_setWheels                  
00001a4d  oi_loadSong                   
00001aa3  oi_play_song                  
00001ab7  go_charge                     
00001ac5  oi_uartInit                   
00001b4d  oi_uartSendChar               
00001b69  oi_uartReceive                
00001b91  oi_uartSendStr                
00001baf  oi_uartSendBuff               
00001be1  oi_checkFirmware              
00001c89  oi_shutoff_init               
00001cfb  GPIOF_Handler                 
00001ee9  oi_setMotorCalibration        
00001f25  oi_getMotorCalibrationLeft    
00001f39  oi_getMotorCalibrationRight   
00001fc5  move_forward                  
00002041  move_backward                 
000020c1  turn_right                    
00002147  turn_left                     
000021c5  move_square                   
00002245  move_forward_smart            
000023d9  faster_move_forward           
0000245d  faster_turn_right             
000024ed  faster_turn_left              
0000258d  go_to_position                
00002889  go_around                     
00002b65  __TI_printfi                  
000035b3  _nop                          
000035b5  __kernel_rem_pio2             
00003ced  sin                           
00003ced  sinl                          
000042cd  lcd_reverseNibble             
00004309  lcd_init                      
000043c9  lcd_putc                      
00004401  lcd_puts                      
0000441f  lcd_sendCommand               
0000445d  lcd_sendNibble                
000044a1  lcd_gotoLine                  
000044c9  lcd_setCursorPos              
00004507  lcd_printf                    
00004865  cyBOT_scan_version            
00004873  cyBOT_init_Scan               
000048cb  cyBOT_Scan                    
0000493d  cyBOT_SERVO_cal               
00004ac5  timer_init                    
00004b3d  timer_stop                    
00004b67  timer_pause                   
00004b79  timer_resume                  
00004b8b  timer_getMillis               
00004be3  timer_getMicros               
00004c3d  timer_waitMicros              
00004c6f  timer_waitMillis              
00004d0d  ping_init                     
00004d93  ping_trigger                  
00004dfd  TIMER3B_Handler               
00004e4f  ping_getDistance              
000050c9  uart_interrupt_init           
00005187  uart_receive                  
0000519b  uart_sendChar                 
000051b7  uart_sendStr                  
000051dd  UART1_Handler                 
00005281  __aeabi_dsub                  
0000528b  __aeabi_dadd                  
00005437  __aeabi_idiv0                 
00005437  __aeabi_ldiv0                 
00005439  __kernel_sin                  
000055ad  __kernel_cos                  
0000571d  servo_init                    
000057a1  servo_stop                    
000057ad  servo_move                    
0000580d  servo_setPWM                  
000059b1  __aeabi_ddiv                  
00005c0d  ir_init                       
00005c75  ir_getValue                   
00005c9d  ir_getDistance                
00005ca5  ADC0SS0_Handler               
00005cbb  ir_enableInterrupt            
00005d25  ldexp                         
00005d25  ldexpl                        
00005d25  scalbn                        
00005d25  scalbnl                       
00005e35  aligned_alloc                 
00005e35  memalign                      
00005f35  __aeabi_dmul                  
00006031  floor                         
00006031  floorl                        
00006129  free                          
000062bf  __aeabi_memcpy                
000062bf  __aeabi_memcpy4               
000062bf  __aeabi_memcpy8               
000062bf  memcpy                        
0000635b  __aeabi_uldivmod              
000063f1  __aeabi_cdcmpeq               
000063f1  __aeabi_cdcmple               
00006477  __aeabi_cdrcmple              
000064fd  __aeabi_memclr                
000064fd  __aeabi_memclr4               
000064fd  __aeabi_memclr8               
000064ff  __aeabi_memset                
000064ff  __aeabi_memset4               
000064ff  __aeabi_memset8               
00006505  memset                        
00006657  __aeabi_d2f                   
000066c5  __TI_decompress_lzss          
0000672d  frexp                         
0000672d  frexpl                        
000067e7  __TI_ltoa                     
0000688d  atoi                          
000068d9  __aeabi_d2iz                  
00006921  __TI_auto_init_nobinit_nopinit
00006965  sprintf                       
000069a5  vsnprintf                     
00006a25  calloc                        
00006a5d  __aeabi_f2d                   
00006a95  IntRegister                   
00006ac9  _c_int00_noargs               
00006b2d  __aeabi_i2d                   
00006ba1  memccpy                       
00006bbd  copysign                      
00006bbd  copysignl                     
00006c07  oi_parseInt                   
00006c1f  strcmp                        
00006c37  strchr                        
00006c4d  strcpy                        
00006c61  strlen                        
00006c75  wcslen                        
00006c87  IntMasterEnable               
00006c97  lcd_clear                     
00006ca7  __TI_decompress_none          
00006cb5  CPUcpsie                      
00006cc1  __TI_zero_init                
00006ccd  ResetISR                      
00006ce5  __aeabi_errno_addr            
00006ced  malloc                        
00006cf5  _system_pre_init              
00006cf9  C$$EXIT                       
00006cf9  abort                         
00006e58  _ctypes_                      
00006f98  __TI_Handler_Table_Base       
00006fa4  __TI_Handler_Table_Limit      
00006fb8  __TI_CINIT_Base               
00006fd0  __TI_CINIT_Limit              
20000000  __start___llvm_prf_cnts       
20000000  __stop___llvm_prf_cnts        
20000000  g_pfnRAMVectors               
20000270  __stack                       
20000470  __STACK_TOP                   
20001270  __STACK_END                   
20001270  _sys_memory                   
20002270  angles                        
200023dc  ir_diff                       
20002548  ir_filtered                   
200026b4  ir_values                     
20002820  ping_filtered                 
2000298c  ping_values                   
20002af8  objects                       
20002c54  _timeout_ticks                
20002c58  fallingEdge                   
20002c5c  isr_int_value                 
20002c60  left_calibration_value        
20002c64  pulseLength                   
20002c68  right_calibration_value       
20002c6c  risingEdge                    
20002c70  isRisingEdge                  
20002c74  motor_cal_factor_L            
20002c78  motor_cal_factor_R            
20002c94  _lock                         
20002c98  _unlock                       
20002ca4  command_byte                  
20002ca8  command_flag                  
20002cac  objectCount                   
20002cb0  cyBOT_scan_features           
20002cb4  errno                         
20002cb8  _running                      
ffffffff  __TI_pprof_out_hndl           
ffffffff  __TI_prof_data_size           
ffffffff  __TI_prof_data_start          
ffffffff  __binit__                     
ffffffff  __c_args__                    
ffffffff  binit                         
UNDEFED   __mpu_init                    
UNDEFED   _system_post_cinit            

[206 symbols]
