
**** Build of configuration Debug for project calibration ****

"C:\\ti\\ccs1271\\ccs\\utils\\bin\\gmake" -k -j 24 all -O 
 
Building file: "../button.c"
Invoking: Arm Compiler
"C:/ti/ccs1271/ccs/tools/compiler/ti-cgt-arm_20.2.7.LTS/bin/armcl" -mv7M4 --code_state=16 --float_support=FPv4SPD16 -me --include_path="U:/CprE288Workspace/calibration" --include_path="C:/ti/TivaWare_C_Series-2.2.0.295" --include_path="C:/ti/ccs1271/ccs/tools/compiler/ti-cgt-arm_20.2.7.LTS/include" --define=ccs="ccs" --define=PART_TM4C123GH6PM -g --gcc --diag_warning=225 --diag_wrap=off --display_error_number --abi=eabi --preproc_with_compile --preproc_dependency="button.d_raw"  "../button.c"
 
>> Compilation failure
subdir_rules.mk:9: recipe for target 'button.obj' failed
"../button.c", line 64: warning #1181-D: #warning directive: : "Unimplemented function: void init_button_interrupts() -- You must configure GPIO to detect interrupts" // delete warning after implementing
"../button.c", line 86: warning #1181-D: #warning directive: : "Unimplemented function: void init_button_interrupts() -- You must configure interrupts" // delete warning after implementing
"../button.c", line 92: error #167: too few arguments in function call
"../button.c", line 117: warning #1181-D: #warning directive: "Unimplemented function: uint8_t button_getButton(void)"	// delete warning after implementing
"../button.c", line 151: warning #552-D: variable "highestPushed" was set but never used
1 error detected in the compilation of "../button.c".
gmake: *** [button.obj] Error 1
Building file: "../main.c"
Invoking: Arm Compiler
"C:/ti/ccs1271/ccs/tools/compiler/ti-cgt-arm_20.2.7.LTS/bin/armcl" -mv7M4 --code_state=16 --float_support=FPv4SPD16 -me --include_path="U:/CprE288Workspace/calibration" --include_path="C:/ti/TivaWare_C_Series-2.2.0.295" --include_path="C:/ti/ccs1271/ccs/tools/compiler/ti-cgt-arm_20.2.7.LTS/include" --define=ccs="ccs" --define=PART_TM4C123GH6PM -g --gcc --diag_warning=225 --diag_wrap=off --display_error_number --abi=eabi --preproc_with_compile --preproc_dependency="main.d_raw"  "../main.c"
 
>> Compilation failure
subdir_rules.mk:9: recipe for target 'main.obj' failed
"../main.c", line 13: error #148: declaration is incompatible with "volatile int flag" (declared at line 21 of "..\uart.h")
1 error detected in the compilation of "../main.c".
gmake: *** [main.obj] Error 1
Building file: "../uart.c"
Invoking: Arm Compiler
"C:/ti/ccs1271/ccs/tools/compiler/ti-cgt-arm_20.2.7.LTS/bin/armcl" -mv7M4 --code_state=16 --float_support=FPv4SPD16 -me --include_path="U:/CprE288Workspace/calibration" --include_path="C:/ti/TivaWare_C_Series-2.2.0.295" --include_path="C:/ti/ccs1271/ccs/tools/compiler/ti-cgt-arm_20.2.7.LTS/include" --define=ccs="ccs" --define=PART_TM4C123GH6PM -g --gcc --diag_warning=225 --diag_wrap=off --display_error_number --abi=eabi --preproc_with_compile --preproc_dependency="uart.d_raw"  "../uart.c"
 
>> Compilation failure
subdir_rules.mk:9: recipe for target 'uart.obj' failed
"../uart.c", line 12: error #148: declaration is incompatible with "volatile int flag" (declared at line 21 of "..\uart.h")
"../uart.c", line 25: warning #552-D: variable "fbrd" was set but never used
"../uart.c", line 26: warning #552-D: variable "ibrd" was set but never used
1 error detected in the compilation of "../uart.c".
gmake: *** [uart.obj] Error 1
gmake: Target 'all' not remade because of errors.

**** Build Finished ****
